Product: MDK-ARM Professional 5.10
Component: ARM Compiler 5.04 update 1 (build 49)
Tool: armlink [5040049]

==============================================================================

Section Cross References

    main.o(.text) refers to stm32f10x_rcc.o(.text) for RCC_DeInit
    main.o(.text) refers to stm32f10x_flash.o(.text) for FLASH_PrefetchBufferCmd
    main.o(.text) refers to misc.o(.text) for NVIC_SetVectorTable
    main.o(.text) refers to systick_delay.o(.text) for Delay_Init
    main.o(.text) refers to buzzer.o(.text) for iBUZZER_Init
    main.o(.text) refers to pwercheck.o(.text) for vPower_Init
    main.o(.text) refers to display.o(.text) for Display_Init
    main.o(.text) refers to msd.o(.text) for MSD_Init
    main.o(.text) refers to roc_personalfont.o(.text) for vLCD_PowerON
    main.o(.text) refers to z8d256.o(.text) for vZ8D256_Init
    main.o(.text) refers to an_adc.o(.text) for AN_ADC_Init
    main.o(.text) refers to bluetooth.o(.text) for vBluetooth_Init
    main.o(.text) refers to mscard_pa1100.o(.text) for MSR_vInit
    main.o(.text) refers to hal_7816.o(.text) for vPBOC_7816_Init
    main.o(.text) refers to irom.o(.text) for IROM_Read
    main.o(.text) refers to uart_simulation.o(.text) for HAL_GPUartInit
    main.o(.text) refers to vectortable.o(.text) for vFactory_Init
    main.o(.text) refers to hw_config.o(.text) for Set_USBClock
    main.o(.text) refers to usb_init.o(.text) for USB_Init
    main.o(.text) refers to rc523.o(.text) for vRC523_Init
    main.o(.text) refers to nfc_main.o(.text) for NFC_FieldOff
    main.o(.text) refers to app_parameters.o(.text) for Device_Init
    main.o(.text) refers to stm32f10x_iwdg.o(.text) for IWDG_ReloadCounter
    main.o(.text) refers to up_mpos_cmd.o(.bss) for g_sCardReaderInfo
    main.o(.text) refers to vectortable.o(.data) for g_uiTime100ms_LCDOff_PowerOff
    stm32f10x_it.o(.text) refers to display.o(.text) for HAL_DISP_SET
    stm32f10x_it.o(.text) refers to stm32f10x_bkp.o(.text) for BKP_GetITStatus
    stm32f10x_it.o(.text) refers to stm32f10x_usart.o(.text) for USART_GetFlagStatus
    stm32f10x_it.o(.text) refers to rt_memclr.o(.text) for __aeabi_memclr
    stm32f10x_it.o(.text) refers to bluetooth.o(.text) for eBluetooth_RecvAndAnalyze
    stm32f10x_it.o(.text) refers to stm32f10x_tim.o(.text) for TIM_GetITStatus
    stm32f10x_it.o(.text) refers to stm32f10x_gpio.o(.text) for GPIO_ReadInputDataBit
    stm32f10x_it.o(.text) refers to pwercheck.o(.text) for Power_OFF
    stm32f10x_it.o(.text) refers to usb_istr.o(.text) for USB_Istr
    stm32f10x_it.o(.text) refers to stm32f10x_exti.o(.text) for EXTI_ClearITPendingBit
    stm32f10x_it.o(.text) refers to uart_simulation.o(.text) for HAL_GPUart_Rev
    stm32f10x_it.o(.text) refers to tamper.o(.data) for g_Tamper_Flag
    stm32f10x_it.o(.text) refers to bluetooth.o(.bss) for g_ucbBluetoothBuf
    stm32f10x_it.o(.text) refers to bluetooth.o(.data) for g_eBluetoothRecvStatus
    stm32f10x_it.o(.text) refers to vectortable.o(.data) for g_uiTime100ms_LCDOff_PowerOff
    stm32f10x_it.o(.text) refers to pwercheck.o(.data) for g_PWRKeyFlag
    stm32f10x_it.o(.text) refers to mscard_pa1100.o(.data) for MSR_ub100msTickDownCntTimeToReceiveBufferReadySignal
    stm32f10x_it.o(.text) refers to uart_simulation.o(.bss) for GP_UART_BUF
    stm32f10x_it.o(.text) refers to uart_simulation.o(.data) for GP_UART_STATE
    vectortable.o(.text) refers to bluetooth.o(.text) for eBluetooth_GetBluetoothState
    vectortable.o(.text) refers to lcd_gui.o(.text) for vLCD_ClearWorkPlace2345
    vectortable.o(.text) refers to roc_personalfont.o(.text) for vLCD_ShowBluetoothIcon
    vectortable.o(.text) refers to an_adc.o(.text) for AN_ADC_GetCellVoltageAndElectric
    vectortable.o(.text) refers to display.o(.text) for DispalyPower
    vectortable.o(.text) refers to systick_delay.o(.text) for Delay_ms
    vectortable.o(.text) refers to pwercheck.o(.text) for Power_OFF
    vectortable.o(.text) refers to key.o(.text) for ucKey_Scan
    vectortable.o(.text) refers to up_mpos_cmd.o(.text) for iCMD0304_PToU_SendCardReaderStatus
    vectortable.o(.text) refers to app_parameters.o(.text) for Input_DeviceSerialNO
    vectortable.o(.text) refers to memcmp.o(.text) for memcmp
    vectortable.o(.text) refers to irom.o(.text) for IROM_Write
    vectortable.o(.text) refers to up_mpos_cmd.o(.data) for g_UpdateFlag
    vectortable.o(.text) refers to bluetooth.o(.data) for g_BluetoothDateIN
    vectortable.o(.text) refers to vectortable.o(.data) for g_uiTime100ms_LCDShow
    vectortable.o(.text) refers to up_mpos_cmd.o(.bss) for g_sCardReaderInfo
    vectortable.o(.text) refers to bluetooth.o(.bss) for g_sBluetoothMessage
    vectortable.o(.text) refers to mscard_pa1100.o(.data) for MSR_ucTrack2Len
    vectortable.o(.text) refers to mscard_pa1100.o(.bss) for MSR_ucTrack2Buf
    vectortable.o(.text) refers to pboc_var.o(.text) for vPBOC_Init
    vectortable.o(.text) refers to app_pboc.o(.text) for CheckCardState
[...]
    phbalReg_Stub_GetConfig                  0x0801f33b   Thumb Code    12  phbalreg_stub.o(.text)
    phhalHw_Exchange                         0x0801f347   Thumb Code    56  phhalhw.o(.text)
    phhalHw_WriteRegister                    0x0801f37f   Thumb Code    44  phhalhw.o(.text)
    phhalHw_ReadRegister                     0x0801f3ab   Thumb Code    44  phhalhw.o(.text)
    phhalHw_ApplyProtocolSettings            0x0801f3d7   Thumb Code    36  phhalhw.o(.text)
    phhalHw_SetConfig                        0x0801f3fb   Thumb Code    44  phhalhw.o(.text)
    phhalHw_MfcAuthenticateKeyNo             0x0801f427   Thumb Code    74  phhalhw.o(.text)
    phhalHw_MfcAuthenticate                  0x0801f471   Thumb Code    74  phhalhw.o(.text)
    phhalHw_GetConfig                        0x0801f4bb   Thumb Code    62  phhalhw.o(.text)
    phhalHw_FieldOn                          0x0801f4f9   Thumb Code    50  phhalhw.o(.text)
    phhalHw_FieldOff                         0x0801f52b   Thumb Code    50  phhalhw.o(.text)
    phhalHw_FieldReset                       0x0801f55d   Thumb Code    32  phhalhw.o(.text)
    phhalHw_Wait                             0x0801f57d   Thumb Code    62  phhalhw.o(.text)
    phhalHw_Rc523_Reset                      0x0801f5bd   Thumb Code     2  phhalhw_rc523.o(.text)
    phhalHw_Rc523_Init                       0x0801f5bf   Thumb Code   128  phhalhw_rc523.o(.text)
    phhalHw_Rc523_WriteRegister              0x0801f63f   Thumb Code   134  phhalhw_rc523.o(.text)
    phhalHw_Rc523_Exchange                   0x0801f6c5   Thumb Code   346  phhalhw_rc523.o(.text)
    phhalHw_Rc523_ReadRegister               0x0801f81f   Thumb Code   168  phhalhw_rc523.o(.text)
    phhalHw_Rc523_SetConfig                  0x0801f8c7   Thumb Code  1978  phhalhw_rc523.o(.text)
    phhalHw_Rc523_ApplyProtocolSettings      0x08020081   Thumb Code   934  phhalhw_rc523.o(.text)
    phhalHw_Rc523_GetConfig                  0x08020427   Thumb Code   792  phhalhw_rc523.o(.text)
    phhalHw_Rc523_FieldOn                    0x0802073f   Thumb Code    70  phhalhw_rc523.o(.text)
    phhalHw_Rc523_FieldOff                   0x08020785   Thumb Code    56  phhalhw_rc523.o(.text)
    phhalHw_Rc523_Wait                       0x080207bd   Thumb Code   396  phhalhw_rc523.o(.text)
    phhalHw_Rc523_FieldReset                 0x08020949   Thumb Code    88  phhalhw_rc523.o(.text)
    phhalHw_Rc523_MfcAuthenticateKeyNo       0x080209a1   Thumb Code    14  phhalhw_rc523.o(.text)
    phhalHw_Rc523_MfcAuthenticate            0x080209af   Thumb Code   338  phhalhw_rc523.o(.text)
    phhalHw_Rc523_Cmd_Mem                    0x08020b01   Thumb Code   470  phhalhw_rc523_cmd.o(.text)
    phhalHw_Rc523_Cmd_Config                 0x08020cd7   Thumb Code    74  phhalhw_rc523_cmd.o(.text)
    phhalHw_Rc523_Cmd_GenerateRandomId       0x08020d21   Thumb Code    56  phhalhw_rc523_cmd.o(.text)
    phhalHw_Rc523_Cmd_CalcCrc                0x08020d59   Thumb Code   384  phhalhw_rc523_cmd.o(.text)
    phhalHw_Rc523_Cmd_Transmit               0x08020ed9   Thumb Code   366  phhalhw_rc523_cmd.o(.text)
    phhalHw_Rc523_Cmd_Receive                0x08021047   Thumb Code   312  phhalhw_rc523_cmd.o(.text)
    phhalHw_Rc523_Cmd_Autocoll               0x0802117f   Thumb Code   576  phhalhw_rc523_cmd.o(.text)
    phhalHw_Rc523_Cmd_SoftReset              0x080213bf   Thumb Code    62  phhalhw_rc523_cmd.o(.text)
    phhalHw_Rc523_WriteData                  0x080213fd   Thumb Code   128  phhalhw_rc523_int.o(.text)
    phhalHw_Rc523_WriteFifo                  0x0802147d   Thumb Code   112  phhalhw_rc523_int.o(.text)
    phhalHw_Rc523_FlushFifo                  0x080214ed   Thumb Code    16  phhalhw_rc523_int.o(.text)
    phhalHw_Rc523_ReadData                   0x080214fd   Thumb Code   128  phhalhw_rc523_int.o(.text)
    phhalHw_Rc523_ReadFifo                   0x0802157d   Thumb Code   122  phhalhw_rc523_int.o(.text)
    phhalHw_Rc523_GetRxBuffer                0x080215f7   Thumb Code   160  phhalhw_rc523_int.o(.text)
    phhalHw_Rc523_GetTxBuffer                0x08021697   Thumb Code    80  phhalhw_rc523_int.o(.text)
    phhalHw_Rc523_ExchangeTransmit           0x080216e7   Thumb Code   572  phhalhw_rc523_int.o(.text)
    phhalHw_Rc523_GetFdt                     0x08021923   Thumb Code   390  phhalhw_rc523_int.o(.text)
    phhalHw_Rc523_ExchangeReceive            0x08021aa9   Thumb Code   768  phhalhw_rc523_int.o(.text)
    phhalHw_Rc523_SetFdt                     0x08021da9   Thumb Code   490  phhalhw_rc523_int.o(.text)
    phhalHw_Rc523_WaitIrq                    0x08021fa5   Thumb Code   280  phhalhw_rc523_wait.o(.text)
    phpalI14443p3a_RequestA                  0x080220bd   Thumb Code    36  phpali14443p3a.o(.text)
    phpalI14443p3a_WakeUpA                   0x080220e1   Thumb Code    54  phpali14443p3a.o(.text)
    phpalI14443p3a_HaltA                     0x08022117   Thumb Code    50  phpali14443p3a.o(.text)
    phpalI14443p3a_Anticollision             0x08022149   Thumb Code    74  phpali14443p3a.o(.text)
    phpalI14443p3a_Select                    0x08022193   Thumb Code    66  phpali14443p3a.o(.text)
    phpalI14443p3a_ActivateCard              0x080221d5   Thumb Code    60  phpali14443p3a.o(.text)
    phpalI14443p3a_Exchange                  0x08022211   Thumb Code    74  phpali14443p3a.o(.text)
    phpalI14443p3a_GetSerialNo               0x0802225b   Thumb Code    62  phpali14443p3a.o(.text)
    phpalI14443p3a_Sw_Init                   0x08022299   Thumb Code    30  phpali14443p3a_sw.o(.text)
    phpalI14443p3a_Sw_RequestAEx             0x080222b7   Thumb Code   186  phpali14443p3a_sw.o(.text)
    phpalI14443p3a_Sw_RequestA               0x08022371   Thumb Code    18  phpali14443p3a_sw.o(.text)
    phpalI14443p3a_Sw_WakeUpA                0x08022383   Thumb Code    18  phpali14443p3a_sw.o(.text)
    phpalI14443p3a_Sw_HaltA                  0x08022395   Thumb Code   120  phpali14443p3a_sw.o(.text)
    phpalI14443p3a_Sw_Anticollision          0x0802240d   Thumb Code   878  phpali14443p3a_sw.o(.text)
    phpalI14443p3a_Sw_Select                 0x0802277b   Thumb Code    30  phpali14443p3a_sw.o(.text)
    phpalI14443p3a_Sw_ActivateCard           0x08022799   Thumb Code   442  phpali14443p3a_sw.o(.text)
    phpalI14443p3a_Sw_Exchange               0x08022953   Thumb Code    36  phpali14443p3a_sw.o(.text)
    phpalI14443p3a_Sw_GetSerialNo            0x08022977   Thumb Code    38  phpali14443p3a_sw.o(.text)
    phpalI14443p3b_SetConfig                 0x0802299d   Thumb Code    62  phpali14443p3b.o(.text)
    phpalI14443p3b_GetConfig                 0x080229db   Thumb Code    62  phpali14443p3b.o(.text)
    phpalI14443p3b_RequestB                  0x08022a19   Thumb Code    74  phpali14443p3b.o(.text)
    phpalI14443p3b_WakeUpB                   0x08022a63   Thumb Code    74  phpali14443p3b.o(.text)
    phpalI14443p3b_SlotMarker                0x08022aad   Thumb Code    66  phpali14443p3b.o(.text)
    phpalI14443p3b_HaltB                     0x08022aef   Thumb Code    50  phpali14443p3b.o(.text)
    phpalI14443p3b_Attrib                    0x08022b21   Thumb Code    80  phpali14443p3b.o(.text)
    phpalI14443p3b_ActivateCard              0x08022b71   Thumb Code    94  phpali14443p3b.o(.text)
    phpalI14443p3b_Exchange                  0x08022bcf   Thumb Code    74  phpali14443p3b.o(.text)
    phpalI14443p3b_GetSerialNo               0x08022c19   Thumb Code    54  phpali14443p3b.o(.text)
    phpalI14443p3b_SetHigherLayerInf         0x08022c4f   Thumb Code    74  phpali14443p3b.o(.text)
    phpalI14443p3b_GetHigherLayerResp        0x08022c99   Thumb Code    62  phpali14443p3b.o(.text)
    phpalI14443p3b_GetProtocolParams         0x08022cd7   Thumb Code    78  phpali14443p3b.o(.text)
    phpalI14443p3b_Sw_Init                   0x08022d25   Thumb Code    64  phpali14443p3b_sw.o(.text)
    phpalI14443p3b_Sw_SetConfig              0x08022d65   Thumb Code    20  phpali14443p3b_sw.o(.text)
    phpalI14443p3b_Sw_GetConfig              0x08022d79   Thumb Code    22  phpali14443p3b_sw.o(.text)
    phpalI14443p3b_Sw_CheckATQBEx            0x08022d8f   Thumb Code   110  phpali14443p3b_sw.o(.text)
    phpalI14443p3b_Sw_RequestBEx             0x08022dfd   Thumb Code   158  phpali14443p3b_sw.o(.text)
    phpalI14443p3b_Sw_RequestB               0x08022e9b   Thumb Code    36  phpali14443p3b_sw.o(.text)
    phpalI14443p3b_Sw_WakeUpB                0x08022ebf   Thumb Code    36  phpali14443p3b_sw.o(.text)
    phpalI14443p3b_Sw_SlotMarker             0x08022ee3   Thumb Code    94  phpali14443p3b_sw.o(.text)
    phpalI14443p3b_Sw_HaltB                  0x08022f41   Thumb Code    98  phpali14443p3b_sw.o(.text)
    phpalI14443p3b_Sw_SetReaderBaudRateEx    0x08022fa3   Thumb Code   132  phpali14443p3b_sw.o(.text)
    phpalI14443p3b_Sw_Attrib                 0x08023027   Thumb Code   704  phpali14443p3b_sw.o(.text)
    phpalI14443p3b_Sw_DecideBaudRateEx       0x080232e7   Thumb Code   320  phpali14443p3b_sw.o(.text)
    phpalI14443p3b_Sw_ActivateCard           0x08023427   Thumb Code   552  phpali14443p3b_sw.o(.text)
    phpalI14443p3b_Sw_Exchange               0x0802364f   Thumb Code    36  phpali14443p3b_sw.o(.text)
    phpalI14443p3b_Sw_GetSerialNo            0x08023673   Thumb Code    22  phpali14443p3b_sw.o(.text)
    phpalI14443p3b_Sw_SetHigherLayerInf      0x08023689   Thumb Code    18  phpali14443p3b_sw.o(.text)
    phpalI14443p3b_Sw_GetHigherLayerResp     0x0802369b   Thumb Code    14  phpali14443p3b_sw.o(.text)
    phpalI14443p3b_Sw_GetProtocolParams      0x080236a9   Thumb Code    36  phpali14443p3b_sw.o(.text)
    phpalI14443p4_SetProtocol                0x080236cd   Thumb Code    80  phpali14443p4.o(.text)
    phpalI14443p4_ResetProtocol              0x0802371d   Thumb Code    50  phpali14443p4.o(.text)
    phpalI14443p4_Deselect                   0x0802374f   Thumb Code    50  phpali14443p4.o(.text)
    phpalI14443p4_PresCheck                  0x08023781   Thumb Code    50  phpali14443p4.o(.text)
    phpalI14443p4_Exchange                   0x080237b3   Thumb Code    74  phpali14443p4.o(.text)
    phpalI14443p4_SetConfig                  0x080237fd   Thumb Code    62  phpali14443p4.o(.text)
    phpalI14443p4_GetConfig                  0x0802383b   Thumb Code    62  phpali14443p4.o(.text)
    phpalI14443p4_Sw_ResetProtocol           0x08023879   Thumb Code    36  phpali14443p4_sw.o(.text)
    phpalI14443p4_Sw_Init                    0x0802389d   Thumb Code    32  phpali14443p4_sw.o(.text)
    phpalI14443p4_Sw_SetProtocol             0x080238bd   Thumb Code    58  phpali14443p4_sw.o(.text)
    phpalI14443p4_Sw_BuildSBlock             0x080238f7   Thumb Code    62  phpali14443p4_sw.o(.text)
    phpalI14443p4_Sw_Deselect                0x08023935   Thumb Code   236  phpali14443p4_sw.o(.text)
    phpalI14443p4_Sw_IsValidRBlock           0x08023a21   Thumb Code    80  phpali14443p4_sw.o(.text)
    phpalI14443p4_Sw_BuildRBlock             0x08023a71   Thumb Code    50  phpali14443p4_sw.o(.text)
    phpalI14443p4_Sw_PresCheck               0x08023aa3   Thumb Code   130  phpali14443p4_sw.o(.text)
    phpalI14443p4_Sw_IsValidSBlock           0x08023b25   Thumb Code   102  phpali14443p4_sw.o(.text)
    phpalI14443p4_Sw_IsValidIBlock           0x08023b8b   Thumb Code   124  phpali14443p4_sw.o(.text)
    phpalI14443p4_Sw_IsoHandling             0x08023c07   Thumb Code   972  phpali14443p4_sw.o(.text)
    phpalI14443p4_Sw_BuildIBlock             0x08023fd3   Thumb Code    92  phpali14443p4_sw.o(.text)
    phpalI14443p4_Sw_Exchange                0x0802402f   Thumb Code  1252  phpali14443p4_sw.o(.text)
    phpalI14443p4_Sw_SetConfig               0x08024513   Thumb Code   144  phpali14443p4_sw.o(.text)
    phpalI14443p4_Sw_GetConfig               0x080245a3   Thumb Code   114  phpali14443p4_sw.o(.text)
    phpalI14443p4a_Rats                      0x08024615   Thumb Code    66  phpali14443p4a.o(.text)
    phpalI14443p4a_Pps                       0x08024657   Thumb Code    62  phpali14443p4a.o(.text)
    phpalI14443p4a_ActivateCard              0x08024695   Thumb Code    74  phpali14443p4a.o(.text)
    phpalI14443p4a_GetProtocolParams         0x080246df   Thumb Code    78  phpali14443p4a.o(.text)
    phpalI14443p4a_Sw_Init                   0x0802472d   Thumb Code    50  phpali14443p4a_sw.o(.text)
    phpalI14443p4a_Sw_Rats                   0x0802475f   Thumb Code   834  phpali14443p4a_sw.o(.text)
    phpalI14443p4a_Sw_Pps                    0x08024aa1   Thumb Code   266  phpali14443p4a_sw.o(.text)
    phpalI14443p4a_Sw_ActivateCard           0x08024bab   Thumb Code   128  phpali14443p4a_sw.o(.text)
    phpalI14443p4a_Sw_GetProtocolParams      0x08024c2b   Thumb Code    36  phpali14443p4a_sw.o(.text)
    RegCtl_SpiHwInit                         0x08024c51   Thumb Code     2  regctl_spihw.o(.text)
    RegCtl_SpiHwGetReg                       0x08024c53   Thumb Code    38  regctl_spihw.o(.text)
    RegCtl_SpiHwSetReg                       0x08024c79   Thumb Code    38  regctl_spihw.o(.text)
    RegCtl_SpiHwModReg                       0x08024c9f   Thumb Code    54  regctl_spihw.o(.text)
    RegCtl_SpiHwSetMultiData                 0x08024cd5   Thumb Code    42  regctl_spihw.o(.text)
    RegCtl_SpiHwGetMultiData                 0x08024cff   Thumb Code     4  regctl_spihw.o(.text)
    NFC_Delay_us                             0x08024d09   Thumb Code    12  nfc_main.o(.text)
    NFC_Delay_ms                             0x08024d15   Thumb Code    12  nfc_main.o(.text)
    RC523_Init                               0x08024d21   Thumb Code   234  nfc_main.o(.text)
    SendHaltA                                0x08024e0b   Thumb Code    10  nfc_main.o(.text)
    SendWupA                                 0x08024e15   Thumb Code    18  nfc_main.o(.text)
    Polling_TypeA                            0x08024e27   Thumb Code    54  nfc_main.o(.text)
    SendWupB                                 0x08024e5d   Thumb Code    34  nfc_main.o(.text)
    Polling_TypeB                            0x08024e7f   Thumb Code    36  nfc_main.o(.text)
    SendRats                                 0x08024ea3   Thumb Code    68  nfc_main.o(.text)
    Select_TypeA                             0x08024ee7   Thumb Code    58  nfc_main.o(.text)
    Activation_TypeA                         0x08024f21   Thumb Code   120  nfc_main.o(.text)
    Activation_TypeB                         0x08024f99   Thumb Code   138  nfc_main.o(.text)
    SendCarrier                              0x08025023   Thumb Code    24  nfc_main.o(.text)
    NFC_Reset                                0x0802503b   Thumb Code    32  nfc_main.o(.text)
    PollPICC                                 0x0802505b   Thumb Code   276  nfc_main.o(.text)
    ResetPICC                                0x0802516f   Thumb Code    64  nfc_main.o(.text)
    NFC_SendAPDU                             0x080251af   Thumb Code    64  nfc_main.o(.text)
    NFC_Card_APDU                            0x080251ef   Thumb Code   166  nfc_main.o(.text)
    NFC_Deselect                             0x08025295   Thumb Code    10  nfc_main.o(.text)
    NFC_CheckCard                            0x0802529f   Thumb Code    10  nfc_main.o(.text)
    NFC_RemovalProcess                       0x080252a9   Thumb Code   134  nfc_main.o(.text)
    NFC_SendWUPA                             0x0802532f   Thumb Code    36  nfc_main.o(.text)
    NFC_SendWUPB                             0x08025353   Thumb Code    34  nfc_main.o(.text)
    NFC_SendRATS                             0x08025375   Thumb Code   178  nfc_main.o(.text)
    NFC_SendAttrib                           0x08025427   Thumb Code   232  nfc_main.o(.text)
    NFC_FieldOff                             0x0802550f   Thumb Code    12  nfc_main.o(.text)
    NFC_FieldOn                              0x0802551b   Thumb Code    12  nfc_main.o(.text)
    RC523_GPIO_Config                        0x08025551   Thumb Code    92  rc523.o(.text)
    RC523_SPI_Config                         0x080255ad   Thumb Code    96  rc523.o(.text)
    vRC523_Init                              0x0802560d   Thumb Code    12  rc523.o(.text)
    RC523_SPI_SendByte                       0x08025619   Thumb Code    50  rc523.o(.text)
    RC523_SPI_ReadByte                       0x0802564b   Thumb Code    50  rc523.o(.text)
    RC_TEST                                  0x0802567d   Thumb Code    30  rc523.o(.text)
    INPutAmount                              0x080256a9   Thumb Code     6  app_qpboc_pay.o(.text)
    AffirmAmount                             0x080256af   Thumb Code     4  app_qpboc_pay.o(.text)
    qPBOC_CheckCard                          0x080256b3   Thumb Code     4  app_qpboc_pay.o(.text)
    App_qPBOC_Init                           0x080256b7   Thumb Code   106  app_qpboc_pay.o(.text)
    SelectAID                                0x08025721   Thumb Code    60  app_qpboc_pay.o(.text)
    App_qPBOC_PreProcessing                  0x0802575d   Thumb Code     4  app_qpboc_pay.o(.text)
    App_qPBOC_SelectPPSE                     0x08025761   Thumb Code   496  app_qpboc_pay.o(.text)
    App_qPBOC_SelectADF                      0x08025951   Thumb Code   144  app_qpboc_pay.o(.text)
    App_qPBOC_GPO                            0x080259e1   Thumb Code   762  app_qpboc_pay.o(.text)
    App_qPBOC_ReadData                       0x08025cdb   Thumb Code   826  app_qpboc_pay.o(.text)
    App_qPBOC_Offline                        0x08026015   Thumb Code    60  app_qpboc_pay.o(.text)
    APP_qPBOC_SaveRecord                     0x08026051   Thumb Code     4  app_qpboc_pay.o(.text)
    App_qPBOC_DataUpLoad                     0x08026055   Thumb Code     4  app_qpboc_pay.o(.text)
    App_qPBOC_ReadRecordInfo                 0x08026059   Thumb Code     4  app_qpboc_pay.o(.text)
    App_qPBOC_Purchase                       0x0802605d   Thumb Code   416  app_qpboc_pay.o(.text)
    RSADecryption                            0x08026251   Thumb Code    68  offline.o(.text)
    FILE_ReadCAKey                           0x08026295   Thumb Code    26  offline.o(.text)
    GetIssuerPublicKey                       0x080262af   Thumb Code   584  offline.o(.text)
    StaticDataVeryfy                         0x080264f7   Thumb Code   464  offline.o(.text)
    GetCardPublicKey                         0x080266c7   Thumb Code   780  offline.o(.text)
    DynamicDataVeryfy                        0x080269d3   Thumb Code   524  offline.o(.text)
    OfflineStaticDataAuthentication          0x08026bdf   Thumb Code    98  offline.o(.text)
    OfflineDynamicDataAuthentication         0x08026c41   Thumb Code    72  offline.o(.text)
    RSAPublicDecrypt                         0x080276e5   Thumb Code   144  rsa.o(.text)
    RSAPrivateEncrypt                        0x08027775   Thumb Code    94  rsa.o(.text)
    AID_GetCount                             0x080277d5   Thumb Code    74  ic_interface.o(.text)
    AID_DeleteALL                            0x0802781f   Thumb Code    50  ic_interface.o(.text)
    AID_DeleteAID                            0x08027851   Thumb Code   112  ic_interface.o(.text)
    AID_Check                                0x080278c1   Thumb Code   110  ic_interface.o(.text)
    AID_ADD                                  0x0802792f   Thumb Code   552  ic_interface.o(.text)
    AID_GetOne                               0x08027b57   Thumb Code   114  ic_interface.o(.text)
    AID_GetInfo                              0x08027bc9   Thumb Code   150  ic_interface.o(.text)
    CAPK_GetCount                            0x08027c5f   Thumb Code    50  ic_interface.o(.text)
    CAPK_DeleteALL                           0x08027c91   Thumb Code    46  ic_interface.o(.text)
    CAPK_DeleteRID                           0x08027cbf   Thumb Code    72  ic_interface.o(.text)
    CAPK_DeleteRIDandPKI                     0x08027d07   Thumb Code    92  ic_interface.o(.text)
    CAPK_Check                               0x08027d63   Thumb Code   110  ic_interface.o(.text)
    CAPK_ADD                                 0x08027dd1   Thumb Code   300  ic_interface.o(.text)
    CAPK_GetOneKey                           0x08027efd   Thumb Code   102  ic_interface.o(.text)
    CAPK_GetInfo                             0x08027f63   Thumb Code   102  ic_interface.o(.text)
    des_key_set_parity                       0x08027fc9   Thumb Code    30  des.o(.text)
    des_key_check_key_parity                 0x08027fe7   Thumb Code    40  des.o(.text)
    des_key_check_weak                       0x0802800f   Thumb Code    38  des.o(.text)
    des_setkey_enc                           0x08028345   Thumb Code    18  des.o(.text)
    des_setkey_dec                           0x08028357   Thumb Code    86  des.o(.text)
    des3_set2key_enc                         0x08028451   Thumb Code    34  des.o(.text)
    des3_set2key_dec                         0x08028473   Thumb Code    34  des.o(.text)
    des3_set3key_enc                         0x08028527   Thumb Code    34  des.o(.text)
    des3_set3key_dec                         0x08028549   Thumb Code    34  des.o(.text)
    des_crypt_ecb                            0x0802856b   Thumb Code   564  des.o(.text)
    des_crypt_cbc                            0x0802879f   Thumb Code   156  des.o(.text)
    des3_crypt_ecb                           0x0802883b   Thumb Code  1160  des.o(.text)
    des3_crypt_cbc                           0x08028cc3   Thumb Code   156  des.o(.text)
    DES3_App                                 0x08028d5f   Thumb Code   246  des.o(.text)
    strstr                                   0x08028e75   Thumb Code    36  strstr.o(.text)
    memcmp                                   0x08028e99   Thumb Code    88  memcmp.o(.text)
    strlen                                   0x08028ef1   Thumb Code    62  strlen.o(.text)
    __aeabi_memcpy                           0x08028f2f   Thumb Code     0  rt_memcpy_v6.o(.text)
    __rt_memcpy                              0x08028f2f   Thumb Code   138  rt_memcpy_v6.o(.text)
    _memcpy_lastbytes                        0x08028f95   Thumb Code     0  rt_memcpy_v6.o(.text)
    __aeabi_memcpy4                          0x08028fb9   Thumb Code     0  rt_memcpy_w.o(.text)
    __aeabi_memcpy8                          0x08028fb9   Thumb Code     0  rt_memcpy_w.o(.text)
    __rt_memcpy_w                            0x08028fb9   Thumb Code   100  rt_memcpy_w.o(.text)
    _memcpy_lastbytes_aligned                0x08029001   Thumb Code     0  rt_memcpy_w.o(.text)
    __aeabi_memset                           0x0802901d   Thumb Code    16  aeabi_memset.o(.text)
    __aeabi_memclr                           0x0802902d   Thumb Code     0  rt_memclr.o(.text)
    __rt_memclr                              0x0802902d   Thumb Code    68  rt_memclr.o(.text)
    _memset                                  0x08029031   Thumb Code     0  rt_memclr.o(.text)
    __aeabi_memclr4                          0x08029071   Thumb Code     0  rt_memclr_w.o(.text)
    __aeabi_memclr8                          0x08029071   Thumb Code     0  rt_memclr_w.o(.text)
    __rt_memclr_w                            0x08029071   Thumb Code    78  rt_memclr_w.o(.text)
    _memset_w                                0x08029075   Thumb Code     0  rt_memclr_w.o(.text)
    strcmp                                   0x080290c1   Thumb Code   128  strcmpv7m.o(.text)
    __use_two_region_memory                  0x08029141   Thumb Code     2  heapauxi.o(.text)
    __rt_heap_escrow$2region                 0x08029143   Thumb Code     2  heapauxi.o(.text)
    __rt_heap_expand$2region                 0x08029145   Thumb Code     2  heapauxi.o(.text)
    __user_setup_stackheap                   0x08029147   Thumb Code    74  sys_stackheap_outer.o(.text)
    exit                                     0x08029191   Thumb Code    12  exit.o(.text)
    __user_libspace                          0x0802919d   Thumb Code     8  libspace.o(.text)
    __user_perproc_libspace                  0x0802919d   Thumb Code     0  libspace.o(.text)
    __user_perthread_libspace                0x0802919d   Thumb Code     0  libspace.o(.text)
    _sys_exit                                0x080291a5   Thumb Code     8  sys_exit.o(.text)
    __I$use$semihosting                      0x080291b1   Thumb Code     0  use_no_semi.o(.text)
    __use_no_semihosting_swi                 0x080291b1   Thumb Code     2  use_no_semi.o(.text)
    __fpl_dcmp_Inf                           0x080291b3   Thumb Code    24  dcmpi.o(x$fpl$dcmpinf)
    __semihosting_library_function           0x080291b3   Thumb Code     0  indicate_semi.o(.text)
    __aeabi_cdcmple                          0x080291cd   Thumb Code     0  dleqf.o(x$fpl$dleqf)
    _dcmple                                  0x080291cd   Thumb Code   120  dleqf.o(x$fpl$dleqf)
    __fpl_dcmple_InfNaN                      0x0802922f   Thumb Code     0  dleqf.o(x$fpl$dleqf)
    __fpl_dnaninf                            0x08029245   Thumb Code   156  dnaninf.o(x$fpl$dnaninf)
    __fpl_dretinf                            0x080292e1   Thumb Code    12  dretinf.o(x$fpl$dretinf)
    __aeabi_cdrcmple                         0x080292ed   Thumb Code     0  drleqf.o(x$fpl$drleqf)
    _drcmple                                 0x080292ed   Thumb Code   108  drleqf.o(x$fpl$drleqf)
    __aeabi_f2d                              0x08029359   Thumb Code     0  f2d.o(x$fpl$f2d)
    _f2d                                     0x08029359   Thumb Code    86  f2d.o(x$fpl$f2d)
    __aeabi_fadd                             0x080293b1   Thumb Code     0  faddsub_clz.o(x$fpl$fadd)
    _fadd                                    0x080293b1   Thumb Code   196  faddsub_clz.o(x$fpl$fadd)
    __fpl_fcmp_Inf                           0x08029475   Thumb Code    24  fcmpi.o(x$fpl$fcmpinf)
    __aeabi_fdiv                             0x0802948d   Thumb Code     0  fdiv.o(x$fpl$fdiv)
    _fdiv                                    0x0802948d   Thumb Code   384  fdiv.o(x$fpl$fdiv)
    __aeabi_f2uiz                            0x08029611   Thumb Code     0  ffixu.o(x$fpl$ffixu)
    _ffixu                                   0x08029611   Thumb Code    62  ffixu.o(x$fpl$ffixu)
    __aeabi_ui2f                             0x08029651   Thumb Code     0  fflt_clz.o(x$fpl$ffltu)
    _ffltu                                   0x08029651   Thumb Code    38  fflt_clz.o(x$fpl$ffltu)
    __aeabi_cfcmple                          0x08029679   Thumb Code     0  fleqf.o(x$fpl$fleqf)
    _fcmple                                  0x08029679   Thumb Code   104  fleqf.o(x$fpl$fleqf)
    __fpl_fcmple_InfNaN                      0x080296cb   Thumb Code     0  fleqf.o(x$fpl$fleqf)
    __aeabi_fmul                             0x080296e1   Thumb Code     0  fmul.o(x$fpl$fmul)
    _fmul                                    0x080296e1   Thumb Code   258  fmul.o(x$fpl$fmul)
    __fpl_fnaninf                            0x080297e3   Thumb Code   140  fnaninf.o(x$fpl$fnaninf)
    __fpl_fretinf                            0x0802986f   Thumb Code    10  fretinf.o(x$fpl$fretinf)
    __aeabi_cfrcmple                         0x08029879   Thumb Code     0  frleqf.o(x$fpl$frleqf)
    _frcmple                                 0x08029879   Thumb Code    98  frleqf.o(x$fpl$frleqf)
    __aeabi_frsub                            0x080298db   Thumb Code     0  faddsub_clz.o(x$fpl$frsb)
    _frsb                                    0x080298db   Thumb Code    20  faddsub_clz.o(x$fpl$frsb)
    __aeabi_fsub                             0x080298f1   Thumb Code     0  faddsub_clz.o(x$fpl$fsub)
    _fsub                                    0x080298f1   Thumb Code   234  faddsub_clz.o(x$fpl$fsub)
    __I$use$fp                               0x080299da   Number         0  usenofp.o(x$fpl$usenofp)
    auchCRCHi                                0x080299ec   Data         256  roc_littletool.o(.constdata)
    auchCRCLo                                0x08029aec   Data         256  roc_littletool.o(.constdata)
    cucTuBiao                                0x08029bec   Data          24  roc_personalfont.o(.constdata)
    cucCell                                  0x08029c04   Data         120  roc_personalfont.o(.constdata)
    cuc16X8ASCII                             0x08029c7c   Data        1536  roc_personalfont.o(.constdata)
    cuc24X24WordHYSY                         0x0802a27c   Data         288  roc_personalfont.o(.constdata)
    cuc24X24WordHYSYZFT                      0x0802a39c   Data         504  roc_personalfont.o(.constdata)
    cuc24X12QPOS                             0x0802a594   Data         144  roc_personalfont.o(.constdata)
    cuc16X16WordQCKHSK                       0x0802a624   Data         192  roc_personalfont.o(.constdata)
    cuc16X16WordQCKHHK                       0x0802a6e4   Data         192  roc_personalfont.o(.constdata)
    cuc16X16WordQCK                          0x0802a7a4   Data          96  roc_personalfont.o(.constdata)
    cuc16X16Money                            0x0802a804   Data          32  roc_personalfont.o(.constdata)
    cuc16X16WordQD                           0x0802a824   Data          64  roc_personalfont.o(.constdata)
    cuc16X16WordQQRNDKH                      0x0802a864   Data         224  roc_personalfont.o(.constdata)
    cuc16X16WordWMZJDJQR                     0x0802a944   Data         256  roc_personalfont.o(.constdata)
    cuc16X16WordQSRMM                        0x0802aa44   Data         160  roc_personalfont.o(.constdata)
    cucWordQuXiao                            0x0802aae4   Data          64  roc_personalfont.o(.constdata)
    cucWordQingChu                           0x0802ab24   Data          64  roc_personalfont.o(.constdata)
    cucWordQueRen                            0x0802ab64   Data          64  roc_personalfont.o(.constdata)
    cucWordYuE                               0x0802aba4   Data          64  roc_personalfont.o(.constdata)
    cucWordShangFan                          0x0802abe4   Data          64  roc_personalfont.o(.constdata)
    cucWordXiaFan                            0x0802ac24   Data          64  roc_personalfont.o(.constdata)
    cucAIDCnt                                0x0802ac82   Data           1  mid_pboc.o(.constdata)
    cucAIDBuf                                0x0802ac83   Data        1920  mid_pboc.o(.constdata)
    ASCIIchardot12x6                         0x0802b403   Data        1152  ascii.o(.constdata)
    KeyValue_tab                             0x0802b883   Data          15  key.o(.constdata)
    device_info_init                         0x0802b894   Data         104  app_parameters.o(.constdata)
    g_cucbDevicePara                         0x0802b8fc   Data          82  app_parameters.o(.constdata)
    table_week                               0x0802b964   Data          12  rtc.o(.constdata)
    mon_table                                0x0802b970   Data          12  rtc.o(.constdata)
    CustomHID_DeviceDescriptor               0x0802b97c   Data          18  usb_desc.o(.constdata)
    CustomHID_ConfigDescriptor               0x0802b98e   Data          41  usb_desc.o(.constdata)
    CustomHID_ReportDescriptor               0x0802b9b7   Data          33  usb_desc.o(.constdata)
    CustomHID_StringLangID                   0x0802b9d8   Data           4  usb_desc.o(.constdata)
    CustomHID_StringVendor                   0x0802b9dc   Data          20  usb_desc.o(.constdata)
    CustomHID_StringProduct                  0x0802b9f0   Data          24  usb_desc.o(.constdata)
    uchCAPubKeyN0                            0x0802bada   Data         176  offline.o(.constdata)
    Region$$Table$$Base                      0x0802c534   Number         0  anon$$obj.o(Region$$Table)
    Region$$Table$$Limit                     0x0802c554   Number         0  anon$$obj.o(Region$$Table)
    g_uiTime100ms_LCDOff_PowerOff            0x20000000   Data           4  vectortable.o(.data)
    g_uiTime100ms_LCDShow                    0x20000004   Data           4  vectortable.o(.data)
    g_uiTime100ms_Timeout                    0x20000008   Data           4  vectortable.o(.data)
    g_uiTime100ms_LCD_BackLightOff           0x2000000c   Data           4  vectortable.o(.data)
    g_LCDShowInfo                            0x20000010   Data           1  vectortable.o(.data)
    g_LCDRefeshTimeFlag                      0x20000011   Data           1  vectortable.o(.data)
    g_Tamper_Flag                            0x20000027   Data           1  tamper.o(.data)
    SystemCoreClock                          0x2000003c   Data           4  system_stm32f10x.o(.data)
    AHBPrescTable                            0x20000040   Data          16  system_stm32f10x.o(.data)
    MSR_fCardDataReady                       0x20000051   Data           1  mscard_pa1100.o(.data)
    MSR_ub100msTickDownCntTimeToReceiveBufferReadySignal 0x20000054   Data           4  mscard_pa1100.o(.data)
    MSR_ucTrack1Len                          0x20000058   Data           1  mscard_pa1100.o(.data)
    MSR_ucTrack2Len                          0x20000059   Data           1  mscard_pa1100.o(.data)
    MSR_ucTrack3Len                          0x2000005a   Data           1  mscard_pa1100.o(.data)
    MSR_ucCardNoLen                          0x2000005b   Data           1  mscard_pa1100.o(.data)
    MSR_ucGetTrackData                       0x2000005c   Data           1  mscard_pa1100.o(.data)
    g_eBluetoothRecvStatus                   0x20000060   Data           1  bluetooth.o(.data)
    g_uiBluetoothRcvLen                      0x20000064   Data           4  bluetooth.o(.data)
    g_BluetoothState                         0x20000068   Data           1  bluetooth.o(.data)
    g_BluetoothDateIN                        0x20000069   Data           1  bluetooth.o(.data)
    g_uiTime100ms_BTRecvTimeout              0x2000006c   Data           4  bluetooth.o(.data)
    g_eZ8D256_RecvStatus                     0x2000007a   Data           1  z8d256.o(.data)
    crcValue                                 0x2000007c   Data           2  sercrity.o(.data)
    keykey                                   0x2000007e   Data          16  sercrity.o(.data)
    g_Flag_InsertCard                        0x20000090   Data           1  hal_7816.o(.data)
    G_CardStats                              0x20000092   Data           1  hal_7816.o(.data)
    g_NFC_State                              0x20000093   Data           1  hal_7816.o(.data)
    sc_t1_seqReader                          0x20000094   Data           1  hal_7816.o(.data)
    sc_t1_seqCard                            0x20000095   Data           1  hal_7816.o(.data)
    sc_delay_time                            0x20000098   Data           4  hal_7816.o(.data)
    sc_STIBWTR_bak                           0x2000009c   Data           4  hal_7816.o(.data)
    sc_t1IFSC                                0x200000a0   Data           4  hal_7816.o(.data)
    sc_t1_ifsc_reset                         0x200000a4   Data           4  hal_7816.o(.data)
    test_flag                                0x200000a8   Data           4  hal_7816.o(.data)
    sc_tim_us                                0x200000ac   Data           4  hal_7816.o(.data)
    sc_tim_passed                            0x200000b0   Data           4  hal_7816.o(.data)
    sc_t1                                    0x200000b4   Data           4  hal_7816.o(.data)
    sc_one_etu                               0x200000b8   Data           4  hal_7816.o(.data)
    sc_bwt                                   0x200000bc   Data           4  hal_7816.o(.data)
    sc_cwt                                   0x200000c0   Data           4  hal_7816.o(.data)
    sc_bwt_s                                 0x200000c4   Data           4  hal_7816.o(.data)
    sc_di                                    0x200000c8   Data           4  hal_7816.o(.data)
    sc_fi                                    0x200000cc   Data           4  hal_7816.o(.data)
    sc_wi                                    0x200000d0   Data           4  hal_7816.o(.data)
    sc_egt                                   0x200000d4   Data           4  hal_7816.o(.data)
    sc_globaltimeflag                        0x200000d8   Data           4  hal_7816.o(.data)
    Reader_ConstantDo_List                   0x200000dc   Data         140  app_pboc.o(.data)
    Reader_VarDo_List                        0x20000168   Data         177  app_pboc.o(.data)
    Card_Do_List                             0x20000219   Data         512  app_pboc.o(.data)
    DO_TYPE_LIST                             0x20000419   Data         295  mid_pboc.o(.data)
    G_B_GACResult                            0x20000540   Data           1  pboc_var.o(.data)
    uchTacDefault                            0x20000541   Data           5  pboc_var.o(.data)
    uchTacDenial                             0x20000546   Data           5  pboc_var.o(.data)
    uchTacOnline                             0x2000054b   Data           5  pboc_var.o(.data)
    g_b_plain_pin                            0x20000550   Data           8  pboc_var.o(.data)
    ICC_Protocol                             0x20000558   Data           1  pboc_var.o(.data)
    internal_state                           0x20000559   Data           1  pboc_var.o(.data)
    g_response_len                           0x2000055c   Data           4  pboc_var.o(.data)
    ThresholdforBiasedRandomSelection        0x20000560   Data           4  pboc_var.o(.data)
    PercentforRandomSelection                0x20000564   Data           1  pboc_var.o(.data)
    MaxPercentforBiasedRandomSelection       0x20000565   Data           1  pboc_var.o(.data)
    current_transaction_amount               0x20000568   Data           4  pboc_var.o(.data)
    funckey_pressed                          0x2000056c   Data           1  pboc_var.o(.data)
    current_item                             0x2000056d   Data           1  pboc_var.o(.data)
    current_record                           0x2000056e   Data           1  pboc_var.o(.data)
    puchAmount                               0x20000570   Data           4  pboc_var.o(.data)
    puchBinAmount                            0x20000574   Data           4  pboc_var.o(.data)
    puchAmountOther                          0x20000578   Data           4  pboc_var.o(.data)
    puchCurrencyCode                         0x2000057c   Data           4  pboc_var.o(.data)
    puchIFDSerailNO                          0x20000580   Data           4  pboc_var.o(.data)
    puchTermCapability                       0x20000584   Data           4  pboc_var.o(.data)
    puchTermType                             0x20000588   Data           4  pboc_var.o(.data)
    puchTermCountryCode                      0x2000058c   Data           4  pboc_var.o(.data)
    puchTermID                               0x20000590   Data           4  pboc_var.o(.data)
    puchAcquirerID                           0x20000594   Data           4  pboc_var.o(.data)
    puchMerchantID                           0x20000598   Data           4  pboc_var.o(.data)
    puchMerchantCat                          0x2000059c   Data           4  pboc_var.o(.data)
    puchPOSEntryMode                         0x200005a0   Data           4  pboc_var.o(.data)
    puchTvr                                  0x200005a4   Data           4  pboc_var.o(.data)
    puchDate                                 0x200005a8   Data           4  pboc_var.o(.data)
    puchTranType                             0x200005ac   Data           4  pboc_var.o(.data)
    puchUnpreData                            0x200005b0   Data           4  pboc_var.o(.data)
    puchTime                                 0x200005b4   Data           4  pboc_var.o(.data)
    puchTsi                                  0x200005b8   Data           4  pboc_var.o(.data)
    puchCvmRes                               0x200005bc   Data           4  pboc_var.o(.data)
    puchArc                                  0x200005c0   Data           4  pboc_var.o(.data)
    puchVer                                  0x200005c4   Data           4  pboc_var.o(.data)
    puchIAD                                  0x200005c8   Data           4  pboc_var.o(.data)
    puchTSC                                  0x200005cc   Data           4  pboc_var.o(.data)
    puchTCHash                               0x200005d0   Data           4  pboc_var.o(.data)
    puchTerminalAID                          0x200005d4   Data           4  pboc_var.o(.data)
    puchTerminalFloorLimit                   0x200005d8   Data           4  pboc_var.o(.data)
    puchTerminalTransProp                    0x200005dc   Data           4  pboc_var.o(.data)
    g_b_trans_state                          0x200005e0   Data           1  pboc_var.o(.data)
    atr_ok                                   0x200005e1   Data           1  pboc_var.o(.data)
    second_packet                            0x200005e2   Data           1  pboc_var.o(.data)
    Nok_Reason                               0x200005e3   Data           1  pboc_var.o(.data)
    Current_DF_Len                           0x200005e4   Data           1  pboc_var.o(.data)
    Candidate_Number                         0x200005e5   Data           1  pboc_var.o(.data)
    uchCid                                   0x200005e6   Data           2  pboc_var.o(.data)
    uchAtc                                   0x200005e8   Data           3  pboc_var.o(.data)
    uchAip                                   0x200005eb   Data           3  pboc_var.o(.data)
    uchAppVer                                0x200005ee   Data           3  pboc_var.o(.data)
    uchEffectiveDate                         0x200005f1   Data           4  pboc_var.o(.data)
    uchExpirationDate                        0x200005f5   Data           4  pboc_var.o(.data)
    uchPanNum                                0x200005f9   Data           2  pboc_var.o(.data)
    uchAuc                                   0x200005fb   Data           3  pboc_var.o(.data)
    uchIacDefault                            0x200005fe   Data           6  pboc_var.o(.data)
    uchIacDenial                             0x20000604   Data           6  pboc_var.o(.data)
    uchIacOnline                             0x2000060a   Data           6  pboc_var.o(.data)
    uchCountryCode                           0x20000610   Data           3  pboc_var.o(.data)
    uchServiceCode                           0x20000613   Data           3  pboc_var.o(.data)
    uchAppCurrencyCode                       0x20000616   Data           3  pboc_var.o(.data)
    uchCAKeyIndex                            0x20000619   Data           2  pboc_var.o(.data)
    uchAppCurrencyEx                         0x2000061b   Data           2  pboc_var.o(.data)
    uchAPI                                   0x2000061d   Data           2  pboc_var.o(.data)
    uchAppRefCurEx                           0x2000061f   Data           5  pboc_var.o(.data)
    uchDAC                                   0x20000624   Data           3  pboc_var.o(.data)
    uchICCPINEncCAExp                        0x20000627   Data           4  pboc_var.o(.data)
    uchICCKeyExp                             0x2000062b   Data           4  pboc_var.o(.data)
    uchIssuerCodeTableIndex                  0x2000062f   Data           2  pboc_var.o(.data)
    uchIssuerCountryCode2                    0x20000631   Data           3  pboc_var.o(.data)
    uchIssuerCountryCode3                    0x20000634   Data           4  pboc_var.o(.data)
    uchIIN                                   0x20000638   Data           4  pboc_var.o(.data)
    uchIssuerKeyExp                          0x2000063c   Data           4  pboc_var.o(.data)
    uchLATC                                  0x20000640   Data           3  pboc_var.o(.data)
    uchLogEntry                              0x20000643   Data           3  pboc_var.o(.data)
    uchLCOL                                  0x20000646   Data           2  pboc_var.o(.data)
    uchPTC                                   0x20000648   Data           2  pboc_var.o(.data)
    uchSFI                                   0x2000064a   Data           2  pboc_var.o(.data)
    uchUCOL                                  0x2000064c   Data           2  pboc_var.o(.data)
    uchLogFileLen                            0x2000064e   Data           2  pboc_var.o(.data)
    uchLogRecordLen                          0x20000650   Data           2  pboc_var.o(.data)
    uchAvailableOFFAmount                    0x20000652   Data           7  pboc_var.o(.data)
    uchICCStaticNum                          0x20000659   Data           2  pboc_var.o(.data)
    uchICCardProp                            0x2000065b   Data           3  pboc_var.o(.data)
    G_flag_BalanceOrLoad                     0x2000065e   Data           1  pboc_var.o(.data)
    PowerValue                               0x2000066f   Data           1  an_adc.o(.data)
    g_uiLenOfFile                            0x20000670   Data           4  up_mpos_cmd.o(.data)
    g_uiOffsetOfFile                         0x20000674   Data           4  up_mpos_cmd.o(.data)
    g_UpdateFlag                             0x20000678   Data           1  up_mpos_cmd.o(.data)
    g_macdata                                0x20000679   Data           8  up_mpos_cmd.o(.data)
    g_fileflag                               0x20000681   Data           1  up_mpos_cmd.o(.data)
    pdevice_version_info                     0x20000684   Data           4  app_parameters.o(.data)
    g_PWRKeyFlag                             0x20000688   Data           1  pwercheck.o(.data)
    g_sCalendar                              0x2000068a   Data           8  rtc.o(.data)
    StatusInfo                               0x20000694   Data           2  usb_core.o(.data)
    Data_Mul_MaxPacketSize                   0x20000696   Data           1  usb_core.o(.data)
    EPindex                                  0x20000698   Data           1  usb_init.o(.data)
    pInformation                             0x2000069c   Data           4  usb_init.o(.data)
    pProperty                                0x200006a0   Data           4  usb_init.o(.data)
    SaveState                                0x200006a4   Data           2  usb_init.o(.data)
    wInterrupt_Mask                          0x200006a6   Data           2  usb_init.o(.data)
    pUser_Standard_Requests                  0x200006a8   Data           4  usb_init.o(.data)
    SaveRState                               0x200006ac   Data           2  usb_int.o(.data)
    SaveTState                               0x200006ae   Data           2  usb_int.o(.data)
    CustomHID_StringSerial                   0x200006b0   Data          26  usb_desc.o(.data)
    USB_Received_Flag                        0x200006ca   Data           1  usb_endp.o(.data)
    USB_Received_Len                         0x200006cb   Data           1  usb_endp.o(.data)
    wIstr                                    0x200006cc   Data           2  usb_istr.o(.data)
    bIntPackSOF                              0x200006ce   Data           1  usb_istr.o(.data)
    pEpInt_IN                                0x200006d0   Data          28  usb_istr.o(.data)
    pEpInt_OUT                               0x200006ec   Data          28  usb_istr.o(.data)
    ProtocolValue                            0x20000708   Data           4  usb_prop.o(.data)
    Device_Table                             0x2000070c   Data           2  usb_prop.o(.data)
    Device_Property                          0x20000710   Data          48  usb_prop.o(.data)
    User_Standard_Requests                   0x20000740   Data          36  usb_prop.o(.data)
    Device_Descriptor                        0x20000764   Data           8  usb_prop.o(.data)
    Config_Descriptor                        0x2000076c   Data           8  usb_prop.o(.data)
    CustomHID_Report_Descriptor              0x20000774   Data           8  usb_prop.o(.data)
    CustomHID_Descriptor                     0x2000077c   Data           8  usb_prop.o(.data)
    String_Descriptor                        0x20000784   Data          32  usb_prop.o(.data)
    bDeviceState                             0x200007a4   Data           4  usb_pwr.o(.data)
    fSuspendEnabled                          0x200007a8   Data           1  usb_pwr.o(.data)
    ResumeS                                  0x200007a9   Data           2  usb_pwr.o(.data)
    gpuart_halfBit                           0x200007ac   Data           4  uart_simulation.o(.data)
    GP_UART_STATE                            0x200007b0   Data           1  uart_simulation.o(.data)
    balReader                                0x200007b4   Data           2  nfc_main.o(.data)
    bSak                                     0x200007b6   Data           1  nfc_main.o(.data)
    bMoreCardsAvailable                      0x200007b7   Data           1  nfc_main.o(.data)
    bLength                                  0x200007b8   Data           1  nfc_main.o(.data)
    pHal                                     0x200007bc   Data           4  nfc_main.o(.data)
    Atqa                                     0x200007c0   Data           2  nfc_main.o(.data)
    AtqbLen                                  0x200007c2   Data           1  nfc_main.o(.data)
    wRxLength                                0x200007c4   Data           2  nfc_main.o(.data)
    bAfi                                     0x200007c6   Data           1  nfc_main.o(.data)
    bAtqbLen                                 0x200007c7   Data           1  nfc_main.o(.data)
    bNumSlots                                0x200007c8   Data           1  nfc_main.o(.data)
    reg_data                                 0x200007c9   Data           1  nfc_main.o(.data)
    bType_A                                  0x200007ca   Data           1  nfc_main.o(.data)
    bType_B                                  0x200007cb   Data           1  nfc_main.o(.data)
    FLAG9F66                                 0x200007cc   Data           1  app_qpboc_pay.o(.data)
    FLAG5A                                   0x200007cd   Data           1  app_qpboc_pay.o(.data)
    FLAG57                                   0x200007ce   Data           1  app_qpboc_pay.o(.data)
    FLAG5F24                                 0x200007cf   Data           1  app_qpboc_pay.o(.data)
    FLAG_NO9F26                              0x200007d0   Data           1  app_qpboc_pay.o(.data)
    aidnum                                   0x200007d1   Data           6  app_qpboc_pay.o(.data)
    SDAFlag                                  0x200007d7   Data           1  app_qpboc_pay.o(.data)
    SDALen                                   0x200007d8   Data           1  app_qpboc_pay.o(.data)
    SDANum                                   0x200007d9   Data           1  app_qpboc_pay.o(.data)
    keytimes                                 0x200007dc   Data           1  offline.o(.data)
    result                                   0x200007e0   Data           4  offline.o(.data)
    SHADataLen                               0x200007e4   Data           2  offline.o(.data)
    RIDList                                  0x200007e6   Data          25  offline.o(.data)
    KeyExponent                              0x20000800   Data           4  offline.o(.data)
    PublickeyE                               0x20000804   Data           4  offline.o(.data)
    ddollen                                  0x20000808   Data           1  offline.o(.data)
    _AID_LIST                                0x2000080c   Data           4  ic_interface.o(.data)
    AID_COUNT                                0x20000810   Data           1  ic_interface.o(.data)
    _CAPK_LIST                               0x20000814   Data           4  ic_interface.o(.data)
    CAPK_COUNT                               0x20000818   Data           1  ic_interface.o(.data)
    MSR_ucTrack1Buf                          0x2000081c   Data         141  mscard_pa1100.o(.bss)
    MSR_ucTrack2Buf                          0x200008a9   Data         141  mscard_pa1100.o(.bss)
    MSR_ucTrack3Buf                          0x20000936   Data         141  mscard_pa1100.o(.bss)
    MSR_ucCardNo                             0x200009c3   Data          30  mscard_pa1100.o(.bss)
    g_sBluetoothMessage                      0x200009e4   Data        3104  bluetooth.o(.bss)
    g_ucbBluetoothBuf                        0x20001604   Data        1280  bluetooth.o(.bss)
    psamapdu                                 0x20001bf0   Data         272  sercrity.o(.bss)
    optionStruct                             0x20001d00   Data          24  sercrity.o(.bss)
    ucTempBuf                                0x20001d18   Data        2048  irom.o(.bss)
    T_APDU                                   0x20002518   Data         664  hal_7816.o(.bss)
    g_APDU                                   0x200027b0   Data         664  hal_7816.o(.bss)
    ddf_stack                                0x20002a48   Data         516  pboc_var.o(.bss)
    AID_List                                 0x20002c4c   Data         630  pboc_var.o(.bss)
    Candidate_List                           0x20002ec2   Data         880  pboc_var.o(.bss)
    CardNo                                   0x20003232   Data          20  pboc_var.o(.bss)
    Current_DF_Name                          0x20003246   Data          16  pboc_var.o(.bss)
    uchAc                                    0x20003256   Data           9  pboc_var.o(.bss)
    uchIad                                   0x2000325f   Data          33  pboc_var.o(.bss)
    uchAid                                   0x20003280   Data          17  pboc_var.o(.bss)
    uchMstrip2                               0x20003291   Data          20  pboc_var.o(.bss)
    uchHolderName                            0x200032a5   Data          27  pboc_var.o(.bss)
    uchHolderNum                             0x200032c0   Data          41  pboc_var.o(.bss)
    uchPan                                   0x200032e9   Data          11  pboc_var.o(.bss)
    uchCvm                                   0x200032f4   Data         254  pboc_var.o(.bss)
    uchCdol1                                 0x200033f2   Data         254  pboc_var.o(.bss)
    uchCdol2                                 0x200034f0   Data         254  pboc_var.o(.bss)
    uchMstrip1                               0x200035ee   Data         100  pboc_var.o(.bss)
    uchAppDiscretionData                     0x20003652   Data          33  pboc_var.o(.bss)
    uchAFL                                   0x20003673   Data         254  pboc_var.o(.bss)
    uchADFName                               0x20003771   Data          17  pboc_var.o(.bss)
    uchAppLabel                              0x20003782   Data          17  pboc_var.o(.bss)
    uchAppRefCur                             0x20003793   Data           9  pboc_var.o(.bss)
    uchBIC                                   0x2000379c   Data          12  pboc_var.o(.bss)
    uchHolderNameExt                         0x200037a8   Data          46  pboc_var.o(.bss)
    uchDDOL                                  0x200037d6   Data         254  pboc_var.o(.bss)
    uchDDFName                               0x200038d4   Data          17  pboc_var.o(.bss)
    uchFCI                                   0x200038e5   Data         224  pboc_var.o(.bss)
    uchICCDynamNum                           0x200039c5   Data           9  pboc_var.o(.bss)
    uchICCPINEncCACert                       0x200039ce   Data         256  pboc_var.o(.bss)
    uchICCPINEncCAReminder                   0x20003ace   Data          43  pboc_var.o(.bss)
    uchICCKeyCert                            0x20003af9   Data         255  pboc_var.o(.bss)
    uchICCKeyReminder                        0x20003bf8   Data          43  pboc_var.o(.bss)
    uchIBAN                                  0x20003c23   Data          35  pboc_var.o(.bss)
    uchIssuerKeyCert                         0x20003c46   Data         255  pboc_var.o(.bss)
    uchIssuerKeyReminder                     0x20003d45   Data          37  pboc_var.o(.bss)
    uchIssuerURL                             0x20003d6a   Data         100  pboc_var.o(.bss)
    uchLangPref                              0x20003dce   Data           9  pboc_var.o(.bss)
    uchLogFormat                             0x20003dd7   Data          30  pboc_var.o(.bss)
    uchSDAData                               0x20003df5   Data         256  pboc_var.o(.bss)
    uchSSAData                               0x20003ef5   Data         256  pboc_var.o(.bss)
    uchSDATagList                            0x20003ff5   Data         100  pboc_var.o(.bss)
    uchTrack2Data                            0x20004059   Data         100  pboc_var.o(.bss)
    uchTDOL                                  0x200040bd   Data         254  pboc_var.o(.bss)
    uchAppPrefName                           0x200041bb   Data          17  pboc_var.o(.bss)
    uchPDOL                                  0x200041cc   Data         255  pboc_var.o(.bss)
    uchTag73                                 0x200042cb   Data         254  pboc_var.o(.bss)
    uchICAuthenticationData                  0x200043c9   Data          17  pboc_var.o(.bss)
    VerString                                0x200043da   Data          16  msd.o(.bss)
    g_ucLCDGuiBuf                            0x200043ea   Data        1024  lcd_gui.o(.bss)
    g_sCacheData                             0x200047ec   Data          12  up_mpos_cmd.o(.bss)
    g_sCardReaderInfo                        0x200047f8   Data        2236  up_mpos_cmd.o(.bss)
    g_sKeyboardInfo                          0x200050b4   Data          41  up_mpos_cmd.o(.bss)
    g_sLCDInfo                               0x200050dd   Data          97  up_mpos_cmd.o(.bss)
    Device_Info                              0x20005140   Data          28  usb_init.o(.bss)
    USB_Receive_Buffer                       0x2000515c   Data         128  usb_endp.o(.bss)
    USB_Send_Buffer                          0x200051dc   Data          64  usb_endp.o(.bss)
    GP_UART_BUF                              0x2000521c   Data         128  uart_simulation.o(.bss)
    bHalBufferReader                         0x2000529c   Data         260  nfc_main.o(.bss)
    halReader                                0x200053a0   Data          80  nfc_main.o(.bss)
    I14443p3a                                0x200053f0   Data          20  nfc_main.o(.bss)
    I14443p4a                                0x20005404   Data          20  nfc_main.o(.bss)
    I14443p3b                                0x20005418   Data          40  nfc_main.o(.bss)
    I14443p4                                 0x20005440   Data          20  nfc_main.o(.bss)
    palMifare                                0x20005454   Data          12  nfc_main.o(.bss)
    alMfc                                    0x20005460   Data          12  nfc_main.o(.bss)
    bUid                                     0x2000546c   Data          10  nfc_main.o(.bss)
    Atqb                                     0x20005476   Data          16  nfc_main.o(.bss)
    SDAData                                  0x20005486   Data         248  app_qpboc_pay.o(.bss)
    CAPublicKey                              0x20005580   Data          12  offline.o(.bss)
    IssuerPublicKey                          0x2000558c   Data          12  offline.o(.bss)
    ICCardPublicKey                          0x20005598   Data          12  offline.o(.bss)
    SHAData                                  0x200055a4   Data         512  offline.o(.bss)
    DataDecryption                           0x200057a4   Data         248  offline.o(.bss)
    PublickeyN                               0x2000589c   Data         256  offline.o(.bss)
    ddoldata                                 0x2000599c   Data         128  offline.o(.bss)
    __libspace_start                         0x20005a1c   Data          96  libspace.o(.bss)
    __temporary_stack_top$libspace           0x20005a7c   Data           0  libspace.o(.bss)



==============================================================================

Memory Map of the image

  Image Entry point : 0x08006131

  Load Region LR_IROM1 (Base: 0x08006000, Size: 0x00026d70, Max: 0x0003a000, ABSOLUTE, COMPRESSED[0x00026918])

    Execution Region ER_IROM1 (Base: 0x08006000, Size: 0x00026554, Max: 0x0003a000, ABSOLUTE)

    Base Addr    Size         Type   Attr      Idx    E Section Name        Object

    0x08006000   0x00000130   Data   RO          842    RESET               startup_stm32f10x_hd.o
    0x08006130   0x00000008   Code   RO         2642  * !!!main             c_w.l(__main.o)
    0x08006138   0x00000034   Code   RO         2843    !!!scatter          c_w.l(__scatter.o)
    0x0800616c   0x0000005a   Code   RO         2841    !!dczerorl2         c_w.l(__dczerorl2.o)
    0x080061c6   0x00000002   PAD
    0x080061c8   0x0000001c   Code   RO         2845    !!handler_zi        c_w.l(__scatter_zi.o)
    0x080061e4   0x00000002   Code   RO         2714    .ARM.Collect$$libinit$$00000000  c_w.l(libinit.o)
    0x080061e6   0x00000000   Code   RO         2721    .ARM.Collect$$libinit$$00000002  c_w.l(libinit2.o)
    0x080061e6   0x00000000   Code   RO         2724    .ARM.Collect$$libinit$$00000008  c_w.l(libinit2.o)
    0x080061e6   0x00000000   Code   RO         2726    .ARM.Collect$$libinit$$0000000A  c_w.l(libinit2.o)
    0x080061e6   0x00000000   Code   RO         2728    .ARM.Collect$$libinit$$0000000C  c_w.l(libinit2.o)
    0x080061e6   0x00000000   Code   RO         2731    .ARM.Collect$$libinit$$0000000F  c_w.l(libinit2.o)
    0x080061e6   0x00000000   Code   RO         2733    .ARM.Collect$$libinit$$00000011  c_w.l(libinit2.o)
    0x080061e6   0x00000000   Code   RO         2735    .ARM.Collect$$libinit$$00000013  c_w.l(libinit2.o)
    0x080061e6   0x00000000   Code   RO         2737    .ARM.Collect$$libinit$$00000015  c_w.l(libinit2.o)
    0x080061e6   0x00000000   Code   RO         2739    .ARM.Collect$$libinit$$00000017  c_w.l(libinit2.o)
    0x080061e6   0x00000000   Code   RO         2741    .ARM.Collect$$libinit$$00000019  c_w.l(libinit2.o)
    0x080061e6   0x00000000   Code   RO         2743    .ARM.Collect$$libinit$$0000001B  c_w.l(libinit2.o)
    0x080061e6   0x00000000   Code   RO         2745    .ARM.Collect$$libinit$$0000001D  c_w.l(libinit2.o)
    0x080061e6   0x00000000   Code   RO         2747    .ARM.Collect$$libinit$$0000001F  c_w.l(libinit2.o)
    0x080061e6   0x00000000   Code   RO         2749    .ARM.Collect$$libinit$$00000021  c_w.l(libinit2.o)
    0x080061e6   0x00000000   Code   RO         2751    .ARM.Collect$$libinit$$00000023  c_w.l(libinit2.o)
    0x080061e6   0x00000000   Code   RO         2755    .ARM.Collect$$libinit$$0000002A  c_w.l(libinit2.o)
    0x080061e6   0x00000000   Code   RO         2757    .ARM.Collect$$libinit$$0000002C  c_w.l(libinit2.o)
    0x080061e6   0x00000000   Code   RO         2759    .ARM.Collect$$libinit$$0000002E  c_w.l(libinit2.o)
    0x080061e6   0x00000000   Code   RO         2761    .ARM.Collect$$libinit$$00000030  c_w.l(libinit2.o)
    0x080061e6   0x00000002   Code   RO         2762    .ARM.Collect$$libinit$$00000031  c_w.l(libinit2.o)
    0x080061e8   0x00000002   Code   RO         2782    .ARM.Collect$$libshutdown$$00000000  c_w.l(libshutdown.o)
    0x080061ea   0x00000000   Code   RO         2796    .ARM.Collect$$libshutdown$$00000003  c_w.l(libshutdown2.o)
    0x080061ea   0x00000000   Code   RO         2799    .ARM.Collect$$libshutdown$$00000006  c_w.l(libshutdown2.o)
    0x080061ea   0x00000000   Code   RO         2802    .ARM.Collect$$libshutdown$$00000009  c_w.l(libshutdown2.o)
    0x080061ea   0x00000000   Code   RO         2804    .ARM.Collect$$libshutdown$$0000000B  c_w.l(libshutdown2.o)
    0x080061ea   0x00000000   Code   RO         2807    .ARM.Collect$$libshutdown$$0000000E  c_w.l(libshutdown2.o)
    0x080061ea   0x00000002   Code   RO         2808    .ARM.Collect$$libshutdown$$0000000F  c_w.l(libshutdown2.o)
    0x080061ec   0x00000000   Code   RO         2674    .ARM.Collect$$rtentry$$00000000  c_w.l(rtentry.o)
    0x080061ec   0x00000000   Code   RO         2687    .ARM.Collect$$rtentry$$00000002  c_w.l(rtentry2.o)
    0x080061ec   0x00000006   Code   RO         2699    .ARM.Collect$$rtentry$$00000004  c_w.l(rtentry4.o)
    0x080061f2   0x00000000   Code   RO         2689    .ARM.Collect$$rtentry$$00000009  c_w.l(rtentry2.o)
    0x080061f2   0x00000004   Code   RO         2690    .ARM.Collect$$rtentry$$0000000A  c_w.l(rtentry2.o)
    0x080061f6   0x00000000   Code   RO         2692    .ARM.Collect$$rtentry$$0000000C  c_w.l(rtentry2.o)
    0x080061f6   0x00000008   Code   RO         2693    .ARM.Collect$$rtentry$$0000000D  c_w.l(rtentry2.o)
    0x080061fe   0x00000002   Code   RO         2718    .ARM.Collect$$rtexit$$00000000  c_w.l(rtexit.o)
    0x08006200   0x00000000   Code   RO         2764    .ARM.Collect$$rtexit$$00000002  c_w.l(rtexit2.o)
    0x08006200   0x00000004   Code   RO         2765    .ARM.Collect$$rtexit$$00000003  c_w.l(rtexit2.o)
    0x08006204   0x00000006   Code   RO         2766    .ARM.Collect$$rtexit$$00000004  c_w.l(rtexit2.o)
    0x0800620a   0x00000002   PAD
    0x0800620c   0x0000000c   Code   RO         2558    .emb_text           rsa.o
    0x08006218   0x00000194   Code   RO            3    .text               main.o
    0x080063ac   0x00000214   Code   RO          222    .text               stm32f10x_it.o
    0x080065c0   0x00001080   Code   RO          257    .text               vectortable.o
    0x08007640   0x000000e4   Code   RO          344    .text               misc.o
    0x08007724   0x0000044e   Code   RO          364    .text               stm32f10x_adc.o
    0x08007b72   0x00000002   PAD
    0x08007b74   0x000000c4   Code   RO          384    .text               stm32f10x_bkp.o
    0x08007c38   0x0000011c   Code   RO          524    .text               stm32f10x_exti.o
    0x08007d54   0x000005bc   Code   RO          544    .text               stm32f10x_flash.o
    0x08008310   0x0000035c   Code   RO          584    .text               stm32f10x_gpio.o
    0x0800866c   0x00000040   Code   RO          624    .text               stm32f10x_iwdg.o
    0x080086ac   0x000000cc   Code   RO          644    .text               stm32f10x_pwr.o
    0x08008778   0x000003a4   Code   RO          664    .text               stm32f10x_rcc.o
    0x08008b1c   0x00000164   Code   RO          686    .text               stm32f10x_rtc.o
    0x08008c80   0x0000030c   Code   RO          726    .text               stm32f10x_spi.o
    0x08008f8c   0x00000e1a   Code   RO          746    .text               stm32f10x_tim.o
    0x08009da6   0x00000002   PAD
    0x08009da8   0x00000408   Code   RO          766    .text               stm32f10x_usart.o
    0x0800a1b0   0x000001e4   Code   RO          816    .text               system_stm32f10x.o
    0x0800a394   0x00000040   Code   RO          843    .text               startup_stm32f10x_hd.o
    0x0800a3d4   0x00000af0   Code   RO          849    .text               mscard_pa1100.o
    0x0800aec4   0x00000f60   Code   RO          876    .text               bluetooth.o
    0x0800be24   0x000000b0   Code   RO          903    .text               systick_delay.o
    0x0800bed4   0x00000080   Code   RO          928    .text               buzzer.o
    0x0800bf54   0x00000a84   Code   RO          952    .text               roc_littletool.o
    0x0800c9d8   0x000008e0   Code   RO          972    .text               roc_personalfont.o
    0x0800d2b8   0x0000011c   Code   RO         1011    .text               z8d256.o
    0x0800d3d4   0x000011ac   Code   RO         1038    .text               sercrity.o
    0x0800e580   0x00000128   Code   RO         1069    .text               irom.o
    0x0800e6a8   0x00001388   Code   RO         1095    .text               hal_7816.o
    0x0800fa30   0x00000f8c   Code   RO         1125    .text               app_pboc.o
    0x080109bc   0x000077ec   Code   RO         1175    .text               mid_pboc.o
    0x080181a8   0x000000d8   Code   RO         1204    .text               pboc_var.o
    0x08018280   0x0000071c   Code   RO         1227    .text               display.o
    0x0801899c   0x00000288   Code   RO         1255    .text               fontfonction.o
    0x08018c24   0x00000810   Code   RO         1281    .text               msd.o
    0x08019434   0x000003e4   Code   RO         1318    .text               lcd_gui.o
    0x08019818   0x000003d4   Code   RO         1345    .text               key.o
    0x08019bec   0x000001d0   Code   RO         1375    .text               an_adc.o
    0x08019dbc   0x00002a28   Code   RO         1401    .text               up_mpos_cmd.o
    0x0801c7e4   0x00000268   Code   RO         1445    .text               app_parameters.o
    0x0801ca4c   0x0000014c   Code   RO         1470    .text               pwercheck.o
    0x0801cb98   0x0000039c   Code   RO         1496    .text               rtc.o
    0x0801cf34   0x00000b50   Code   RO         1523    .text               usb_core.o
    0x0801da84   0x0000003c   Code   RO         1579    .text               usb_init.o
    0x0801dac0   0x0000033c   Code   RO         1610    .text               usb_int.o
    0x0801ddfc   0x0000005c   Code   RO         1642    .text               usb_mem.o
    0x0801de58   0x00000808   Code   RO         1662    .text               usb_regs.o
    0x0801e660   0x00000080   Code   RO         1682    .text               usb_sil.o
    0x0801e6e0   0x000000e4   Code   RO         1702    .text               hw_config.o
    0x0801e7c4   0x00000044   Code   RO         1757    .text               usb_endp.o
    0x0801e808   0x000000f8   Code   RO         1784    .text               usb_istr.o
    0x0801e900   0x0000023c   Code   RO         1813    .text               usb_prop.o
    0x0801eb3c   0x00000148   Code   RO         1844    .text               usb_pwr.o
    0x0801ec84   0x00000174   Code   RO         1870    .text               usbhid.o
    0x0801edf8   0x000002e8   Code   RO         1917    .text               uart_simulation.o
    0x0801f0e0   0x000001b4   Code   RO         1942    .text               phbalreg.o
    0x0801f294   0x000000b2   Code   RO         1975    .text               phbalreg_stub.o
    0x0801f346   0x00000274   Code   RO         2014    .text               phhalhw.o
    0x0801f5ba   0x00000002   PAD
    0x0801f5bc   0x00001544   Code   RO         2029    .text               phhalhw_rc523.o
    0x08020b00   0x000008fc   Code   RO         2049    .text               phhalhw_rc523_cmd.o
    0x080213fc   0x00000ba8   Code   RO         2061    .text               phhalhw_rc523_int.o
    0x08021fa4   0x00000118   Code   RO         2073    .text               phhalhw_rc523_wait.o
    0x080220bc   0x000001dc   Code   RO         2103    .text               phpali14443p3a.o
    0x08022298   0x00000704   Code   RO         2121    .text               phpali14443p3a_sw.o
    0x0802299c   0x00000388   Code   RO         2136    .text               phpali14443p3b.o
    0x08022d24   0x000009a8   Code   RO         2154    .text               phpali14443p3b_sw.o
    0x080236cc   0x000001ac   Code   RO         2169    .text               phpali14443p4.o
    0x08023878   0x00000d9c   Code   RO         2187    .text               phpali14443p4_sw.o
    0x08024614   0x00000118   Code   RO         2204    .text               phpali14443p4a.o
    0x0802472c   0x00000522   Code   RO         2222    .text               phpali14443p4a_sw.o
    0x08024c4e   0x00000002   PAD
    0x08024c50   0x000000b8   Code   RO         2284    .text               regctl_spihw.o
    0x08024d08   0x00000848   Code   RO         2369    .text               nfc_main.o
    0x08025550   0x00000158   Code   RO         2488    .text               rc523.o
    0x080256a8   0x00000ba8   Code   RO         2509    .text               app_qpboc_pay.o
    0x08026250   0x00000a6c   Code   RO         2534    .text               offline.o
    0x08026cbc   0x00000b16   Code   RO         2559    .text               rsa.o
    0x080277d2   0x00000002   PAD
    0x080277d4   0x000007f4   Code   RO         2584    .text               ic_interface.o
    0x08027fc8   0x00000eac   Code   RO         2603    .text               des.o
    0x08028e74   0x00000024   Code   RO         2622    .text               c_w.l(strstr.o)
    0x08028e98   0x00000058   Code   RO         2624    .text               c_w.l(memcmp.o)
    0x08028ef0   0x0000003e   Code   RO         2626    .text               c_w.l(strlen.o)
    0x08028f2e   0x0000008a   Code   RO         2628    .text               c_w.l(rt_memcpy_v6.o)
    0x08028fb8   0x00000064   Code   RO         2630    .text               c_w.l(rt_memcpy_w.o)
    0x0802901c   0x00000010   Code   RO         2632    .text               c_w.l(aeabi_memset.o)
    0x0802902c   0x00000044   Code   RO         2634    .text               c_w.l(rt_memclr.o)
    0x08029070   0x0000004e   Code   RO         2636    .text               c_w.l(rt_memclr_w.o)
    0x080290be   0x00000002   PAD
    0x080290c0   0x00000080   Code   RO         2638    .text               c_w.l(strcmpv7m.o)
    0x08029140   0x00000006   Code   RO         2640    .text               c_w.l(heapauxi.o)
    0x08029146   0x0000004a   Code   RO         2705    .text               c_w.l(sys_stackheap_outer.o)
    0x08029190   0x0000000c   Code   RO         2707    .text               c_w.l(exit.o)
    0x0802919c   0x00000008   Code   RO         2715    .text               c_w.l(libspace.o)
    0x080291a4   0x0000000c   Code   RO         2774    .text               c_w.l(sys_exit.o)
    0x080291b0   0x00000002   Code   RO         2785    .text               c_w.l(use_no_semi.o)
    0x080291b2   0x00000000   Code   RO         2787    .text               c_w.l(indicate_semi.o)
    0x080291b2   0x00000018   Code   RO         2701    x$fpl$dcmpinf       fz_ws.l(dcmpi.o)
    0x080291ca   0x00000002   PAD
    0x080291cc   0x00000078   Code   RO         2675    x$fpl$dleqf         fz_ws.l(dleqf.o)
    0x08029244   0x0000009c   Code   RO         2703    x$fpl$dnaninf       fz_ws.l(dnaninf.o)
    0x080292e0   0x0000000c   Code   RO         2677    x$fpl$dretinf       fz_ws.l(dretinf.o)
    0x080292ec   0x0000006c   Code   RO         2644    x$fpl$drleqf        fz_ws.l(drleqf.o)
    0x08029358   0x00000056   Code   RO         2646    x$fpl$f2d           fz_ws.l(f2d.o)
    0x080293ae   0x00000002   PAD
    0x080293b0   0x000000c4   Code   RO         2648    x$fpl$fadd          fz_ws.l(faddsub_clz.o)
    0x08029474   0x00000018   Code   RO         2679    x$fpl$fcmpinf       fz_ws.l(fcmpi.o)
    0x0802948c   0x00000184   Code   RO         2655    x$fpl$fdiv          fz_ws.l(fdiv.o)
    0x08029610   0x0000003e   Code   RO         2658    x$fpl$ffixu         fz_ws.l(ffixu.o)
    0x0802964e   0x00000002   PAD
    0x08029650   0x00000026   Code   RO         2662    x$fpl$ffltu         fz_ws.l(fflt_clz.o)
    0x08029676   0x00000002   PAD
    0x08029678   0x00000068   Code   RO         2668    x$fpl$fleqf         fz_ws.l(fleqf.o)
    0x080296e0   0x00000102   Code   RO         2670    x$fpl$fmul          fz_ws.l(fmul.o)
    0x080297e2   0x0000008c   Code   RO         2681    x$fpl$fnaninf       fz_ws.l(fnaninf.o)
    0x0802986e   0x0000000a   Code   RO         2683    x$fpl$fretinf       fz_ws.l(fretinf.o)
    0x08029878   0x00000062   Code   RO         2672    x$fpl$frleqf        fz_ws.l(frleqf.o)
    0x080298da   0x00000014   Code   RO         2649    x$fpl$frsb          fz_ws.l(faddsub_clz.o)
    0x080298ee   0x00000002   PAD
    0x080298f0   0x000000ea   Code   RO         2650    x$fpl$fsub          fz_ws.l(faddsub_clz.o)
    0x080299da   0x00000000   Code   RO         2685    x$fpl$usenofp       fz_ws.l(usenofp.o)
    0x080299da   0x00000002   PAD
    0x080299dc   0x00000010   Data   RO          258    .constdata          vectortable.o
    0x080299ec   0x00000200   Data   RO          953    .constdata          roc_littletool.o
    0x08029bec   0x00001096   Data   RO          973    .constdata          roc_personalfont.o
    0x0802ac82   0x00000781   Data   RO         1176    .constdata          mid_pboc.o
    0x0802b403   0x00000480   Data   RO         1304    .constdata          ascii.o
    0x0802b883   0x0000000f   Data   RO         1346    .constdata          key.o
    0x0802b892   0x00000002   PAD
    0x0802b894   0x000000d0   Data   RO         1446    .constdata          app_parameters.o
    0x0802b964   0x00000018   Data   RO         1497    .constdata          rtc.o
    0x0802b97c   0x0000008c   Data   RO         1736    .constdata          usb_desc.o
    0x0802ba08   0x000000c0   Data   RO         2030    .constdata          phhalhw_rc523.o
    0x0802bac8   0x00000012   Data   RO         2188    .constdata          phpali14443p4_sw.o
    0x0802bada   0x000000b0   Data   RO         2536    .constdata          offline.o
    0x0802bb8a   0x00000002   PAD
    0x0802bb8c   0x00000025   Data   RO         2585    .constdata          ic_interface.o
    0x0802bbb1   0x00000003   PAD
    0x0802bbb4   0x00000980   Data   RO         2604    .constdata          des.o
    0x0802c534   0x00000020   Data   RO         2839    Region$$Table       anon$$obj.o


    Execution Region RW_IRAM1 (Base: 0x20000000, Size: 0x00007a80, Max: 0x0000c000, ABSOLUTE, COMPRESSED[0x000003c4])

    Base Addr    Size         Type   Attr      Idx    E Section Name        Object

    0x20000000   0x00000027   Data   RW          259    .data               vectortable.o
    0x20000027   0x00000001   Data   RW          315    .data               tamper.o
    0x20000028   0x00000014   Data   RW          665    .data               stm32f10x_rcc.o
    0x2000003c   0x00000014   Data   RW          817    .data               system_stm32f10x.o
    0x20000050   0x0000000d   Data   RW          851    .data               mscard_pa1100.o
    0x2000005d   0x00000003   PAD
    0x20000060   0x00000015   Data   RW          878    .data               bluetooth.o
    0x20000075   0x00000001   PAD
    0x20000076   0x00000004   Data   RW          904    .data               systick_delay.o
    0x2000007a   0x00000001   Data   RW         1013    .data               z8d256.o
    0x2000007b   0x00000001   PAD
    0x2000007c   0x00000012   Data   RW         1040    .data               sercrity.o
    0x2000008e   0x00000002   PAD
    0x20000090   0x0000004c   Data   RW         1097    .data               hal_7816.o
    0x200000dc   0x0000033d   Data   RW         1126    .data               app_pboc.o
    0x20000419   0x00000127   Data   RW         1177    .data               mid_pboc.o
    0x20000540   0x0000011f   Data   RW         1207    .data               pboc_var.o
    0x2000065f   0x00000010   Data   RW         1283    .data               msd.o
    0x2000066f   0x00000001   Data   RW         1376    .data               an_adc.o
    0x20000670   0x00000012   Data   RW         1403    .data               up_mpos_cmd.o
    0x20000682   0x00000002   PAD
    0x20000684   0x00000004   Data   RW         1447    .data               app_parameters.o
    0x20000688   0x00000001   Data   RW         1471    .data               pwercheck.o
    0x20000689   0x00000001   PAD
    0x2000068a   0x0000000a   Data   RW         1498    .data               rtc.o
    0x20000694   0x00000003   Data   RW         1524    .data               usb_core.o
    0x20000697   0x00000001   PAD
    0x20000698   0x00000014   Data   RW         1581    .data               usb_init.o
    0x200006ac   0x00000004   Data   RW         1611    .data               usb_int.o
    0x200006b0   0x0000001a   Data   RW         1737    .data               usb_desc.o
    0x200006ca   0x00000002   Data   RW         1759    .data               usb_endp.o
    0x200006cc   0x0000003c   Data   RW         1785    .data               usb_istr.o
    0x20000708   0x0000009c   Data   RW         1814    .data               usb_prop.o
    0x200007a4   0x00000007   Data   RW         1845    .data               usb_pwr.o
    0x200007ab   0x00000001   PAD
    0x200007ac   0x00000005   Data   RW         1919    .data               uart_simulation.o
    0x200007b1   0x00000003   PAD
    0x200007b4   0x00000018   Data   RW         2371    .data               nfc_main.o
    0x200007cc   0x0000000e   Data   RW         2511    .data               app_qpboc_pay.o
    0x200007da   0x00000002   PAD
    0x200007dc   0x0000002d   Data   RW         2537    .data               offline.o
    0x20000809   0x00000003   PAD
    0x2000080c   0x0000000d   Data   RW         2586    .data               ic_interface.o
    0x20000819   0x00000003   PAD
    0x2000081c   0x000001c5   Zero   RW          850    .bss                mscard_pa1100.o
    0x200009e1   0x00000003   PAD
    0x200009e4   0x0000120c   Zero   RW          877    .bss                bluetooth.o
    0x20001bf0   0x00000128   Zero   RW         1039    .bss                sercrity.o
    0x20001d18   0x00000800   Zero   RW         1070    .bss                irom.o
    0x20002518   0x00000530   Zero   RW         1096    .bss                hal_7816.o
    0x20002a48   0x00001992   Zero   RW         1205    .bss                pboc_var.o
    0x200043da   0x00000010   Zero   RW         1282    .bss                msd.o
    0x200043ea   0x00000400   Zero   RW         1319    .bss                lcd_gui.o
    0x200047ea   0x00000002   PAD
    0x200047ec   0x00000952   Zero   RW         1402    .bss                up_mpos_cmd.o
    0x2000513e   0x00000002   PAD
    0x20005140   0x0000001c   Zero   RW         1580    .bss                usb_init.o
    0x2000515c   0x000000c0   Zero   RW         1758    .bss                usb_endp.o
    0x2000521c   0x00000080   Zero   RW         1918    .bss                uart_simulation.o
    0x2000529c   0x000001ea   Zero   RW         2370    .bss                nfc_main.o
    0x20005486   0x000000f8   Zero   RW         2510    .bss                app_qpboc_pay.o
    0x2000557e   0x00000002   PAD
    0x20005580   0x0000049c   Zero   RW         2535    .bss                offline.o
    0x20005a1c   0x00000060   Zero   RW         2716    .bss                c_w.l(libspace.o)
    0x20005a7c   0x00000004   PAD
    0x20005a80   0x00001000   Zero   RW          841    HEAP                startup_stm32f10x_hd.o
    0x20006a80   0x00001000   Zero   RW          840    STACK               startup_stm32f10x_hd.o


==============================================================================

Image component sizes


      Code (inc. data)   RO Data    RW Data    ZI Data      Debug   Object Name

       464         12          0          1          0       1876   an_adc.o
       616        106        208          4          0       3588   app_parameters.o
      3980        760          0        829          0       5936   app_pboc.o
      2984        256          0         14        248       6273   app_qpboc_pay.o
         0          0       1152          0          0        467   ascii.o
      3936        238          0         21       4620      13268   bluetooth.o
       128          8          0          0          0        838   buzzer.o
      3756         50       2432          0          0       9286   des.o
      1820         30          0          0          0       7772   display.o
       648         18          0          0          0       1875   fontfonction.o
      5000        174          0         76       1328      18497   hal_7816.o
       228         12          0          0          0       2251   hw_config.o
      2036         28         37         13          0       7249   ic_interface.o
       296         10          0          0       2048       2345   irom.o
       980         62         15          0          0       3711   key.o
       996         10          0          0       1024       6077   lcd_gui.o
       404         26          0          0          0     306540   main.o
     30700       1196       1921        295          0      38524   mid_pboc.o
       228         20          0          0          0       1970   misc.o
      2800        100          0         13        453       8759   mscard_pa1100.o
      2064         38          0         16         16       8730   msd.o
      2120        130          0         24        490      19370   nfc_main.o
      2668        212        176         45       1180      14508   offline.o
       216         78          0        287       6546       9509   pboc_var.o
       436          0          0          0          0       4389   phbalreg.o
       178          0          0          0          0       3083   phbalreg_stub.o
         0          0          0          0          0       4836   phcidmanager.o
       628          0          0          0          0       4914   phhalhw.o
      5444         84        192          0          0      11425   phhalhw_rc523.o
      2300          0          0          0          0       6566   phhalhw_rc523_cmd.o
      2984         38          0          0          0       7895   phhalhw_rc523_int.o
       280          0          0          0          0       1360   phhalhw_rc523_wait.o
       476          0          0          0          0       4648   phpali14443p3a.o
      1796          0          0          0          0       6152   phpali14443p3a_sw.o
       904          0          0          0          0       8031   phpali14443p3b.o
      2472          0          0          0          0      10441   phpali14443p3b_sw.o
       428          0          0          0          0       4546   phpali14443p4.o
      3484         22         18          0          0      12114   phpali14443p4_sw.o
       280          0          0          0          0       3246   phpali14443p4a.o
      1314          0          0          0          0       4509   phpali14443p4a_sw.o
       332         10          0          1          0       2485   pwercheck.o
       344         14          0          0          0       1379   rc523.o
       184          6          0          0          0       2098   regctl_spihw.o
      2692         10        512          0          0      11494   roc_littletool.o
      2272        686       4246          0          0       7464   roc_personalfont.o
      2850          0          0          0          0      12241   rsa.o
       924         40         24         10          0       3707   rtc.o
      4524         48          0         18        296      17632   sercrity.o
        64         26        304          0       8192        856   startup_stm32f10x_hd.o
      1102         26          0          0          0      10837   stm32f10x_adc.o
       196          8          0          0          0       3464   stm32f10x_bkp.o
       284         10          0          0          0       2235   stm32f10x_exti.o
      1468         34          0          0          0       8030   stm32f10x_flash.o
       860         38          0          0          0       5641   stm32f10x_gpio.o
       532         74          0          0          0       2705   stm32f10x_it.o
        64          6          0          0          0       1261   stm32f10x_iwdg.o
       204         14          0          0          0       1911   stm32f10x_pwr.o
       932         36          0         20          0       8800   stm32f10x_rcc.o
       356          4          0          0          0       2746   stm32f10x_rtc.o
       780         14          0          0          0       6530   stm32f10x_spi.o
      3610         88          0          0          0      22132   stm32f10x_tim.o
      1032         22          0          0          0       8372   stm32f10x_usart.o
       484         38          0         20          0       1747   system_stm32f10x.o
       176          8          0          4          0        983   systick_delay.o
         0          0          0          1          0        224   tamper.o
       744         34          0          5        128       3625   uart_simulation.o
     10792        434          0         18       2386      27706   up_mpos_cmd.o
      2896        114          0          3          0      19887   usb_core.o
         0          0        140         26          0       1016   usb_desc.o
        68         14          0          2        192       1523   usb_endp.o
        60         24          0         20         28       4038   usb_init.o
       828         34          0          4          0       1867   usb_int.o
       248         26          0         60          0       1248   usb_istr.o
        92          6          0          0          0       1366   usb_mem.o
       572         44          0        156          0       7483   usb_prop.o
       328         22          0          7          0       2509   usb_pwr.o
      2056         20          0          0          0      11677   usb_regs.o
       128          8          0          0          0       1394   usb_sil.o
       372         30          0          0          0       1226   usbhid.o
      4224        586         16         39          0     243846   vectortable.o
       284          8          0          1          0       2854   z8d256.o

    ----------------------------------------------------------------------
    142440       6382      11432       2076      29184    1077613   Object Totals
         0          0         32          0          0          0   (incl. Generated)
        10          0          7         23          9          0   (incl. Padding)

    ----------------------------------------------------------------------

      Code (inc. data)   RO Data    RW Data    ZI Data      Debug   Library Member Name

        90          0          0          0          0          0   __dczerorl2.o
         8          0          0          0          0         68   __main.o
        52          8          0          0          0          0   __scatter.o
        28          0          0          0          0          0   __scatter_zi.o
        16          0          0          0          0         68   aeabi_memset.o
        12          0          0          0          0         72   exit.o
         6          0          0          0          0        152   heapauxi.o
         0          0          0          0          0          0   indicate_semi.o
         2          0          0          0          0          0   libinit.o
         2          0          0          0          0          0   libinit2.o
         2          0          0          0          0          0   libshutdown.o
         2          0          0          0          0          0   libshutdown2.o
         8          4          0          0         96         68   libspace.o
        88          0          0          0          0         76   memcmp.o
        68          0          0          0          0         68   rt_memclr.o
        78          0          0          0          0         80   rt_memclr_w.o
       138          0          0          0          0         68   rt_memcpy_v6.o
       100          0          0          0          0         80   rt_memcpy_w.o
         0          0          0          0          0          0   rtentry.o
        12          0          0          0          0          0   rtentry2.o
         6          0          0          0          0          0   rtentry4.o
         2          0          0          0          0          0   rtexit.o
        10          0          0          0          0          0   rtexit2.o
       128          0          0          0          0         68   strcmpv7m.o
        62          0          0          0          0         76   strlen.o
        36          0          0          0          0         80   strstr.o
        12          4          0          0          0         68   sys_exit.o
        74          0          0          0          0         80   sys_stackheap_outer.o
         2          0          0          0          0         68   use_no_semi.o
        24          0          0          0          0         68   dcmpi.o
       120          4          0          0          0         92   dleqf.o
       156          4          0          0          0         92   dnaninf.o
        12          0          0          0          0         68   dretinf.o
       108          0          0          0          0         80   drleqf.o
        86          4          0          0          0         84   f2d.o
       450          8          0          0          0        236   faddsub_clz.o
        24          0          0          0          0         68   fcmpi.o
       388         76          0          0          0         96   fdiv.o
        62          4          0          0          0         84   ffixu.o
        38          0          0          0          0         68   fflt_clz.o
       104          4          0          0          0         84   fleqf.o
       258          4          0          0          0         84   fmul.o
       140          4          0          0          0         84   fnaninf.o
        10          0          0          0          0         68   fretinf.o
        98          0          0          0          0         68   frleqf.o
         0          0          0          0          0          0   usenofp.o

    ----------------------------------------------------------------------
      3140        128          0          0        100       2664   Library Totals
        18          0          0          0          4          0   (incl. Padding)

    ----------------------------------------------------------------------

      Code (inc. data)   RO Data    RW Data    ZI Data      Debug   Library Name

      1044         16          0          0         96       1240   c_w.l
      2078        112          0          0          0       1424   fz_ws.l

    ----------------------------------------------------------------------
      3140        128          0          0        100       2664   Library Totals

    ----------------------------------------------------------------------

==============================================================================


      Code (inc. data)   RO Data    RW Data    ZI Data      Debug   

    145580       6510      11432       2076      29284    1071537   Grand Totals
    145580       6510      11432        964      29284    1071537   ELF Image Totals (compressed)
    145580       6510      11432        964          0          0   ROM Totals

==============================================================================

    Total RO  Size (Code + RO Data)               157012 ( 153.33kB)
    Total RW  Size (RW Data + ZI Data)             31360 (  30.63kB)
    Total ROM Size (Code + RO Data + RW Data)     157976 ( 154.27kB)

==============================================================================

