<!doctype html public "-//w3c//dtd html 4.0 transitional//en">
<html><head>
<title>Static Call Graph - [.\RVMDK\Release\mPOS_3_4_N_UpDate.axf]</title></head>
<body><HR>
<H1>Static Call Graph for image .\RVMDK\Release\mPOS_3_4_N_UpDate.axf</H1><HR>
<BR><P>#&#060CALLGRAPH&#062# ARM Linker, 5040049: Last Updated: Thu Jul 09 15:02:21 2015
<BR><P>
<H3>Maximum Stack Usage =       4928 bytes + Unknown(Functions without stacksize, Cycles, Untraceable Function Pointers)</H3><H3>
Call chain for Maximum Stack Depth:</H3>
__rt_entry_main &rArr; main &rArr; vVectorTable_CMD &rArr; vVectorTable_Card &rArr; iPayQPOCFlow &rArr; App_qPBOC_Purchase &rArr; App_qPBOC_Offline &rArr; OfflineDynamicDataAuthentication &rArr; DynamicDataVeryfy &rArr; RSADecryption &rArr; RSAPublicDecrypt &rArr; RSAPublicBlock &rArr; NN_ModExp &rArr; NN_ModMult &rArr; NN_Mod &rArr; NN_Div &rArr; subdigitmult
<P>
<H3>
Functions with no stack information
</H3><UL>
 <LI><a href="#[3ca]">__user_initial_stackheap</a>
</UL>
</UL>
<P>
<H3>
Mutually Recursive functions
</H3> <LI><a href="#[2f]">ADC1_2_IRQHandler</a>&nbsp;&nbsp;&nbsp;&rArr;&nbsp;&nbsp;&nbsp;<a href="#[2f]">ADC1_2_IRQHandler</a><BR>
 <LI><a href="#[2f0]">phhalHw_Rc523_SetConfig</a>&nbsp;&nbsp;&nbsp;&rArr;&nbsp;&nbsp;&nbsp;<a href="#[2ef]">phhalHw_SetConfig</a><BR>
</UL>
<P>
<H3>
Function Pointers
</H3><UL>
 <LI><a href="#[2f]">ADC1_2_IRQHandler</a> from startup_stm32f10x_hd.o(.text) referenced from startup_stm32f10x_hd.o(RESET)
 <LI><a href="#[4c]">ADC3_IRQHandler</a> from startup_stm32f10x_hd.o(.text) referenced from startup_stm32f10x_hd.o(RESET)
 <LI><a href="#[17]">BusFault_Handler</a> from stm32f10x_it.o(.text) referenced from startup_stm32f10x_hd.o(RESET)
 <LI><a href="#[32]">CAN1_RX1_IRQHandler</a> from startup_stm32f10x_hd.o(.text) referenced from startup_stm32f10x_hd.o(RESET)
 <LI><a href="#[33]">CAN1_SCE_IRQHandler</a> from startup_stm32f10x_hd.o(.text) referenced from startup_stm32f10x_hd.o(RESET)
 <LI><a href="#[b]">CustomHID_Data_Setup</a> from usb_prop.o(.text) referenced 2 times from usb_prop.o(.data)
 <LI><a href="#[f]">CustomHID_GetConfigDescriptor</a> from usb_prop.o(.text) referenced 2 times from usb_prop.o(.data)
 <LI><a href="#[e]">CustomHID_GetDeviceDescriptor</a> from usb_prop.o(.text) referenced 2 times from usb_prop.o(.data)
 <LI><a href="#[2c3]">CustomHID_GetHIDDescriptor</a> from usb_prop.o(.text) referenced from usb_prop.o(.text)
 <LI><a href="#[2c6]">CustomHID_GetProtocolValue</a> from usb_prop.o(.text) referenced from usb_prop.o(.text)
 <LI><a href="#[2c5]">CustomHID_GetReportDescriptor</a> from usb_prop.o(.text) referenced from usb_prop.o(.text)
 <LI><a href="#[10]">CustomHID_GetStringDescriptor</a> from usb_prop.o(.text) referenced 2 times from usb_prop.o(.data)
 <LI><a href="#[d]">CustomHID_Get_Interface_Setting</a> from usb_prop.o(.text) referenced 2 times from usb_prop.o(.data)
 <LI><a href="#[c]">CustomHID_NoData_Setup</a> from usb_prop.o(.text) referenced 2 times from usb_prop.o(.data)
 <LI><a href="#[8]">CustomHID_Reset</a> from usb_prop.o(.text) referenced 2 times from usb_prop.o(.data)
 <LI><a href="#[11]">CustomHID_SetConfiguration</a> from usb_prop.o(.text) referenced 2 times from usb_prop.o(.data)
 <LI><a href="#[12]">CustomHID_SetDeviceAddress</a> from usb_prop.o(.text) referenced 2 times from usb_prop.o(.data)
 <LI><a href="#[9]">CustomHID_Status_In</a> from usb_prop.o(.text) referenced 2 times from usb_prop.o(.data)
 <LI><a href="#[a]">CustomHID_Status_Out</a> from usb_prop.o(.text) referenced 2 times from usb_prop.o(.data)
 <LI><a href="#[7]">CustomHID_init</a> from usb_prop.o(.text) referenced 2 times from usb_prop.o(.data)
 <LI><a href="#[28]">DMA1_Channel1_IRQHandler</a> from startup_stm32f10x_hd.o(.text) referenced from startup_stm32f10x_hd.o(RESET)
 <LI><a href="#[29]">DMA1_Channel2_IRQHandler</a> from startup_stm32f10x_hd.o(.text) referenced from startup_stm32f10x_hd.o(RESET)
 <LI><a href="#[2a]">DMA1_Channel3_IRQHandler</a> from startup_stm32f10x_hd.o(.text) referenced from startup_stm32f10x_hd.o(RESET)
 <LI><a href="#[2b]">DMA1_Channel4_IRQHandler</a> from startup_stm32f10x_hd.o(.text) referenced from startup_stm32f10x_hd.o(RESET)
 <LI><a href="#[2c]">DMA1_Channel5_IRQHandler</a> from startup_stm32f10x_hd.o(.text) referenced from startup_stm32f10x_hd.o(RESET)
 <LI><a href="#[2d]">DMA1_Channel6_IRQHandler</a> from startup_stm32f10x_hd.o(.text) referenced from startup_stm32f10x_hd.o(RESET)
 <LI><a href="#[2e]">DMA1_Channel7_IRQHandler</a> from startup_stm32f10x_hd.o(.text) referenced from startup_stm32f10x_hd.o(RESET)
 <LI><a href="#[55]">DMA2_Channel1_IRQHandler</a> from startup_stm32f10x_hd.o(.text) referenced from startup_stm32f10x_hd.o(RESET)
 <LI><a href="#[56]">DMA2_Channel2_IRQHandler</a> from startup_stm32f10x_hd.o(.text) referenced from startup_stm32f10x_hd.o(RESET)
 <LI><a href="#[57]">DMA2_Channel3_IRQHandler</a> from startup_stm32f10x_hd.o(.text) referenced from startup_stm32f10x_hd.o(RESET)
 <LI><a href="#[58]">DMA2_Channel4_5_IRQHandler</a> from startup_stm32f10x_hd.o(.text) referenced from startup_stm32f10x_hd.o(RESET)
 <LI><a href="#[1a]">DebugMon_Handler</a> from stm32f10x_it.o(.text) referenced from startup_stm32f10x_hd.o(RESET)
 <LI><a href="#[3]">EP1_IN_Callback</a> from usb_endp.o(.text) referenced 2 times from usb_istr.o(.data)
 <LI><a href="#[6]">EP1_OUT_Callback</a> from usb_endp.o(.text) referenced 2 times from usb_istr.o(.data)
 <LI><a href="#[4]">EP2_IN_Callback</a> from usb_endp.o(.text) referenced 2 times from usb_istr.o(.data)
 <LI><a href="#[23]">EXTI0_IRQHandler</a> from startup_stm32f10x_hd.o(.text) referenced from startup_stm32f10x_hd.o(RESET)
 <LI><a href="#[45]">EXTI15_10_IRQHandler</a> from stm32f10x_it.o(.text) referenced from startup_stm32f10x_hd.o(RESET)
 <LI><a href="#[24]">EXTI1_IRQHandler</a> from startup_stm32f10x_hd.o(.text) referenced from startup_stm32f10x_hd.o(RESET)
 <LI><a href="#[25]">EXTI2_IRQHandler</a> from startup_stm32f10x_hd.o(.text) referenced from startup_stm32f10x_hd.o(RESET)
 <LI><a href="#[26]">EXTI3_IRQHandler</a> from stm32f10x_it.o(.text) referenced from startup_stm32f10x_hd.o(RESET)
 <LI><a href="#[27]">EXTI4_IRQHandler</a> from startup_stm32f10x_hd.o(.text) referenced from startup_stm32f10x_hd.o(RESET)
 <LI><a href="#[34]">EXTI9_5_IRQHandler</a> from startup_stm32f10x_hd.o(.text) referenced from startup_stm32f10x_hd.o(RESET)
 <LI><a href="#[21]">FLASH_IRQHandler</a> from startup_stm32f10x_hd.o(.text) referenced from startup_stm32f10x_hd.o(RESET)
 <LI><a href="#[4d]">FSMC_IRQHandler</a> from startup_stm32f10x_hd.o(.text) referenced from startup_stm32f10x_hd.o(RESET)
 <LI><a href="#[15]">HardFault_Handler</a> from stm32f10x_it.o(.text) referenced from startup_stm32f10x_hd.o(RESET)
 <LI><a href="#[3d]">I2C1_ER_IRQHandler</a> from startup_stm32f10x_hd.o(.text) referenced from startup_stm32f10x_hd.o(RESET)
 <LI><a href="#[3c]">I2C1_EV_IRQHandler</a> from startup_stm32f10x_hd.o(.text) referenced from startup_stm32f10x_hd.o(RESET)
 <LI><a href="#[3f]">I2C2_ER_IRQHandler</a> from startup_stm32f10x_hd.o(.text) referenced from startup_stm32f10x_hd.o(RESET)
 <LI><a href="#[3e]">I2C2_EV_IRQHandler</a> from startup_stm32f10x_hd.o(.text) referenced from startup_stm32f10x_hd.o(RESET)
 <LI><a href="#[16]">MemManage_Handler</a> from stm32f10x_it.o(.text) referenced from startup_stm32f10x_hd.o(RESET)
 <LI><a href="#[14]">NMI_Handler</a> from stm32f10x_it.o(.text) referenced from startup_stm32f10x_hd.o(RESET)
 <LI><a href="#[5]">NOP_Process</a> from usb_core.o(.text) referenced 36 times from usb_istr.o(.data)
 <LI><a href="#[1e]">PVD_IRQHandler</a> from startup_stm32f10x_hd.o(.text) referenced from startup_stm32f10x_hd.o(RESET)
 <LI><a href="#[1b]">PendSV_Handler</a> from stm32f10x_it.o(.text) referenced from startup_stm32f10x_hd.o(RESET)
 <LI><a href="#[22]">RCC_IRQHandler</a> from startup_stm32f10x_hd.o(.text) referenced from startup_stm32f10x_hd.o(RESET)
 <LI><a href="#[46]">RTCAlarm_IRQHandler</a> from startup_stm32f10x_hd.o(.text) referenced from startup_stm32f10x_hd.o(RESET)
 <LI><a href="#[20]">RTC_IRQHandler</a> from rtc.o(.text) referenced from startup_stm32f10x_hd.o(RESET)
 <LI><a href="#[13]">Reset_Handler</a> from startup_stm32f10x_hd.o(.text) referenced from startup_stm32f10x_hd.o(RESET)
 <LI><a href="#[4e]">SDIO_IRQHandler</a> from startup_stm32f10x_hd.o(.text) referenced from startup_stm32f10x_hd.o(RESET)
 <LI><a href="#[40]">SPI1_IRQHandler</a> from startup_stm32f10x_hd.o(.text) referenced from startup_stm32f10x_hd.o(RESET)
 <LI><a href="#[41]">SPI2_IRQHandler</a> from startup_stm32f10x_hd.o(.text) referenced from startup_stm32f10x_hd.o(RESET)
 <LI><a href="#[50]">SPI3_IRQHandler</a> from startup_stm32f10x_hd.o(.text) referenced from startup_stm32f10x_hd.o(RESET)
 <LI><a href="#[19]">SVC_Handler</a> from stm32f10x_it.o(.text) referenced from startup_stm32f10x_hd.o(RESET)
 <LI><a href="#[2a5]">Standard_GetConfiguration</a> from usb_core.o(.text) referenced from usb_core.o(.text)
 <LI><a href="#[2a6]">Standard_GetInterface</a> from usb_core.o(.text) referenced from usb_core.o(.text)
 <LI><a href="#[2a4]">Standard_GetStatus</a> from usb_core.o(.text) referenced 3 times from usb_core.o(.text)
 <LI><a href="#[1c]">SysTick_Handler</a> from stm32f10x_it.o(.text) referenced from startup_stm32f10x_hd.o(RESET)
 <LI><a href="#[59]">SystemInit</a> from system_stm32f10x.o(.text) referenced from startup_stm32f10x_hd.o(.text)
 <LI><a href="#[1f]">TAMPER_IRQHandler</a> from stm32f10x_it.o(.text) referenced from startup_stm32f10x_hd.o(RESET)
 <LI><a href="#[35]">TIM1_BRK_IRQHandler</a> from startup_stm32f10x_hd.o(.text) referenced from startup_stm32f10x_hd.o(RESET)
 <LI><a href="#[38]">TIM1_CC_IRQHandler</a> from startup_stm32f10x_hd.o(.text) referenced from startup_stm32f10x_hd.o(RESET)
 <LI><a href="#[37]">TIM1_TRG_COM_IRQHandler</a> from startup_stm32f10x_hd.o(.text) referenced from startup_stm32f10x_hd.o(RESET)
 <LI><a href="#[36]">TIM1_UP_IRQHandler</a> from stm32f10x_it.o(.text) referenced from startup_stm32f10x_hd.o(RESET)
 <LI><a href="#[39]">TIM2_IRQHandler</a> from stm32f10x_it.o(.text) referenced from startup_stm32f10x_hd.o(RESET)
 <LI><a href="#[3a]">TIM3_IRQHandler</a> from startup_stm32f10x_hd.o(.text) referenced from startup_stm32f10x_hd.o(RESET)
 <LI><a href="#[3b]">TIM4_IRQHandler</a> from startup_stm32f10x_hd.o(.text) referenced from startup_stm32f10x_hd.o(RESET)
 <LI><a href="#[4f]">TIM5_IRQHandler</a> from startup_stm32f10x_hd.o(.text) referenced from startup_stm32f10x_hd.o(RESET)
 <LI><a href="#[53]">TIM6_IRQHandler</a> from startup_stm32f10x_hd.o(.text) referenced from startup_stm32f10x_hd.o(RESET)
 <LI><a href="#[54]">TIM7_IRQHandler</a> from startup_stm32f10x_hd.o(.text) referenced from startup_stm32f10x_hd.o(RESET)
 <LI><a href="#[48]">TIM8_BRK_IRQHandler</a> from startup_stm32f10x_hd.o(.text) referenced from startup_stm32f10x_hd.o(RESET)
 <LI><a href="#[4b]">TIM8_CC_IRQHandler</a> from startup_stm32f10x_hd.o(.text) referenced from startup_stm32f10x_hd.o(RESET)
 <LI><a href="#[4a]">TIM8_TRG_COM_IRQHandler</a> from startup_stm32f10x_hd.o(.text) referenced from startup_stm32f10x_hd.o(RESET)
 <LI><a href="#[49]">TIM8_UP_IRQHandler</a> from startup_stm32f10x_hd.o(.text) referenced from startup_stm32f10x_hd.o(RESET)
 <LI><a href="#[51]">UART4_IRQHandler</a> from stm32f10x_it.o(.text) referenced from startup_stm32f10x_hd.o(RESET)
 <LI><a href="#[52]">UART5_IRQHandler</a> from startup_stm32f10x_hd.o(.text) referenced from startup_stm32f10x_hd.o(RESET)
 <LI><a href="#[42]">USART1_IRQHandler</a> from stm32f10x_it.o(.text) referenced from startup_stm32f10x_hd.o(RESET)
 <LI><a href="#[43]">USART2_IRQHandler</a> from stm32f10x_it.o(.text) referenced from startup_stm32f10x_hd.o(RESET)
 <LI><a href="#[44]">USART3_IRQHandler</a> from startup_stm32f10x_hd.o(.text) referenced from startup_stm32f10x_hd.o(RESET)
 <LI><a href="#[47]">USBWakeUp_IRQHandler</a> from startup_stm32f10x_hd.o(.text) referenced from startup_stm32f10x_hd.o(RESET)
 <LI><a href="#[30]">USB_HP_CAN1_TX_IRQHandler</a> from startup_stm32f10x_hd.o(.text) referenced from startup_stm32f10x_hd.o(RESET)
 <LI><a href="#[31]">USB_LP_CAN1_RX0_IRQHandler</a> from stm32f10x_it.o(.text) referenced from startup_stm32f10x_hd.o(RESET)
 <LI><a href="#[18]">UsageFault_Handler</a> from stm32f10x_it.o(.text) referenced from startup_stm32f10x_hd.o(RESET)
 <LI><a href="#[1d]">WWDG_IRQHandler</a> from startup_stm32f10x_hd.o(.text) referenced from startup_stm32f10x_hd.o(RESET)
 <LI><a href="#[5b]">__main</a> from __main.o(!!!main) referenced from startup_stm32f10x_hd.o(.text)
</UL>
<P>
<H3>
Global Symbols
</H3>
<P><STRONG><a name="[5b]"></a>__main</STRONG> (Thumb, 8 bytes, Stack size 0 bytes, __main.o(!!!main))
<BR><BR>[Calls]<UL><LI><a href="#[5c]">&gt;&gt;</a>&nbsp;&nbsp;&nbsp;__scatterload
<LI><a href="#[5d]">&gt;&gt;</a>&nbsp;&nbsp;&nbsp;__rt_entry
</UL>

<P><STRONG><a name="[5c]"></a>__scatterload</STRONG> (Thumb, 0 bytes, Stack size unknown bytes, __scatter.o(!!!scatter))
<BR><BR>[Called By]<UL><LI><a href="#[5b]">&gt;&gt;</a>&nbsp;&nbsp;&nbsp;__main
</UL>

<P><STRONG><a name="[5e]"></a>__scatterload_rt2</STRONG> (Thumb, 44 bytes, Stack size unknown bytes, __scatter.o(!!!scatter), UNUSED)
<BR><BR>[Calls]<UL><LI><a href="#[5d]">&gt;&gt;</a>&nbsp;&nbsp;&nbsp;__rt_entry
</UL>

<P><STRONG><a name="[3e1]"></a>__scatterload_rt2_thumb_only</STRONG> (Thumb, 0 bytes, Stack size unknown bytes, __scatter.o(!!!scatter), UNUSED)

<P><STRONG><a name="[3e2]"></a>__scatterload_null</STRONG> (Thumb, 0 bytes, Stack size unknown bytes, __scatter.o(!!!scatter), UNUSED)

<P><STRONG><a name="[3e3]"></a>__decompress</STRONG> (Thumb, 90 bytes, Stack size unknown bytes, __dczerorl2.o(!!dczerorl2), UNUSED)

<P><STRONG><a name="[3e4]"></a>__decompress1</STRONG> (Thumb, 0 bytes, Stack size unknown bytes, __dczerorl2.o(!!dczerorl2), UNUSED)

<P><STRONG><a name="[3e5]"></a>__scatterload_zeroinit</STRONG> (Thumb, 28 bytes, Stack size unknown bytes, __scatter_zi.o(!!handler_zi), UNUSED)

<P><STRONG><a name="[62]"></a>__rt_lib_init</STRONG> (Thumb, 0 bytes, Stack size unknown bytes, libinit.o(.ARM.Collect$$libinit$$00000000))
<BR><BR>[Called By]<UL><LI><a href="#[61]">&gt;&gt;</a>&nbsp;&nbsp;&nbsp;__rt_entry_li
</UL>

<P><STRONG><a name="[3e6]"></a>__rt_lib_init_alloca_1</STRONG> (Thumb, 0 bytes, Stack size unknown bytes, libinit2.o(.ARM.Collect$$libinit$$0000002C))

<P><STRONG><a name="[3e7]"></a>__rt_lib_init_argv_1</STRONG> (Thumb, 0 bytes, Stack size unknown bytes, libinit2.o(.ARM.Collect$$libinit$$0000002A))

<P><STRONG><a name="[3e8]"></a>__rt_lib_init_atexit_1</STRONG> (Thumb, 0 bytes, Stack size unknown bytes, libinit2.o(.ARM.Collect$$libinit$$00000019))

<P><STRONG><a name="[3e9]"></a>__rt_lib_init_clock_1</STRONG> (Thumb, 0 bytes, Stack size unknown bytes, libinit2.o(.ARM.Collect$$libinit$$0000001F))

<P><STRONG><a name="[3ea]"></a>__rt_lib_init_cpp_1</STRONG> (Thumb, 0 bytes, Stack size unknown bytes, libinit2.o(.ARM.Collect$$libinit$$00000030))

<P><STRONG><a name="[3eb]"></a>__rt_lib_init_exceptions_1</STRONG> (Thumb, 0 bytes, Stack size unknown bytes, libinit2.o(.ARM.Collect$$libinit$$0000002E))

<P><STRONG><a name="[3ec]"></a>__rt_lib_init_fp_1</STRONG> (Thumb, 0 bytes, Stack size unknown bytes, libinit2.o(.ARM.Collect$$libinit$$00000002))

<P><STRONG><a name="[3ed]"></a>__rt_lib_init_fp_trap_1</STRONG> (Thumb, 0 bytes, Stack size unknown bytes, libinit2.o(.ARM.Collect$$libinit$$0000001D))

<P><STRONG><a name="[3ee]"></a>__rt_lib_init_getenv_1</STRONG> (Thumb, 0 bytes, Stack size unknown bytes, libinit2.o(.ARM.Collect$$libinit$$00000021))

<P><STRONG><a name="[3ef]"></a>__rt_lib_init_heap_1</STRONG> (Thumb, 0 bytes, Stack size unknown bytes, libinit2.o(.ARM.Collect$$libinit$$00000008))

<P><STRONG><a name="[3f0]"></a>__rt_lib_init_lc_collate_1</STRONG> (Thumb, 0 bytes, Stack size unknown bytes, libinit2.o(.ARM.Collect$$libinit$$0000000F))

<P><STRONG><a name="[3f1]"></a>__rt_lib_init_lc_ctype_1</STRONG> (Thumb, 0 bytes, Stack size unknown bytes, libinit2.o(.ARM.Collect$$libinit$$00000011))

<P><STRONG><a name="[3f2]"></a>__rt_lib_init_lc_monetary_1</STRONG> (Thumb, 0 bytes, Stack size unknown bytes, libinit2.o(.ARM.Collect$$libinit$$00000013))

<P><STRONG><a name="[3f3]"></a>__rt_lib_init_lc_numeric_1</STRONG> (Thumb, 0 bytes, Stack size unknown bytes, libinit2.o(.ARM.Collect$$libinit$$00000015))

<P><STRONG><a name="[3f4]"></a>__rt_lib_init_lc_time_1</STRONG> (Thumb, 0 bytes, Stack size unknown bytes, libinit2.o(.ARM.Collect$$libinit$$00000017))

<P><STRONG><a name="[3f5]"></a>__rt_lib_init_rand_1</STRONG> (Thumb, 0 bytes, Stack size unknown bytes, libinit2.o(.ARM.Collect$$libinit$$0000000C))

<P><STRONG><a name="[3f6]"></a>__rt_lib_init_return</STRONG> (Thumb, 0 bytes, Stack size unknown bytes, libinit2.o(.ARM.Collect$$libinit$$00000031))

<P><STRONG><a name="[3f7]"></a>__rt_lib_init_signal_1</STRONG> (Thumb, 0 bytes, Stack size unknown bytes, libinit2.o(.ARM.Collect$$libinit$$0000001B))

<P><STRONG><a name="[3f8]"></a>__rt_lib_init_stdio_1</STRONG> (Thumb, 0 bytes, Stack size unknown bytes, libinit2.o(.ARM.Collect$$libinit$$00000023))

<P><STRONG><a name="[3f9]"></a>__rt_lib_init_user_alloc_1</STRONG> (Thumb, 0 bytes, Stack size unknown bytes, libinit2.o(.ARM.Collect$$libinit$$0000000A))

<P><STRONG><a name="[67]"></a>__rt_lib_shutdown</STRONG> (Thumb, 0 bytes, Stack size unknown bytes, libshutdown.o(.ARM.Collect$$libshutdown$$00000000))
<BR><BR>[Called By]<UL><LI><a href="#[66]">&gt;&gt;</a>&nbsp;&nbsp;&nbsp;__rt_exit_ls
</UL>

<P><STRONG><a name="[3fa]"></a>__rt_lib_shutdown_fp_trap_1</STRONG> (Thumb, 0 bytes, Stack size unknown bytes, libshutdown2.o(.ARM.Collect$$libshutdown$$00000006))

<P><STRONG><a name="[3fb]"></a>__rt_lib_shutdown_heap_1</STRONG> (Thumb, 0 bytes, Stack size unknown bytes, libshutdown2.o(.ARM.Collect$$libshutdown$$0000000E))

<P><STRONG><a name="[3fc]"></a>__rt_lib_shutdown_return</STRONG> (Thumb, 0 bytes, Stack size unknown bytes, libshutdown2.o(.ARM.Collect$$libshutdown$$0000000F))

<P><STRONG><a name="[3fd]"></a>__rt_lib_shutdown_signal_1</STRONG> (Thumb, 0 bytes, Stack size unknown bytes, libshutdown2.o(.ARM.Collect$$libshutdown$$00000009))

<P><STRONG><a name="[3fe]"></a>__rt_lib_shutdown_stdio_1</STRONG> (Thumb, 0 bytes, Stack size unknown bytes, libshutdown2.o(.ARM.Collect$$libshutdown$$00000003))

<P><STRONG><a name="[3ff]"></a>__rt_lib_shutdown_user_alloc_1</STRONG> (Thumb, 0 bytes, Stack size unknown bytes, libshutdown2.o(.ARM.Collect$$libshutdown$$0000000B))

<P><STRONG><a name="[5d]"></a>__rt_entry</STRONG> (Thumb, 0 bytes, Stack size unknown bytes, rtentry.o(.ARM.Collect$$rtentry$$00000000))
<BR><BR>[Called By]<UL><LI><a href="#[5e]">&gt;&gt;</a>&nbsp;&nbsp;&nbsp;__scatterload_rt2
<LI><a href="#[5b]">&gt;&gt;</a>&nbsp;&nbsp;&nbsp;__main
</UL>

<P><STRONG><a name="[400]"></a>__rt_entry_presh_1</STRONG> (Thumb, 0 bytes, Stack size unknown bytes, rtentry2.o(.ARM.Collect$$rtentry$$00000002))

<P><STRONG><a name="[5f]"></a>__rt_entry_sh</STRONG> (Thumb, 0 bytes, Stack size unknown bytes, rtentry4.o(.ARM.Collect$$rtentry$$00000004))
<BR><BR>[Stack]<UL><LI>Max Depth = 8 + Unknown Stack Size
<LI>Call Chain = __rt_entry_sh &rArr; __user_setup_stackheap
</UL>
<BR>[Calls]<UL><LI><a href="#[60]">&gt;&gt;</a>&nbsp;&nbsp;&nbsp;__user_setup_stackheap
</UL>

<P><STRONG><a name="[61]"></a>__rt_entry_li</STRONG> (Thumb, 0 bytes, Stack size unknown bytes, rtentry2.o(.ARM.Collect$$rtentry$$0000000A))
<BR><BR>[Calls]<UL><LI><a href="#[62]">&gt;&gt;</a>&nbsp;&nbsp;&nbsp;__rt_lib_init
</UL>

<P><STRONG><a name="[401]"></a>__rt_entry_postsh_1</STRONG> (Thumb, 0 bytes, Stack size unknown bytes, rtentry2.o(.ARM.Collect$$rtentry$$00000009))

<P><STRONG><a name="[63]"></a>__rt_entry_main</STRONG> (Thumb, 0 bytes, Stack size unknown bytes, rtentry2.o(.ARM.Collect$$rtentry$$0000000D))
<BR><BR>[Stack]<UL><LI>Max Depth = 4928 + Unknown Stack Size
<LI>Call Chain = __rt_entry_main &rArr; main &rArr; vVectorTable_CMD &rArr; vVectorTable_Card &rArr; iPayQPOCFlow &rArr; App_qPBOC_Purchase &rArr; App_qPBOC_Offline &rArr; OfflineDynamicDataAuthentication &rArr; DynamicDataVeryfy &rArr; RSADecryption &rArr; RSAPublicDecrypt &rArr; RSAPublicBlock &rArr; NN_ModExp &rArr; NN_ModMult &rArr; NN_Mod &rArr; NN_Div &rArr; subdigitmult
</UL>
<BR>[Calls]<UL><LI><a href="#[64]">&gt;&gt;</a>&nbsp;&nbsp;&nbsp;main
<LI><a href="#[65]">&gt;&gt;</a>&nbsp;&nbsp;&nbsp;exit
</UL>

<P><STRONG><a name="[402]"></a>__rt_entry_postli_1</STRONG> (Thumb, 0 bytes, Stack size unknown bytes, rtentry2.o(.ARM.Collect$$rtentry$$0000000C))

<P><STRONG><a name="[3cb]"></a>__rt_exit</STRONG> (Thumb, 0 bytes, Stack size unknown bytes, rtexit.o(.ARM.Collect$$rtexit$$00000000))
<BR><BR>[Called By]<UL><LI><a href="#[65]">&gt;&gt;</a>&nbsp;&nbsp;&nbsp;exit
</UL>

<P><STRONG><a name="[66]"></a>__rt_exit_ls</STRONG> (Thumb, 0 bytes, Stack size unknown bytes, rtexit2.o(.ARM.Collect$$rtexit$$00000003))
<BR><BR>[Calls]<UL><LI><a href="#[67]">&gt;&gt;</a>&nbsp;&nbsp;&nbsp;__rt_lib_shutdown
</UL>

<P><STRONG><a name="[403]"></a>__rt_exit_prels_1</STRONG> (Thumb, 0 bytes, Stack size unknown bytes, rtexit2.o(.ARM.Collect$$rtexit$$00000002))

<P><STRONG><a name="[68]"></a>__rt_exit_exit</STRONG> (Thumb, 0 bytes, Stack size unknown bytes, rtexit2.o(.ARM.Collect$$rtexit$$00000004))
<BR><BR>[Calls]<UL><LI><a href="#[69]">&gt;&gt;</a>&nbsp;&nbsp;&nbsp;_sys_exit
</UL>

<P><STRONG><a name="[39b]"></a>__asm___5_Rsa_c_ec1a91ae__dmult</STRONG> (Thumb, 12 bytes, Stack size 0 bytes, rsa.o(.emb_text))
<BR><BR>[Called By]<UL><LI><a href="#[39c]">&gt;&gt;</a>&nbsp;&nbsp;&nbsp;NN_Mult
<LI><a href="#[39a]">&gt;&gt;</a>&nbsp;&nbsp;&nbsp;subdigitmult
</UL>

<P><STRONG><a name="[6a]"></a>Set_System</STRONG> (Thumb, 126 bytes, Stack size 8 bytes, main.o(.text))
<BR><BR>[Stack]<UL><LI>Max Depth = 32<LI>Call Chain = Set_System &rArr; RCC_WaitForHSEStartUp &rArr; RCC_GetFlagStatus
</UL>
<BR>[Calls]<UL><LI><a href="#[6d]">&gt;&gt;</a>&nbsp;&nbsp;&nbsp;RCC_WaitForHSEStartUp
<LI><a href="#[77]">&gt;&gt;</a>&nbsp;&nbsp;&nbsp;RCC_SYSCLKConfig
<LI><a href="#[74]">&gt;&gt;</a>&nbsp;&nbsp;&nbsp;RCC_PLLConfig
<LI><a href="#[75]">&gt;&gt;</a>&nbsp;&nbsp;&nbsp;RCC_PLLCmd
<LI><a href="#[71]">&gt;&gt;</a>&nbsp;&nbsp;&nbsp;RCC_PCLK2Config
<LI><a href="#[72]">&gt;&gt;</a>&nbsp;&nbsp;&nbsp;RCC_PCLK1Config
<LI><a href="#[6c]">&gt;&gt;</a>&nbsp;&nbsp;&nbsp;RCC_HSEConfig
<LI><a href="#[70]">&gt;&gt;</a>&nbsp;&nbsp;&nbsp;RCC_HCLKConfig
<LI><a href="#[78]">&gt;&gt;</a>&nbsp;&nbsp;&nbsp;RCC_GetSYSCLKSource
<LI><a href="#[76]">&gt;&gt;</a>&nbsp;&nbsp;&nbsp;RCC_GetFlagStatus
<LI><a href="#[6b]">&gt;&gt;</a>&nbsp;&nbsp;&nbsp;RCC_DeInit
<LI><a href="#[73]">&gt;&gt;</a>&nbsp;&nbsp;&nbsp;RCC_ADCCLKConfig
<LI><a href="#[79]">&gt;&gt;</a>&nbsp;&nbsp;&nbsp;NVIC_SetVectorTable
<LI><a href="#[7a]">&gt;&gt;</a>&nbsp;&nbsp;&nbsp;NVIC_PriorityGroupConfig
<LI><a href="#[6f]">&gt;&gt;</a>&nbsp;&nbsp;&nbsp;FLASH_SetLatency
<LI><a href="#[6e]">&gt;&gt;</a>&nbsp;&nbsp;&nbsp;FLASH_PrefetchBufferCmd
</UL>
<BR>[Called By]<UL><LI><a href="#[7b]">&gt;&gt;</a>&nbsp;&nbsp;&nbsp;vHardwareInit
</UL>

<P><STRONG><a name="[28c]"></a>Reset_Device</STRONG> (Thumb, 34 bytes, Stack size 0 bytes, main.o(.text))
<BR><BR>[Called By]<UL><LI><a href="#[a3]">&gt;&gt;</a>&nbsp;&nbsp;&nbsp;Power_OFF
</UL>

<P><STRONG><a name="[7b]"></a>vHardwareInit</STRONG> (Thumb, 176 bytes, Stack size 8 bytes, main.o(.text))
<BR><BR>[Stack]<UL><LI>Max Depth = 632 + Unknown Stack Size
<LI>Call Chain = vHardwareInit &rArr; vFactory_Init &rArr; HID_CMD &rArr; IVT_Update &rArr; vLCD_GUI_ShowMid12X12 &rArr; vLCD_ShowString &rArr; get_hanzi_mu &rArr; MSD_ReadBlock &rArr; MSD_WriteByte
</UL>
<BR>[Calls]<UL><LI><a href="#[83]">&gt;&gt;</a>&nbsp;&nbsp;&nbsp;vZ8D256_Init
<LI><a href="#[8f]">&gt;&gt;</a>&nbsp;&nbsp;&nbsp;vRC523_Init
<LI><a href="#[7e]">&gt;&gt;</a>&nbsp;&nbsp;&nbsp;vPower_Init
<LI><a href="#[87]">&gt;&gt;</a>&nbsp;&nbsp;&nbsp;vPBOC_7816_Init
<LI><a href="#[82]">&gt;&gt;</a>&nbsp;&nbsp;&nbsp;vLCD_PowerON
<LI><a href="#[92]">&gt;&gt;</a>&nbsp;&nbsp;&nbsp;vLCD_MainUI
<LI><a href="#[8a]">&gt;&gt;</a>&nbsp;&nbsp;&nbsp;vFactory_Init
<LI><a href="#[85]">&gt;&gt;</a>&nbsp;&nbsp;&nbsp;vBluetooth_Init
<LI><a href="#[8d]">&gt;&gt;</a>&nbsp;&nbsp;&nbsp;usb_GPIO_init
<LI><a href="#[7d]">&gt;&gt;</a>&nbsp;&nbsp;&nbsp;iBUZZER_Init
<LI><a href="#[8c]">&gt;&gt;</a>&nbsp;&nbsp;&nbsp;USB_Interrupts_Config
<LI><a href="#[8e]">&gt;&gt;</a>&nbsp;&nbsp;&nbsp;USB_Init
<LI><a href="#[8b]">&gt;&gt;</a>&nbsp;&nbsp;&nbsp;Set_USBClock
<LI><a href="#[90]">&gt;&gt;</a>&nbsp;&nbsp;&nbsp;NFC_FieldOff
<LI><a href="#[86]">&gt;&gt;</a>&nbsp;&nbsp;&nbsp;MSR_vInit
<LI><a href="#[80]">&gt;&gt;</a>&nbsp;&nbsp;&nbsp;MSD_Init
<LI><a href="#[88]">&gt;&gt;</a>&nbsp;&nbsp;&nbsp;IROM_Read
<LI><a href="#[89]">&gt;&gt;</a>&nbsp;&nbsp;&nbsp;HAL_GPUartInit
<LI><a href="#[7f]">&gt;&gt;</a>&nbsp;&nbsp;&nbsp;Display_Init
<LI><a href="#[91]">&gt;&gt;</a>&nbsp;&nbsp;&nbsp;Device_Init
<LI><a href="#[7c]">&gt;&gt;</a>&nbsp;&nbsp;&nbsp;Delay_Init
<LI><a href="#[81]">&gt;&gt;</a>&nbsp;&nbsp;&nbsp;BackLightCmd
<LI><a href="#[84]">&gt;&gt;</a>&nbsp;&nbsp;&nbsp;AN_ADC_Init
<LI><a href="#[6a]">&gt;&gt;</a>&nbsp;&nbsp;&nbsp;Set_System
</UL>
<BR>[Called By]<UL><LI><a href="#[64]">&gt;&gt;</a>&nbsp;&nbsp;&nbsp;main
</UL>

<P><STRONG><a name="[64]"></a>main</STRONG> (Thumb, 42 bytes, Stack size 0 bytes, main.o(.text))
<BR><BR>[Stack]<UL><LI>Max Depth = 4928 + Unknown Stack Size
<LI>Call Chain = main &rArr; vVectorTable_CMD &rArr; vVectorTable_Card &rArr; iPayQPOCFlow &rArr; App_qPBOC_Purchase &rArr; App_qPBOC_Offline &rArr; OfflineDynamicDataAuthentication &rArr; DynamicDataVeryfy &rArr; RSADecryption &rArr; RSAPublicDecrypt &rArr; RSAPublicBlock &rArr; NN_ModExp &rArr; NN_ModMult &rArr; NN_Mod &rArr; NN_Div &rArr; subdigitmult
</UL>
<BR>[Calls]<UL><LI><a href="#[94]">&gt;&gt;</a>&nbsp;&nbsp;&nbsp;vVectorTable_Device
<LI><a href="#[95]">&gt;&gt;</a>&nbsp;&nbsp;&nbsp;vVectorTable_CMD
<LI><a href="#[93]">&gt;&gt;</a>&nbsp;&nbsp;&nbsp;IWDG_ReloadCounter
<LI><a href="#[7b]">&gt;&gt;</a>&nbsp;&nbsp;&nbsp;vHardwareInit
</UL>
<BR>[Called By]<UL><LI><a href="#[63]">&gt;&gt;</a>&nbsp;&nbsp;&nbsp;__rt_entry_main
</UL>

<P><STRONG><a name="[14]"></a>NMI_Handler</STRONG> (Thumb, 2 bytes, Stack size 0 bytes, stm32f10x_it.o(.text))
<BR>[Address Reference Count : 1]<UL><LI> startup_stm32f10x_hd.o(RESET)
</UL>
<P><STRONG><a name="[15]"></a>HardFault_Handler</STRONG> (Thumb, 38 bytes, Stack size 0 bytes, stm32f10x_it.o(.text))
<BR><BR>[Stack]<UL><LI>Max Depth = 72<LI>Call Chain = HardFault_Handler &rArr; HAL_DISP_SET &rArr; HAL_DISP_SetXY &rArr; HAL_DISP_WriteByte &rArr; GPIO_Init
</UL>
<BR>[Calls]<UL><LI><a href="#[96]">&gt;&gt;</a>&nbsp;&nbsp;&nbsp;HAL_DISP_SET
</UL>
<BR>[Address Reference Count : 1]<UL><LI> startup_stm32f10x_hd.o(RESET)
</UL>
<P><STRONG><a name="[16]"></a>MemManage_Handler</STRONG> (Thumb, 4 bytes, Stack size 0 bytes, stm32f10x_it.o(.text))
<BR>[Address Reference Count : 1]<UL><LI> startup_stm32f10x_hd.o(RESET)
</UL>
<P><STRONG><a name="[17]"></a>BusFault_Handler</STRONG> (Thumb, 4 bytes, Stack size 0 bytes, stm32f10x_it.o(.text))
<BR>[Address Reference Count : 1]<UL><LI> startup_stm32f10x_hd.o(RESET)
</UL>
<P><STRONG><a name="[18]"></a>UsageFault_Handler</STRONG> (Thumb, 4 bytes, Stack size 0 bytes, stm32f10x_it.o(.text))
<BR>[Address Reference Count : 1]<UL><LI> startup_stm32f10x_hd.o(RESET)
</UL>
<P><STRONG><a name="[19]"></a>SVC_Handler</STRONG> (Thumb, 2 bytes, Stack size 0 bytes, stm32f10x_it.o(.text))
<BR>[Address Reference Count : 1]<UL><LI> startup_stm32f10x_hd.o(RESET)
</UL>
<P><STRONG><a name="[1a]"></a>DebugMon_Handler</STRONG> (Thumb, 2 bytes, Stack size 0 bytes, stm32f10x_it.o(.text))
<BR>[Address Reference Count : 1]<UL><LI> startup_stm32f10x_hd.o(RESET)
</UL>
<P><STRONG><a name="[1b]"></a>PendSV_Handler</STRONG> (Thumb, 2 bytes, Stack size 0 bytes, stm32f10x_it.o(.text))
<BR>[Address Reference Count : 1]<UL><LI> startup_stm32f10x_hd.o(RESET)
</UL>
<P><STRONG><a name="[1c]"></a>SysTick_Handler</STRONG> (Thumb, 2 bytes, Stack size 0 bytes, stm32f10x_it.o(.text))
<BR>[Address Reference Count : 1]<UL><LI> startup_stm32f10x_hd.o(RESET)
</UL>
<P><STRONG><a name="[1f]"></a>TAMPER_IRQHandler</STRONG> (Thumb, 30 bytes, Stack size 8 bytes, stm32f10x_it.o(.text))
<BR><BR>[Stack]<UL><LI>Max Depth = 8<LI>Call Chain = TAMPER_IRQHandler
</UL>
<BR>[Calls]<UL><LI><a href="#[9a]">&gt;&gt;</a>&nbsp;&nbsp;&nbsp;BKP_TamperPinCmd
<LI><a href="#[97]">&gt;&gt;</a>&nbsp;&nbsp;&nbsp;BKP_GetITStatus
<LI><a href="#[98]">&gt;&gt;</a>&nbsp;&nbsp;&nbsp;BKP_ClearITPendingBit
<LI><a href="#[99]">&gt;&gt;</a>&nbsp;&nbsp;&nbsp;BKP_ClearFlag
</UL>
<BR>[Address Reference Count : 1]<UL><LI> startup_stm32f10x_hd.o(RESET)
</UL>
<P><STRONG><a name="[42]"></a>USART1_IRQHandler</STRONG> (Thumb, 2 bytes, Stack size 0 bytes, stm32f10x_it.o(.text))
<BR>[Address Reference Count : 1]<UL><LI> startup_stm32f10x_hd.o(RESET)
</UL>
<P><STRONG><a name="[43]"></a>USART2_IRQHandler</STRONG> (Thumb, 76 bytes, Stack size 8 bytes, stm32f10x_it.o(.text))
<BR><BR>[Stack]<UL><LI>Max Depth = 48<LI>Call Chain = USART2_IRQHandler &rArr; eBluetooth_RecvAndAnalyze &rArr; iBluetooth_RecvData
</UL>
<BR>[Calls]<UL><LI><a href="#[9e]">&gt;&gt;</a>&nbsp;&nbsp;&nbsp;eBluetooth_RecvAndAnalyze
<LI><a href="#[9c]">&gt;&gt;</a>&nbsp;&nbsp;&nbsp;USART_ITConfig
<LI><a href="#[9b]">&gt;&gt;</a>&nbsp;&nbsp;&nbsp;USART_GetFlagStatus
<LI><a href="#[81]">&gt;&gt;</a>&nbsp;&nbsp;&nbsp;BackLightCmd
<LI><a href="#[9d]">&gt;&gt;</a>&nbsp;&nbsp;&nbsp;__aeabi_memclr
</UL>
<BR>[Address Reference Count : 1]<UL><LI> startup_stm32f10x_hd.o(RESET)
</UL>
<P><STRONG><a name="[51]"></a>UART4_IRQHandler</STRONG> (Thumb, 2 bytes, Stack size 0 bytes, stm32f10x_it.o(.text))
<BR>[Address Reference Count : 1]<UL><LI> startup_stm32f10x_hd.o(RESET)
</UL>
<P><STRONG><a name="[36]"></a>TIM1_UP_IRQHandler</STRONG> (Thumb, 160 bytes, Stack size 8 bytes, stm32f10x_it.o(.text))
<BR><BR>[Stack]<UL><LI>Max Depth = 88<LI>Call Chain = TIM1_UP_IRQHandler &rArr; Power_OFF &rArr; HAL_DISP_CLS &rArr; HAL_DISP_SetXY &rArr; HAL_DISP_WriteByte &rArr; GPIO_Init
</UL>
<BR>[Calls]<UL><LI><a href="#[9f]">&gt;&gt;</a>&nbsp;&nbsp;&nbsp;eBluetooth_GetBluetoothState
<LI><a href="#[a0]">&gt;&gt;</a>&nbsp;&nbsp;&nbsp;TIM_GetITStatus
<LI><a href="#[a1]">&gt;&gt;</a>&nbsp;&nbsp;&nbsp;TIM_ClearITPendingBit
<LI><a href="#[a3]">&gt;&gt;</a>&nbsp;&nbsp;&nbsp;Power_OFF
<LI><a href="#[a2]">&gt;&gt;</a>&nbsp;&nbsp;&nbsp;GPIO_ReadInputDataBit
</UL>
<BR>[Address Reference Count : 1]<UL><LI> startup_stm32f10x_hd.o(RESET)
</UL>
<P><STRONG><a name="[39]"></a>TIM2_IRQHandler</STRONG> (Thumb, 2 bytes, Stack size 0 bytes, stm32f10x_it.o(.text))
<BR>[Address Reference Count : 1]<UL><LI> startup_stm32f10x_hd.o(RESET)
</UL>
<P><STRONG><a name="[31]"></a>USB_LP_CAN1_RX0_IRQHandler</STRONG> (Thumb, 8 bytes, Stack size 8 bytes, stm32f10x_it.o(.text))
<BR><BR>[Stack]<UL><LI>Max Depth = 132<LI>Call Chain = USB_LP_CAN1_RX0_IRQHandler &rArr; USB_Istr &rArr; CTR_LP &rArr; Setup0_Process &rArr; Data_Setup0 &rArr; DataStageIn &rArr; UserToPMABufferCopy
</UL>
<BR>[Calls]<UL><LI><a href="#[a4]">&gt;&gt;</a>&nbsp;&nbsp;&nbsp;USB_Istr
</UL>
<BR>[Address Reference Count : 1]<UL><LI> startup_stm32f10x_hd.o(RESET)
</UL>
<P><STRONG><a name="[26]"></a>EXTI3_IRQHandler</STRONG> (Thumb, 16 bytes, Stack size 8 bytes, stm32f10x_it.o(.text))
<BR><BR>[Stack]<UL><LI>Max Depth = 8<LI>Call Chain = EXTI3_IRQHandler
</UL>
<BR>[Calls]<UL><LI><a href="#[a5]">&gt;&gt;</a>&nbsp;&nbsp;&nbsp;EXTI_ClearITPendingBit
</UL>
<BR>[Address Reference Count : 1]<UL><LI> startup_stm32f10x_hd.o(RESET)
</UL>
<P><STRONG><a name="[45]"></a>EXTI15_10_IRQHandler</STRONG> (Thumb, 102 bytes, Stack size 8 bytes, stm32f10x_it.o(.text))
<BR><BR>[Stack]<UL><LI>Max Depth = 64<LI>Call Chain = EXTI15_10_IRQHandler &rArr; HAL_GPUart_Rev &rArr; HAL_GPUart_RevByte &rArr; HAL_GPUart_RevBit
</UL>
<BR>[Calls]<UL><LI><a href="#[a7]">&gt;&gt;</a>&nbsp;&nbsp;&nbsp;HAL_GPUart_Rev
<LI><a href="#[a6]">&gt;&gt;</a>&nbsp;&nbsp;&nbsp;EXTI_GetITStatus
<LI><a href="#[a5]">&gt;&gt;</a>&nbsp;&nbsp;&nbsp;EXTI_ClearITPendingBit
<LI><a href="#[81]">&gt;&gt;</a>&nbsp;&nbsp;&nbsp;BackLightCmd
</UL>
<BR>[Address Reference Count : 1]<UL><LI> startup_stm32f10x_hd.o(RESET)
</UL>
<P><STRONG><a name="[94]"></a>vVectorTable_Device</STRONG> (Thumb, 230 bytes, Stack size 16 bytes, vectortable.o(.text))
<BR><BR>[Stack]<UL><LI>Max Depth = 368 + Unknown Stack Size
<LI>Call Chain = vVectorTable_Device &rArr; vLCD_MainUI &rArr; vLCD_ShowTime &rArr; vLCD_GUI_ShowMid12X12 &rArr; vLCD_ShowString &rArr; get_hanzi_mu &rArr; MSD_ReadBlock &rArr; MSD_WriteByte
</UL>
<BR>[Calls]<UL><LI><a href="#[ab]">&gt;&gt;</a>&nbsp;&nbsp;&nbsp;vLCD_ShowTime
<LI><a href="#[aa]">&gt;&gt;</a>&nbsp;&nbsp;&nbsp;vLCD_ShowBluetoothIcon
<LI><a href="#[a9]">&gt;&gt;</a>&nbsp;&nbsp;&nbsp;vLCD_GUI_ShowMid12X12
<LI><a href="#[a8]">&gt;&gt;</a>&nbsp;&nbsp;&nbsp;vLCD_ClearWorkPlace2345
<LI><a href="#[ad]">&gt;&gt;</a>&nbsp;&nbsp;&nbsp;DispalyPower
<LI><a href="#[ae]">&gt;&gt;</a>&nbsp;&nbsp;&nbsp;Delay_ms
<LI><a href="#[ac]">&gt;&gt;</a>&nbsp;&nbsp;&nbsp;AN_ADC_GetCellVoltageAndElectric
<LI><a href="#[9f]">&gt;&gt;</a>&nbsp;&nbsp;&nbsp;eBluetooth_GetBluetoothState
<LI><a href="#[a3]">&gt;&gt;</a>&nbsp;&nbsp;&nbsp;Power_OFF
<LI><a href="#[92]">&gt;&gt;</a>&nbsp;&nbsp;&nbsp;vLCD_MainUI
<LI><a href="#[81]">&gt;&gt;</a>&nbsp;&nbsp;&nbsp;BackLightCmd
</UL>
<BR>[Called By]<UL><LI><a href="#[64]">&gt;&gt;</a>&nbsp;&nbsp;&nbsp;main
</UL>

<P><STRONG><a name="[af]"></a>vVectorTable_Key</STRONG> (Thumb, 704 bytes, Stack size 24 bytes, vectortable.o(.text))
<BR><BR>[Stack]<UL><LI>Max Depth = 1656 + Unknown Stack Size
<LI>Call Chain = vVectorTable_Key &rArr; iCMD0503_PToU_UploadPBOCData &rArr; iHexToASCIIEx
</UL>
<BR>[Calls]<UL><LI><a href="#[b5]">&gt;&gt;</a>&nbsp;&nbsp;&nbsp;vLCD_ShowWait
<LI><a href="#[b7]">&gt;&gt;</a>&nbsp;&nbsp;&nbsp;vLCD_ShowVersion
<LI><a href="#[b8]">&gt;&gt;</a>&nbsp;&nbsp;&nbsp;vLCD_ShowSelectMode
<LI><a href="#[b9]">&gt;&gt;</a>&nbsp;&nbsp;&nbsp;vLCD_ShowPassword
<LI><a href="#[b6]">&gt;&gt;</a>&nbsp;&nbsp;&nbsp;vLCD_ShowMenu
<LI><a href="#[b1]">&gt;&gt;</a>&nbsp;&nbsp;&nbsp;vLCD_ShowESC
<LI><a href="#[a9]">&gt;&gt;</a>&nbsp;&nbsp;&nbsp;vLCD_GUI_ShowMid12X12
<LI><a href="#[bc]">&gt;&gt;</a>&nbsp;&nbsp;&nbsp;vLCD_GUI_Show12X12_Ex
<LI><a href="#[ba]">&gt;&gt;</a>&nbsp;&nbsp;&nbsp;vBluetooth_LinkDrop
<LI><a href="#[b0]">&gt;&gt;</a>&nbsp;&nbsp;&nbsp;ucKey_Scan
<LI><a href="#[b4]">&gt;&gt;</a>&nbsp;&nbsp;&nbsp;iTaskGetAndDisplayInputPin
<LI><a href="#[b3]">&gt;&gt;</a>&nbsp;&nbsp;&nbsp;iCMD0503_PToU_UploadPBOCData
<LI><a href="#[b2]">&gt;&gt;</a>&nbsp;&nbsp;&nbsp;iCMD0304_PToU_SendCardReaderStatus
<LI><a href="#[bb]">&gt;&gt;</a>&nbsp;&nbsp;&nbsp;Input_DeviceSerialNO
<LI><a href="#[bf]">&gt;&gt;</a>&nbsp;&nbsp;&nbsp;IROM_Write
<LI><a href="#[bd]">&gt;&gt;</a>&nbsp;&nbsp;&nbsp;ClearLines
<LI><a href="#[c0]">&gt;&gt;</a>&nbsp;&nbsp;&nbsp;NVIC_SystemReset
<LI><a href="#[92]">&gt;&gt;</a>&nbsp;&nbsp;&nbsp;vLCD_MainUI
<LI><a href="#[be]">&gt;&gt;</a>&nbsp;&nbsp;&nbsp;memcmp
</UL>
<BR>[Called By]<UL><LI><a href="#[95]">&gt;&gt;</a>&nbsp;&nbsp;&nbsp;vVectorTable_CMD
</UL>

<P><STRONG><a name="[c1]"></a>vVectorTable_Card</STRONG> (Thumb, 1202 bytes, Stack size 8 bytes, vectortable.o(.text))
<BR><BR>[Stack]<UL><LI>Max Depth = 4904 + Unknown Stack Size
<LI>Call Chain = vVectorTable_Card &rArr; iPayQPOCFlow &rArr; App_qPBOC_Purchase &rArr; App_qPBOC_Offline &rArr; OfflineDynamicDataAuthentication &rArr; DynamicDataVeryfy &rArr; RSADecryption &rArr; RSAPublicDecrypt &rArr; RSAPublicBlock &rArr; NN_ModExp &rArr; NN_ModMult &rArr; NN_Mod &rArr; NN_Div &rArr; subdigitmult
</UL>
<BR>[Calls]<UL><LI><a href="#[c7]">&gt;&gt;</a>&nbsp;&nbsp;&nbsp;vPBOC_Init
<LI><a href="#[da]">&gt;&gt;</a>&nbsp;&nbsp;&nbsp;vLCD_SwipeMSOrICCardOrInputCardNo
<LI><a href="#[c6]">&gt;&gt;</a>&nbsp;&nbsp;&nbsp;vLCD_SwipeMSCError
<LI><a href="#[c5]">&gt;&gt;</a>&nbsp;&nbsp;&nbsp;vLCD_SwipeICCardOrChange
<LI><a href="#[cf]">&gt;&gt;</a>&nbsp;&nbsp;&nbsp;vLCD_Show_NFC_WaitForICC
<LI><a href="#[c9]">&gt;&gt;</a>&nbsp;&nbsp;&nbsp;vLCD_ShowWaitForICC
<LI><a href="#[b5]">&gt;&gt;</a>&nbsp;&nbsp;&nbsp;vLCD_ShowWait
<LI><a href="#[d7]">&gt;&gt;</a>&nbsp;&nbsp;&nbsp;vLCD_ShowTimeout
<LI><a href="#[c2]">&gt;&gt;</a>&nbsp;&nbsp;&nbsp;vLCD_ShowResTime
<LI><a href="#[b1]">&gt;&gt;</a>&nbsp;&nbsp;&nbsp;vLCD_ShowESC
<LI><a href="#[ca]">&gt;&gt;</a>&nbsp;&nbsp;&nbsp;vLCD_RetryICC
<LI><a href="#[d4]">&gt;&gt;</a>&nbsp;&nbsp;&nbsp;vLCD_ReadICCFail
<LI><a href="#[d6]">&gt;&gt;</a>&nbsp;&nbsp;&nbsp;vLCD_ClearResTime
<LI><a href="#[dd]">&gt;&gt;</a>&nbsp;&nbsp;&nbsp;vLCD_CardNoAndOK
<LI><a href="#[d0]">&gt;&gt;</a>&nbsp;&nbsp;&nbsp;vCriticalSection
<LI><a href="#[dc]">&gt;&gt;</a>&nbsp;&nbsp;&nbsp;vClearKeyBuf
<LI><a href="#[de]">&gt;&gt;</a>&nbsp;&nbsp;&nbsp;iWaitForESCOrOK
<LI><a href="#[c3]">&gt;&gt;</a>&nbsp;&nbsp;&nbsp;iPayThroughMSC
<LI><a href="#[d1]">&gt;&gt;</a>&nbsp;&nbsp;&nbsp;iPayThroughICC
<LI><a href="#[d2]">&gt;&gt;</a>&nbsp;&nbsp;&nbsp;iPayQPOCFlow
<LI><a href="#[c4]">&gt;&gt;</a>&nbsp;&nbsp;&nbsp;iMSCardIsICCard
<LI><a href="#[d3]">&gt;&gt;</a>&nbsp;&nbsp;&nbsp;iHexToASCII
<LI><a href="#[d5]">&gt;&gt;</a>&nbsp;&nbsp;&nbsp;iCMD_InputPIN
<LI><a href="#[b3]">&gt;&gt;</a>&nbsp;&nbsp;&nbsp;iCMD0503_PToU_UploadPBOCData
<LI><a href="#[d8]">&gt;&gt;</a>&nbsp;&nbsp;&nbsp;iCMD0404_PToU_UpLoadKeyboardStatus
<LI><a href="#[b2]">&gt;&gt;</a>&nbsp;&nbsp;&nbsp;iCMD0304_PToU_SendCardReaderStatus
<LI><a href="#[d9]">&gt;&gt;</a>&nbsp;&nbsp;&nbsp;iAmountAddPoint
<LI><a href="#[cd]">&gt;&gt;</a>&nbsp;&nbsp;&nbsp;NFC_SendWUPA
<LI><a href="#[cb]">&gt;&gt;</a>&nbsp;&nbsp;&nbsp;NFC_FieldOn
<LI><a href="#[cc]">&gt;&gt;</a>&nbsp;&nbsp;&nbsp;NFC_CheckCard
<LI><a href="#[db]">&gt;&gt;</a>&nbsp;&nbsp;&nbsp;MSR_vClearCardData
<LI><a href="#[ae]">&gt;&gt;</a>&nbsp;&nbsp;&nbsp;Delay_ms
<LI><a href="#[c8]">&gt;&gt;</a>&nbsp;&nbsp;&nbsp;CheckCardState
<LI><a href="#[ce]">&gt;&gt;</a>&nbsp;&nbsp;&nbsp;Activation_TypeA
<LI><a href="#[92]">&gt;&gt;</a>&nbsp;&nbsp;&nbsp;vLCD_MainUI
</UL>
<BR>[Called By]<UL><LI><a href="#[95]">&gt;&gt;</a>&nbsp;&nbsp;&nbsp;vVectorTable_CMD
</UL>

<P><STRONG><a name="[95]"></a>vVectorTable_CMD</STRONG> (Thumb, 772 bytes, Stack size 24 bytes, vectortable.o(.text))
<BR><BR>[Stack]<UL><LI>Max Depth = 4928 + Unknown Stack Size
<LI>Call Chain = vVectorTable_CMD &rArr; vVectorTable_Card &rArr; iPayQPOCFlow &rArr; App_qPBOC_Purchase &rArr; App_qPBOC_Offline &rArr; OfflineDynamicDataAuthentication &rArr; DynamicDataVeryfy &rArr; RSADecryption &rArr; RSAPublicDecrypt &rArr; RSAPublicBlock &rArr; NN_ModExp &rArr; NN_ModMult &rArr; NN_Mod &rArr; NN_Div &rArr; subdigitmult
</UL>
<BR>[Calls]<UL><LI><a href="#[df]">&gt;&gt;</a>&nbsp;&nbsp;&nbsp;mPOS_FrameAnalyse
<LI><a href="#[e0]">&gt;&gt;</a>&nbsp;&nbsp;&nbsp;iCMD7700_UToP_Device_Boot
<LI><a href="#[f5]">&gt;&gt;</a>&nbsp;&nbsp;&nbsp;iCMD0701_UToP_LCDShow
<LI><a href="#[f4]">&gt;&gt;</a>&nbsp;&nbsp;&nbsp;iCMD0510_UToP_ClosedEMV
<LI><a href="#[f3]">&gt;&gt;</a>&nbsp;&nbsp;&nbsp;iCMD0506_UToP_StartPBOCIssuers
<LI><a href="#[f2]">&gt;&gt;</a>&nbsp;&nbsp;&nbsp;iCMD0505_UToP_GetPBOC
<LI><a href="#[f1]">&gt;&gt;</a>&nbsp;&nbsp;&nbsp;iCMD0503_UToP_StartPBOC
<LI><a href="#[f0]">&gt;&gt;</a>&nbsp;&nbsp;&nbsp;iCMD0502_UpdateAID
<LI><a href="#[ef]">&gt;&gt;</a>&nbsp;&nbsp;&nbsp;iCMD0501_UpdateRSAPublicKey
<LI><a href="#[ee]">&gt;&gt;</a>&nbsp;&nbsp;&nbsp;iCMD0405_UToP_GetPIN
<LI><a href="#[ed]">&gt;&gt;</a>&nbsp;&nbsp;&nbsp;iCMD0404_UToP_OpenKeyboard
<LI><a href="#[ec]">&gt;&gt;</a>&nbsp;&nbsp;&nbsp;iCMD0306__GetCardTrack
<LI><a href="#[eb]">&gt;&gt;</a>&nbsp;&nbsp;&nbsp;iCMD0305_GetCardNo
<LI><a href="#[ea]">&gt;&gt;</a>&nbsp;&nbsp;&nbsp;iCMD0304_UToP_OpenCardReader
<LI><a href="#[e9]">&gt;&gt;</a>&nbsp;&nbsp;&nbsp;iCMD0207_UToP_EncriptData
<LI><a href="#[e8]">&gt;&gt;</a>&nbsp;&nbsp;&nbsp;iCMD0204_UToP_VerifyMAC
<LI><a href="#[e7]">&gt;&gt;</a>&nbsp;&nbsp;&nbsp;iCMD0202_UToP_UpdateDeviceWorkKey
<LI><a href="#[e6]">&gt;&gt;</a>&nbsp;&nbsp;&nbsp;iCMD010C_UToP_UpdateDeviceFirmware
<LI><a href="#[e5]">&gt;&gt;</a>&nbsp;&nbsp;&nbsp;iCMD010A__GetDeviceParameter
<LI><a href="#[e4]">&gt;&gt;</a>&nbsp;&nbsp;&nbsp;iCMD0109_UToP_SetRTC
<LI><a href="#[e3]">&gt;&gt;</a>&nbsp;&nbsp;&nbsp;iCMD0108_UToP_GetRTC
<LI><a href="#[e2]">&gt;&gt;</a>&nbsp;&nbsp;&nbsp;iCMD0107_UToP_ResetDevice
<LI><a href="#[e1]">&gt;&gt;</a>&nbsp;&nbsp;&nbsp;iCMD0101_UToP_GetDeviceVersion
<LI><a href="#[f6]">&gt;&gt;</a>&nbsp;&nbsp;&nbsp;iBluetooth_AnalyzeAndSend
<LI><a href="#[c1]">&gt;&gt;</a>&nbsp;&nbsp;&nbsp;vVectorTable_Card
<LI><a href="#[af]">&gt;&gt;</a>&nbsp;&nbsp;&nbsp;vVectorTable_Key
</UL>
<BR>[Called By]<UL><LI><a href="#[64]">&gt;&gt;</a>&nbsp;&nbsp;&nbsp;main
</UL>

<P><STRONG><a name="[f7]"></a>vVectorTableFactory_CMD</STRONG> (Thumb, 138 bytes, Stack size 24 bytes, vectortable.o(.text), UNUSED)
<BR><BR>[Calls]<UL><LI><a href="#[f6]">&gt;&gt;</a>&nbsp;&nbsp;&nbsp;iBluetooth_AnalyzeAndSend
<LI><a href="#[bf]">&gt;&gt;</a>&nbsp;&nbsp;&nbsp;IROM_Write
</UL>

<P><STRONG><a name="[f8]"></a>vFactory_Test</STRONG> (Thumb, 834 bytes, Stack size 88 bytes, vectortable.o(.text), UNUSED)
<BR><BR>[Calls]<UL><LI><a href="#[ab]">&gt;&gt;</a>&nbsp;&nbsp;&nbsp;vLCD_ShowTime
<LI><a href="#[a9]">&gt;&gt;</a>&nbsp;&nbsp;&nbsp;vLCD_GUI_ShowMid12X12
<LI><a href="#[bc]">&gt;&gt;</a>&nbsp;&nbsp;&nbsp;vLCD_GUI_Show12X12_Ex
<LI><a href="#[a8]">&gt;&gt;</a>&nbsp;&nbsp;&nbsp;vLCD_ClearWorkPlace2345
<LI><a href="#[ff]">&gt;&gt;</a>&nbsp;&nbsp;&nbsp;vLCD_ClearWorkPage
<LI><a href="#[fc]">&gt;&gt;</a>&nbsp;&nbsp;&nbsp;vKeyWaitOK
<LI><a href="#[fe]">&gt;&gt;</a>&nbsp;&nbsp;&nbsp;vKeyTest
<LI><a href="#[fa]">&gt;&gt;</a>&nbsp;&nbsp;&nbsp;vBluetooth_UI_Init
<LI><a href="#[c3]">&gt;&gt;</a>&nbsp;&nbsp;&nbsp;iPayThroughMSC
<LI><a href="#[fb]">&gt;&gt;</a>&nbsp;&nbsp;&nbsp;iBluetooth_ChangeBTName
<LI><a href="#[100]">&gt;&gt;</a>&nbsp;&nbsp;&nbsp;SC_PowerCmd
<LI><a href="#[101]">&gt;&gt;</a>&nbsp;&nbsp;&nbsp;SC_Detect
<LI><a href="#[103]">&gt;&gt;</a>&nbsp;&nbsp;&nbsp;RTC_Init
<LI><a href="#[cd]">&gt;&gt;</a>&nbsp;&nbsp;&nbsp;NFC_SendWUPA
<LI><a href="#[bf]">&gt;&gt;</a>&nbsp;&nbsp;&nbsp;IROM_Write
<LI><a href="#[fd]">&gt;&gt;</a>&nbsp;&nbsp;&nbsp;HAL_DISP_CLS
<LI><a href="#[102]">&gt;&gt;</a>&nbsp;&nbsp;&nbsp;HAL_7816_PowerOn
<LI><a href="#[f9]">&gt;&gt;</a>&nbsp;&nbsp;&nbsp;GetChallenge
<LI><a href="#[ad]">&gt;&gt;</a>&nbsp;&nbsp;&nbsp;DispalyPower
<LI><a href="#[ae]">&gt;&gt;</a>&nbsp;&nbsp;&nbsp;Delay_ms
<LI><a href="#[ce]">&gt;&gt;</a>&nbsp;&nbsp;&nbsp;Activation_TypeA
<LI><a href="#[ac]">&gt;&gt;</a>&nbsp;&nbsp;&nbsp;AN_ADC_GetCellVoltageAndElectric
<LI><a href="#[c0]">&gt;&gt;</a>&nbsp;&nbsp;&nbsp;NVIC_SystemReset
<LI><a href="#[96]">&gt;&gt;</a>&nbsp;&nbsp;&nbsp;HAL_DISP_SET
<LI><a href="#[8f]">&gt;&gt;</a>&nbsp;&nbsp;&nbsp;vRC523_Init
<LI><a href="#[90]">&gt;&gt;</a>&nbsp;&nbsp;&nbsp;NFC_FieldOff
</UL>

<P><STRONG><a name="[8a]"></a>vFactory_Init</STRONG> (Thumb, 132 bytes, Stack size 8 bytes, vectortable.o(.text))
<BR><BR>[Stack]<UL><LI>Max Depth = 624 + Unknown Stack Size
<LI>Call Chain = vFactory_Init &rArr; HID_CMD &rArr; IVT_Update &rArr; vLCD_GUI_ShowMid12X12 &rArr; vLCD_ShowString &rArr; get_hanzi_mu &rArr; MSD_ReadBlock &rArr; MSD_WriteByte
</UL>
<BR>[Calls]<UL><LI><a href="#[a9]">&gt;&gt;</a>&nbsp;&nbsp;&nbsp;vLCD_GUI_ShowMid12X12
<LI><a href="#[a8]">&gt;&gt;</a>&nbsp;&nbsp;&nbsp;vLCD_ClearWorkPlace2345
<LI><a href="#[b0]">&gt;&gt;</a>&nbsp;&nbsp;&nbsp;ucKey_Scan
<LI><a href="#[bf]">&gt;&gt;</a>&nbsp;&nbsp;&nbsp;IROM_Write
<LI><a href="#[105]">&gt;&gt;</a>&nbsp;&nbsp;&nbsp;HID_CMD
<LI><a href="#[104]">&gt;&gt;</a>&nbsp;&nbsp;&nbsp;GP_UART_CMD
<LI><a href="#[c0]">&gt;&gt;</a>&nbsp;&nbsp;&nbsp;NVIC_SystemReset
</UL>
<BR>[Called By]<UL><LI><a href="#[7b]">&gt;&gt;</a>&nbsp;&nbsp;&nbsp;vHardwareInit
</UL>

<P><STRONG><a name="[7a]"></a>NVIC_PriorityGroupConfig</STRONG> (Thumb, 10 bytes, Stack size 0 bytes, misc.o(.text))
<BR><BR>[Called By]<UL><LI><a href="#[6a]">&gt;&gt;</a>&nbsp;&nbsp;&nbsp;Set_System
</UL>

<P><STRONG><a name="[140]"></a>NVIC_Init</STRONG> (Thumb, 100 bytes, Stack size 16 bytes, misc.o(.text))
<BR><BR>[Stack]<UL><LI>Max Depth = 16<LI>Call Chain = NVIC_Init
</UL>
<BR>[Called By]<UL><LI><a href="#[8c]">&gt;&gt;</a>&nbsp;&nbsp;&nbsp;USB_Interrupts_Config
<LI><a href="#[89]">&gt;&gt;</a>&nbsp;&nbsp;&nbsp;HAL_GPUartInit
<LI><a href="#[15b]">&gt;&gt;</a>&nbsp;&nbsp;&nbsp;vBluetooth_EXTILine_Config
<LI><a href="#[156]">&gt;&gt;</a>&nbsp;&nbsp;&nbsp;vBluetooth_IVT_GPIO_Config
<LI><a href="#[154]">&gt;&gt;</a>&nbsp;&nbsp;&nbsp;vBluetooth_GPIO_Config
<LI><a href="#[13f]">&gt;&gt;</a>&nbsp;&nbsp;&nbsp;MSR_vTIM_NIVC
<LI><a href="#[194]">&gt;&gt;</a>&nbsp;&nbsp;&nbsp;vZ8D256_USART_NVIC_Config
<LI><a href="#[28e]">&gt;&gt;</a>&nbsp;&nbsp;&nbsp;RTC_NVIC_Config
<LI><a href="#[28a]">&gt;&gt;</a>&nbsp;&nbsp;&nbsp;PWR_EXTI_Init
</UL>

<P><STRONG><a name="[79]"></a>NVIC_SetVectorTable</STRONG> (Thumb, 14 bytes, Stack size 0 bytes, misc.o(.text))
<BR><BR>[Called By]<UL><LI><a href="#[6a]">&gt;&gt;</a>&nbsp;&nbsp;&nbsp;Set_System
</UL>

<P><STRONG><a name="[404]"></a>NVIC_SystemLPConfig</STRONG> (Thumb, 34 bytes, Stack size 0 bytes, misc.o(.text), UNUSED)

<P><STRONG><a name="[405]"></a>SysTick_CLKSourceConfig</STRONG> (Thumb, 40 bytes, Stack size 0 bytes, misc.o(.text), UNUSED)

<P><STRONG><a name="[406]"></a>NVIC_GenerateSystemReset</STRONG> (Thumb, 10 bytes, Stack size 0 bytes, misc.o(.text), UNUSED)

<P><STRONG><a name="[106]"></a>ADC_DeInit</STRONG> (Thumb, 78 bytes, Stack size 8 bytes, stm32f10x_adc.o(.text), UNUSED)
<BR><BR>[Calls]<UL><LI><a href="#[107]">&gt;&gt;</a>&nbsp;&nbsp;&nbsp;RCC_APB2PeriphResetCmd
</UL>

<P><STRONG><a name="[25d]"></a>ADC_Init</STRONG> (Thumb, 70 bytes, Stack size 12 bytes, stm32f10x_adc.o(.text))
<BR><BR>[Stack]<UL><LI>Max Depth = 12<LI>Call Chain = ADC_Init
</UL>
<BR>[Called By]<UL><LI><a href="#[25c]">&gt;&gt;</a>&nbsp;&nbsp;&nbsp;AN_ADC1_Config
</UL>

<P><STRONG><a name="[407]"></a>ADC_StructInit</STRONG> (Thumb, 18 bytes, Stack size 0 bytes, stm32f10x_adc.o(.text), UNUSED)

<P><STRONG><a name="[25f]"></a>ADC_Cmd</STRONG> (Thumb, 22 bytes, Stack size 0 bytes, stm32f10x_adc.o(.text))
<BR><BR>[Called By]<UL><LI><a href="#[25c]">&gt;&gt;</a>&nbsp;&nbsp;&nbsp;AN_ADC1_Config
</UL>

<P><STRONG><a name="[408]"></a>ADC_DMACmd</STRONG> (Thumb, 22 bytes, Stack size 0 bytes, stm32f10x_adc.o(.text), UNUSED)

<P><STRONG><a name="[409]"></a>ADC_ITConfig</STRONG> (Thumb, 24 bytes, Stack size 8 bytes, stm32f10x_adc.o(.text), UNUSED)

<P><STRONG><a name="[260]"></a>ADC_ResetCalibration</STRONG> (Thumb, 10 bytes, Stack size 0 bytes, stm32f10x_adc.o(.text))
<BR><BR>[Called By]<UL><LI><a href="#[25c]">&gt;&gt;</a>&nbsp;&nbsp;&nbsp;AN_ADC1_Config
</UL>

<P><STRONG><a name="[261]"></a>ADC_GetResetCalibrationStatus</STRONG> (Thumb, 20 bytes, Stack size 0 bytes, stm32f10x_adc.o(.text))
<BR><BR>[Called By]<UL><LI><a href="#[25c]">&gt;&gt;</a>&nbsp;&nbsp;&nbsp;AN_ADC1_Config
</UL>

<P><STRONG><a name="[262]"></a>ADC_StartCalibration</STRONG> (Thumb, 10 bytes, Stack size 0 bytes, stm32f10x_adc.o(.text))
<BR><BR>[Called By]<UL><LI><a href="#[25c]">&gt;&gt;</a>&nbsp;&nbsp;&nbsp;AN_ADC1_Config
</UL>

<P><STRONG><a name="[263]"></a>ADC_GetCalibrationStatus</STRONG> (Thumb, 20 bytes, Stack size 0 bytes, stm32f10x_adc.o(.text))
<BR><BR>[Called By]<UL><LI><a href="#[25c]">&gt;&gt;</a>&nbsp;&nbsp;&nbsp;AN_ADC1_Config
</UL>

<P><STRONG><a name="[265]"></a>ADC_SoftwareStartConvCmd</STRONG> (Thumb, 22 bytes, Stack size 0 bytes, stm32f10x_adc.o(.text))
<BR><BR>[Called By]<UL><LI><a href="#[ac]">&gt;&gt;</a>&nbsp;&nbsp;&nbsp;AN_ADC_GetCellVoltageAndElectric
<LI><a href="#[264]">&gt;&gt;</a>&nbsp;&nbsp;&nbsp;AN_ADC_READDATA
</UL>

<P><STRONG><a name="[40a]"></a>ADC_GetSoftwareStartConvStatus</STRONG> (Thumb, 20 bytes, Stack size 0 bytes, stm32f10x_adc.o(.text), UNUSED)

<P><STRONG><a name="[40b]"></a>ADC_DiscModeChannelCountConfig</STRONG> (Thumb, 24 bytes, Stack size 8 bytes, stm32f10x_adc.o(.text), UNUSED)

<P><STRONG><a name="[40c]"></a>ADC_DiscModeCmd</STRONG> (Thumb, 22 bytes, Stack size 0 bytes, stm32f10x_adc.o(.text), UNUSED)

<P><STRONG><a name="[25e]"></a>ADC_RegularChannelConfig</STRONG> (Thumb, 184 bytes, Stack size 20 bytes, stm32f10x_adc.o(.text))
<BR><BR>[Stack]<UL><LI>Max Depth = 20<LI>Call Chain = ADC_RegularChannelConfig
</UL>
<BR>[Called By]<UL><LI><a href="#[25c]">&gt;&gt;</a>&nbsp;&nbsp;&nbsp;AN_ADC1_Config
</UL>

<P><STRONG><a name="[40d]"></a>ADC_ExternalTrigConvCmd</STRONG> (Thumb, 22 bytes, Stack size 0 bytes, stm32f10x_adc.o(.text), UNUSED)

<P><STRONG><a name="[267]"></a>ADC_GetConversionValue</STRONG> (Thumb, 8 bytes, Stack size 0 bytes, stm32f10x_adc.o(.text))
<BR><BR>[Called By]<UL><LI><a href="#[ac]">&gt;&gt;</a>&nbsp;&nbsp;&nbsp;AN_ADC_GetCellVoltageAndElectric
<LI><a href="#[264]">&gt;&gt;</a>&nbsp;&nbsp;&nbsp;AN_ADC_READDATA
</UL>

<P><STRONG><a name="[40e]"></a>ADC_GetDualModeConversionValue</STRONG> (Thumb, 8 bytes, Stack size 0 bytes, stm32f10x_adc.o(.text), UNUSED)

<P><STRONG><a name="[40f]"></a>ADC_AutoInjectedConvCmd</STRONG> (Thumb, 22 bytes, Stack size 0 bytes, stm32f10x_adc.o(.text), UNUSED)

<P><STRONG><a name="[410]"></a>ADC_InjectedDiscModeCmd</STRONG> (Thumb, 22 bytes, Stack size 0 bytes, stm32f10x_adc.o(.text), UNUSED)

<P><STRONG><a name="[411]"></a>ADC_ExternalTrigInjectedConvConfig</STRONG> (Thumb, 16 bytes, Stack size 0 bytes, stm32f10x_adc.o(.text), UNUSED)

<P><STRONG><a name="[412]"></a>ADC_ExternalTrigInjectedConvCmd</STRONG> (Thumb, 22 bytes, Stack size 0 bytes, stm32f10x_adc.o(.text), UNUSED)

<P><STRONG><a name="[413]"></a>ADC_SoftwareStartInjectedConvCmd</STRONG> (Thumb, 22 bytes, Stack size 0 bytes, stm32f10x_adc.o(.text), UNUSED)

<P><STRONG><a name="[414]"></a>ADC_GetSoftwareStartInjectedConvCmdStatus</STRONG> (Thumb, 20 bytes, Stack size 0 bytes, stm32f10x_adc.o(.text), UNUSED)

<P><STRONG><a name="[415]"></a>ADC_InjectedChannelConfig</STRONG> (Thumb, 130 bytes, Stack size 20 bytes, stm32f10x_adc.o(.text), UNUSED)

<P><STRONG><a name="[416]"></a>ADC_InjectedSequencerLengthConfig</STRONG> (Thumb, 24 bytes, Stack size 8 bytes, stm32f10x_adc.o(.text), UNUSED)

<P><STRONG><a name="[417]"></a>ADC_SetInjectedOffset</STRONG> (Thumb, 20 bytes, Stack size 8 bytes, stm32f10x_adc.o(.text), UNUSED)

<P><STRONG><a name="[418]"></a>ADC_GetInjectedConversionValue</STRONG> (Thumb, 28 bytes, Stack size 8 bytes, stm32f10x_adc.o(.text), UNUSED)

<P><STRONG><a name="[419]"></a>ADC_AnalogWatchdogCmd</STRONG> (Thumb, 16 bytes, Stack size 0 bytes, stm32f10x_adc.o(.text), UNUSED)

<P><STRONG><a name="[41a]"></a>ADC_AnalogWatchdogThresholdsConfig</STRONG> (Thumb, 6 bytes, Stack size 0 bytes, stm32f10x_adc.o(.text), UNUSED)

<P><STRONG><a name="[41b]"></a>ADC_AnalogWatchdogSingleChannelConfig</STRONG> (Thumb, 16 bytes, Stack size 0 bytes, stm32f10x_adc.o(.text), UNUSED)

<P><STRONG><a name="[41c]"></a>ADC_TempSensorVrefintCmd</STRONG> (Thumb, 64 bytes, Stack size 0 bytes, stm32f10x_adc.o(.text), UNUSED)

<P><STRONG><a name="[266]"></a>ADC_GetFlagStatus</STRONG> (Thumb, 18 bytes, Stack size 0 bytes, stm32f10x_adc.o(.text))
<BR><BR>[Called By]<UL><LI><a href="#[ac]">&gt;&gt;</a>&nbsp;&nbsp;&nbsp;AN_ADC_GetCellVoltageAndElectric
<LI><a href="#[264]">&gt;&gt;</a>&nbsp;&nbsp;&nbsp;AN_ADC_READDATA
</UL>

<P><STRONG><a name="[41d]"></a>ADC_ClearFlag</STRONG> (Thumb, 6 bytes, Stack size 0 bytes, stm32f10x_adc.o(.text), UNUSED)

<P><STRONG><a name="[41e]"></a>ADC_GetITStatus</STRONG> (Thumb, 36 bytes, Stack size 16 bytes, stm32f10x_adc.o(.text), UNUSED)

<P><STRONG><a name="[41f]"></a>ADC_ClearITPendingBit</STRONG> (Thumb, 10 bytes, Stack size 0 bytes, stm32f10x_adc.o(.text), UNUSED)

<P><STRONG><a name="[108]"></a>BKP_DeInit</STRONG> (Thumb, 16 bytes, Stack size 8 bytes, stm32f10x_bkp.o(.text))
<BR><BR>[Stack]<UL><LI>Max Depth = 8<LI>Call Chain = BKP_DeInit
</UL>
<BR>[Calls]<UL><LI><a href="#[109]">&gt;&gt;</a>&nbsp;&nbsp;&nbsp;RCC_BackupResetCmd
</UL>
<BR>[Called By]<UL><LI><a href="#[e4]">&gt;&gt;</a>&nbsp;&nbsp;&nbsp;iCMD0109_UToP_SetRTC
<LI><a href="#[103]">&gt;&gt;</a>&nbsp;&nbsp;&nbsp;RTC_Init
</UL>

<P><STRONG><a name="[420]"></a>BKP_TamperPinLevelConfig</STRONG> (Thumb, 6 bytes, Stack size 0 bytes, stm32f10x_bkp.o(.text), UNUSED)

<P><STRONG><a name="[9a]"></a>BKP_TamperPinCmd</STRONG> (Thumb, 8 bytes, Stack size 0 bytes, stm32f10x_bkp.o(.text))
<BR><BR>[Called By]<UL><LI><a href="#[1f]">&gt;&gt;</a>&nbsp;&nbsp;&nbsp;TAMPER_IRQHandler
</UL>

<P><STRONG><a name="[421]"></a>BKP_ITConfig</STRONG> (Thumb, 8 bytes, Stack size 0 bytes, stm32f10x_bkp.o(.text), UNUSED)

<P><STRONG><a name="[422]"></a>BKP_RTCOutputConfig</STRONG> (Thumb, 22 bytes, Stack size 0 bytes, stm32f10x_bkp.o(.text), UNUSED)

<P><STRONG><a name="[423]"></a>BKP_SetRTCCalibrationValue</STRONG> (Thumb, 22 bytes, Stack size 0 bytes, stm32f10x_bkp.o(.text), UNUSED)

<P><STRONG><a name="[273]"></a>BKP_WriteBackupRegister</STRONG> (Thumb, 24 bytes, Stack size 8 bytes, stm32f10x_bkp.o(.text))
<BR><BR>[Stack]<UL><LI>Max Depth = 8<LI>Call Chain = BKP_WriteBackupRegister
</UL>
<BR>[Called By]<UL><LI><a href="#[e4]">&gt;&gt;</a>&nbsp;&nbsp;&nbsp;iCMD0109_UToP_SetRTC
</UL>

<P><STRONG><a name="[26b]"></a>BKP_ReadBackupRegister</STRONG> (Thumb, 26 bytes, Stack size 8 bytes, stm32f10x_bkp.o(.text))
<BR><BR>[Stack]<UL><LI>Max Depth = 8<LI>Call Chain = BKP_ReadBackupRegister
</UL>
<BR>[Called By]<UL><LI><a href="#[e4]">&gt;&gt;</a>&nbsp;&nbsp;&nbsp;iCMD0109_UToP_SetRTC
</UL>

<P><STRONG><a name="[424]"></a>BKP_GetFlagStatus</STRONG> (Thumb, 10 bytes, Stack size 0 bytes, stm32f10x_bkp.o(.text), UNUSED)

<P><STRONG><a name="[99]"></a>BKP_ClearFlag</STRONG> (Thumb, 18 bytes, Stack size 0 bytes, stm32f10x_bkp.o(.text))
<BR><BR>[Called By]<UL><LI><a href="#[1f]">&gt;&gt;</a>&nbsp;&nbsp;&nbsp;TAMPER_IRQHandler
</UL>

<P><STRONG><a name="[97]"></a>BKP_GetITStatus</STRONG> (Thumb, 10 bytes, Stack size 0 bytes, stm32f10x_bkp.o(.text))
<BR><BR>[Called By]<UL><LI><a href="#[1f]">&gt;&gt;</a>&nbsp;&nbsp;&nbsp;TAMPER_IRQHandler
</UL>

<P><STRONG><a name="[98]"></a>BKP_ClearITPendingBit</STRONG> (Thumb, 18 bytes, Stack size 0 bytes, stm32f10x_bkp.o(.text))
<BR><BR>[Called By]<UL><LI><a href="#[1f]">&gt;&gt;</a>&nbsp;&nbsp;&nbsp;TAMPER_IRQHandler
</UL>

<P><STRONG><a name="[425]"></a>EXTI_DeInit</STRONG> (Thumb, 28 bytes, Stack size 0 bytes, stm32f10x_exti.o(.text), UNUSED)

<P><STRONG><a name="[15d]"></a>EXTI_Init</STRONG> (Thumb, 142 bytes, Stack size 0 bytes, stm32f10x_exti.o(.text))
<BR><BR>[Called By]<UL><LI><a href="#[89]">&gt;&gt;</a>&nbsp;&nbsp;&nbsp;HAL_GPUartInit
<LI><a href="#[15b]">&gt;&gt;</a>&nbsp;&nbsp;&nbsp;vBluetooth_EXTILine_Config
<LI><a href="#[28a]">&gt;&gt;</a>&nbsp;&nbsp;&nbsp;PWR_EXTI_Init
</UL>

<P><STRONG><a name="[426]"></a>EXTI_StructInit</STRONG> (Thumb, 16 bytes, Stack size 0 bytes, stm32f10x_exti.o(.text), UNUSED)

<P><STRONG><a name="[427]"></a>EXTI_GenerateSWInterrupt</STRONG> (Thumb, 16 bytes, Stack size 0 bytes, stm32f10x_exti.o(.text), UNUSED)

<P><STRONG><a name="[428]"></a>EXTI_GetFlagStatus</STRONG> (Thumb, 22 bytes, Stack size 0 bytes, stm32f10x_exti.o(.text), UNUSED)

<P><STRONG><a name="[429]"></a>EXTI_ClearFlag</STRONG> (Thumb, 8 bytes, Stack size 0 bytes, stm32f10x_exti.o(.text), UNUSED)

<P><STRONG><a name="[a6]"></a>EXTI_GetITStatus</STRONG> (Thumb, 34 bytes, Stack size 0 bytes, stm32f10x_exti.o(.text))
<BR><BR>[Called By]<UL><LI><a href="#[45]">&gt;&gt;</a>&nbsp;&nbsp;&nbsp;EXTI15_10_IRQHandler
</UL>

<P><STRONG><a name="[a5]"></a>EXTI_ClearITPendingBit</STRONG> (Thumb, 8 bytes, Stack size 0 bytes, stm32f10x_exti.o(.text))
<BR><BR>[Called By]<UL><LI><a href="#[45]">&gt;&gt;</a>&nbsp;&nbsp;&nbsp;EXTI15_10_IRQHandler
<LI><a href="#[26]">&gt;&gt;</a>&nbsp;&nbsp;&nbsp;EXTI3_IRQHandler
</UL>

<P><STRONG><a name="[6f]"></a>FLASH_SetLatency</STRONG> (Thumb, 18 bytes, Stack size 0 bytes, stm32f10x_flash.o(.text))
<BR><BR>[Called By]<UL><LI><a href="#[6a]">&gt;&gt;</a>&nbsp;&nbsp;&nbsp;Set_System
</UL>

<P><STRONG><a name="[42a]"></a>FLASH_HalfCycleAccessCmd</STRONG> (Thumb, 22 bytes, Stack size 0 bytes, stm32f10x_flash.o(.text), UNUSED)

<P><STRONG><a name="[6e]"></a>FLASH_PrefetchBufferCmd</STRONG> (Thumb, 22 bytes, Stack size 0 bytes, stm32f10x_flash.o(.text))
<BR><BR>[Called By]<UL><LI><a href="#[6a]">&gt;&gt;</a>&nbsp;&nbsp;&nbsp;Set_System
</UL>

<P><STRONG><a name="[139]"></a>FLASH_Unlock</STRONG> (Thumb, 12 bytes, Stack size 0 bytes, stm32f10x_flash.o(.text))
<BR><BR>[Called By]<UL><LI><a href="#[59]">&gt;&gt;</a>&nbsp;&nbsp;&nbsp;SystemInit
</UL>

<P><STRONG><a name="[42b]"></a>FLASH_UnlockBank1</STRONG> (Thumb, 12 bytes, Stack size 0 bytes, stm32f10x_flash.o(.text), UNUSED)

<P><STRONG><a name="[42c]"></a>FLASH_Lock</STRONG> (Thumb, 14 bytes, Stack size 0 bytes, stm32f10x_flash.o(.text), UNUSED)

<P><STRONG><a name="[42d]"></a>FLASH_LockBank1</STRONG> (Thumb, 14 bytes, Stack size 0 bytes, stm32f10x_flash.o(.text), UNUSED)

<P><STRONG><a name="[10b]"></a>FLASH_GetBank1Status</STRONG> (Thumb, 48 bytes, Stack size 0 bytes, stm32f10x_flash.o(.text))
<BR><BR>[Called By]<UL><LI><a href="#[10e]">&gt;&gt;</a>&nbsp;&nbsp;&nbsp;FLASH_WaitForLastBank1Operation
<LI><a href="#[10a]">&gt;&gt;</a>&nbsp;&nbsp;&nbsp;FLASH_WaitForLastOperation
</UL>

<P><STRONG><a name="[10a]"></a>FLASH_WaitForLastOperation</STRONG> (Thumb, 38 bytes, Stack size 4 bytes, stm32f10x_flash.o(.text))
<BR><BR>[Stack]<UL><LI>Max Depth = 4<LI>Call Chain = FLASH_WaitForLastOperation
</UL>
<BR>[Calls]<UL><LI><a href="#[10b]">&gt;&gt;</a>&nbsp;&nbsp;&nbsp;FLASH_GetBank1Status
</UL>
<BR>[Called By]<UL><LI><a href="#[117]">&gt;&gt;</a>&nbsp;&nbsp;&nbsp;FLASH_UserOptionByteConfig
<LI><a href="#[116]">&gt;&gt;</a>&nbsp;&nbsp;&nbsp;FLASH_ReadOutProtection
<LI><a href="#[115]">&gt;&gt;</a>&nbsp;&nbsp;&nbsp;FLASH_EnableWriteProtection
<LI><a href="#[114]">&gt;&gt;</a>&nbsp;&nbsp;&nbsp;FLASH_ProgramOptionByteData
<LI><a href="#[113]">&gt;&gt;</a>&nbsp;&nbsp;&nbsp;FLASH_ProgramHalfWord
<LI><a href="#[112]">&gt;&gt;</a>&nbsp;&nbsp;&nbsp;FLASH_ProgramWord
<LI><a href="#[110]">&gt;&gt;</a>&nbsp;&nbsp;&nbsp;FLASH_EraseOptionBytes
<LI><a href="#[10d]">&gt;&gt;</a>&nbsp;&nbsp;&nbsp;FLASH_EraseAllPages
<LI><a href="#[10c]">&gt;&gt;</a>&nbsp;&nbsp;&nbsp;FLASH_ErasePage
</UL>

<P><STRONG><a name="[10c]"></a>FLASH_ErasePage</STRONG> (Thumb, 72 bytes, Stack size 12 bytes, stm32f10x_flash.o(.text))
<BR><BR>[Stack]<UL><LI>Max Depth = 16<LI>Call Chain = FLASH_ErasePage &rArr; FLASH_WaitForLastOperation
</UL>
<BR>[Calls]<UL><LI><a href="#[10a]">&gt;&gt;</a>&nbsp;&nbsp;&nbsp;FLASH_WaitForLastOperation
</UL>
<BR>[Called By]<UL><LI><a href="#[bf]">&gt;&gt;</a>&nbsp;&nbsp;&nbsp;IROM_Write
<LI><a href="#[1c2]">&gt;&gt;</a>&nbsp;&nbsp;&nbsp;IROM_Erase
</UL>

<P><STRONG><a name="[10d]"></a>FLASH_EraseAllPages</STRONG> (Thumb, 68 bytes, Stack size 8 bytes, stm32f10x_flash.o(.text), UNUSED)
<BR><BR>[Calls]<UL><LI><a href="#[10a]">&gt;&gt;</a>&nbsp;&nbsp;&nbsp;FLASH_WaitForLastOperation
</UL>

<P><STRONG><a name="[10e]"></a>FLASH_WaitForLastBank1Operation</STRONG> (Thumb, 38 bytes, Stack size 4 bytes, stm32f10x_flash.o(.text), UNUSED)
<BR><BR>[Calls]<UL><LI><a href="#[10b]">&gt;&gt;</a>&nbsp;&nbsp;&nbsp;FLASH_GetBank1Status
</UL>
<BR>[Called By]<UL><LI><a href="#[10f]">&gt;&gt;</a>&nbsp;&nbsp;&nbsp;FLASH_EraseAllBank1Pages
</UL>

<P><STRONG><a name="[10f]"></a>FLASH_EraseAllBank1Pages</STRONG> (Thumb, 68 bytes, Stack size 8 bytes, stm32f10x_flash.o(.text), UNUSED)
<BR><BR>[Calls]<UL><LI><a href="#[10e]">&gt;&gt;</a>&nbsp;&nbsp;&nbsp;FLASH_WaitForLastBank1Operation
</UL>

<P><STRONG><a name="[111]"></a>FLASH_GetReadOutProtectionStatus</STRONG> (Thumb, 20 bytes, Stack size 0 bytes, stm32f10x_flash.o(.text), UNUSED)
<BR><BR>[Called By]<UL><LI><a href="#[110]">&gt;&gt;</a>&nbsp;&nbsp;&nbsp;FLASH_EraseOptionBytes
</UL>

<P><STRONG><a name="[110]"></a>FLASH_EraseOptionBytes</STRONG> (Thumb, 150 bytes, Stack size 12 bytes, stm32f10x_flash.o(.text), UNUSED)
<BR><BR>[Calls]<UL><LI><a href="#[111]">&gt;&gt;</a>&nbsp;&nbsp;&nbsp;FLASH_GetReadOutProtectionStatus
<LI><a href="#[10a]">&gt;&gt;</a>&nbsp;&nbsp;&nbsp;FLASH_WaitForLastOperation
</UL>

<P><STRONG><a name="[112]"></a>FLASH_ProgramWord</STRONG> (Thumb, 102 bytes, Stack size 20 bytes, stm32f10x_flash.o(.text))
<BR><BR>[Stack]<UL><LI>Max Depth = 24<LI>Call Chain = FLASH_ProgramWord &rArr; FLASH_WaitForLastOperation
</UL>
<BR>[Calls]<UL><LI><a href="#[10a]">&gt;&gt;</a>&nbsp;&nbsp;&nbsp;FLASH_WaitForLastOperation
</UL>
<BR>[Called By]<UL><LI><a href="#[1c1]">&gt;&gt;</a>&nbsp;&nbsp;&nbsp;IROM_WritePage
</UL>

<P><STRONG><a name="[113]"></a>FLASH_ProgramHalfWord</STRONG> (Thumb, 60 bytes, Stack size 16 bytes, stm32f10x_flash.o(.text), UNUSED)
<BR><BR>[Calls]<UL><LI><a href="#[10a]">&gt;&gt;</a>&nbsp;&nbsp;&nbsp;FLASH_WaitForLastOperation
</UL>

<P><STRONG><a name="[114]"></a>FLASH_ProgramOptionByteData</STRONG> (Thumb, 72 bytes, Stack size 16 bytes, stm32f10x_flash.o(.text), UNUSED)
<BR><BR>[Calls]<UL><LI><a href="#[10a]">&gt;&gt;</a>&nbsp;&nbsp;&nbsp;FLASH_WaitForLastOperation
</UL>

<P><STRONG><a name="[115]"></a>FLASH_EnableWriteProtection</STRONG> (Thumb, 200 bytes, Stack size 28 bytes, stm32f10x_flash.o(.text), UNUSED)
<BR><BR>[Calls]<UL><LI><a href="#[10a]">&gt;&gt;</a>&nbsp;&nbsp;&nbsp;FLASH_WaitForLastOperation
</UL>

<P><STRONG><a name="[116]"></a>FLASH_ReadOutProtection</STRONG> (Thumb, 156 bytes, Stack size 12 bytes, stm32f10x_flash.o(.text), UNUSED)
<BR><BR>[Calls]<UL><LI><a href="#[10a]">&gt;&gt;</a>&nbsp;&nbsp;&nbsp;FLASH_WaitForLastOperation
</UL>

<P><STRONG><a name="[117]"></a>FLASH_UserOptionByteConfig</STRONG> (Thumb, 88 bytes, Stack size 20 bytes, stm32f10x_flash.o(.text), UNUSED)
<BR><BR>[Calls]<UL><LI><a href="#[10a]">&gt;&gt;</a>&nbsp;&nbsp;&nbsp;FLASH_WaitForLastOperation
</UL>

<P><STRONG><a name="[42e]"></a>FLASH_GetUserOptionByte</STRONG> (Thumb, 8 bytes, Stack size 0 bytes, stm32f10x_flash.o(.text), UNUSED)

<P><STRONG><a name="[42f]"></a>FLASH_GetWriteProtectionOptionByte</STRONG> (Thumb, 6 bytes, Stack size 0 bytes, stm32f10x_flash.o(.text), UNUSED)

<P><STRONG><a name="[430]"></a>FLASH_GetPrefetchBufferStatus</STRONG> (Thumb, 20 bytes, Stack size 0 bytes, stm32f10x_flash.o(.text), UNUSED)

<P><STRONG><a name="[431]"></a>FLASH_ITConfig</STRONG> (Thumb, 26 bytes, Stack size 0 bytes, stm32f10x_flash.o(.text), UNUSED)

<P><STRONG><a name="[432]"></a>FLASH_GetFlagStatus</STRONG> (Thumb, 42 bytes, Stack size 0 bytes, stm32f10x_flash.o(.text), UNUSED)

<P><STRONG><a name="[433]"></a>FLASH_ClearFlag</STRONG> (Thumb, 6 bytes, Stack size 0 bytes, stm32f10x_flash.o(.text), UNUSED)

<P><STRONG><a name="[434]"></a>FLASH_GetStatus</STRONG> (Thumb, 48 bytes, Stack size 0 bytes, stm32f10x_flash.o(.text), UNUSED)

<P><STRONG><a name="[118]"></a>GPIO_DeInit</STRONG> (Thumb, 172 bytes, Stack size 8 bytes, stm32f10x_gpio.o(.text), UNUSED)
<BR><BR>[Calls]<UL><LI><a href="#[107]">&gt;&gt;</a>&nbsp;&nbsp;&nbsp;RCC_APB2PeriphResetCmd
</UL>

<P><STRONG><a name="[119]"></a>GPIO_AFIODeInit</STRONG> (Thumb, 20 bytes, Stack size 8 bytes, stm32f10x_gpio.o(.text), UNUSED)
<BR><BR>[Calls]<UL><LI><a href="#[107]">&gt;&gt;</a>&nbsp;&nbsp;&nbsp;RCC_APB2PeriphResetCmd
</UL>

<P><STRONG><a name="[13c]"></a>GPIO_Init</STRONG> (Thumb, 278 bytes, Stack size 24 bytes, stm32f10x_gpio.o(.text))
<BR><BR>[Stack]<UL><LI>Max Depth = 24<LI>Call Chain = GPIO_Init
</UL>
<BR>[Called By]<UL><LI><a href="#[8d]">&gt;&gt;</a>&nbsp;&nbsp;&nbsp;usb_GPIO_init
<LI><a href="#[7d]">&gt;&gt;</a>&nbsp;&nbsp;&nbsp;iBUZZER_Init
<LI><a href="#[89]">&gt;&gt;</a>&nbsp;&nbsp;&nbsp;HAL_GPUartInit
<LI><a href="#[156]">&gt;&gt;</a>&nbsp;&nbsp;&nbsp;vBluetooth_IVT_GPIO_Config
<LI><a href="#[154]">&gt;&gt;</a>&nbsp;&nbsp;&nbsp;vBluetooth_GPIO_Config
<LI><a href="#[13e]">&gt;&gt;</a>&nbsp;&nbsp;&nbsp;MSR_vGPIO_Data_Config
<LI><a href="#[13a]">&gt;&gt;</a>&nbsp;&nbsp;&nbsp;MSR_vGPIO_Strobe_Config
<LI><a href="#[25b]">&gt;&gt;</a>&nbsp;&nbsp;&nbsp;AN_ADC1_GPIO_config
<LI><a href="#[259]">&gt;&gt;</a>&nbsp;&nbsp;&nbsp;vKey_Scan
<LI><a href="#[258]">&gt;&gt;</a>&nbsp;&nbsp;&nbsp;vKey_GPIO_Init
<LI><a href="#[248]">&gt;&gt;</a>&nbsp;&nbsp;&nbsp;SPI_Config
<LI><a href="#[230]">&gt;&gt;</a>&nbsp;&nbsp;&nbsp;MSD_GPIO_Config
<LI><a href="#[217]">&gt;&gt;</a>&nbsp;&nbsp;&nbsp;HAL_DISP_WriteByte
<LI><a href="#[20e]">&gt;&gt;</a>&nbsp;&nbsp;&nbsp;ST7567_GPIO_Init_QY
<LI><a href="#[1ce]">&gt;&gt;</a>&nbsp;&nbsp;&nbsp;HAL_7816_Init
<LI><a href="#[1c9]">&gt;&gt;</a>&nbsp;&nbsp;&nbsp;SC_DetectPinConfig
<LI><a href="#[193]">&gt;&gt;</a>&nbsp;&nbsp;&nbsp;vZ8D256_GPIO_Config
<LI><a href="#[289]">&gt;&gt;</a>&nbsp;&nbsp;&nbsp;PWR_GPIO_Init
<LI><a href="#[387]">&gt;&gt;</a>&nbsp;&nbsp;&nbsp;RC523_GPIO_Config
</UL>

<P><STRONG><a name="[435]"></a>GPIO_StructInit</STRONG> (Thumb, 16 bytes, Stack size 0 bytes, stm32f10x_gpio.o(.text), UNUSED)

<P><STRONG><a name="[a2]"></a>GPIO_ReadInputDataBit</STRONG> (Thumb, 18 bytes, Stack size 0 bytes, stm32f10x_gpio.o(.text))
<BR><BR>[Called By]<UL><LI><a href="#[101]">&gt;&gt;</a>&nbsp;&nbsp;&nbsp;SC_Detect
<LI><a href="#[9f]">&gt;&gt;</a>&nbsp;&nbsp;&nbsp;eBluetooth_GetBluetoothState
<LI><a href="#[a3]">&gt;&gt;</a>&nbsp;&nbsp;&nbsp;Power_OFF
<LI><a href="#[36]">&gt;&gt;</a>&nbsp;&nbsp;&nbsp;TIM1_UP_IRQHandler
<LI><a href="#[7e]">&gt;&gt;</a>&nbsp;&nbsp;&nbsp;vPower_Init
<LI><a href="#[1e1]">&gt;&gt;</a>&nbsp;&nbsp;&nbsp;HAL_7816_DeepShutdown
<LI><a href="#[2d0]">&gt;&gt;</a>&nbsp;&nbsp;&nbsp;HAL_GPUart_RevBit
<LI><a href="#[28d]">&gt;&gt;</a>&nbsp;&nbsp;&nbsp;PWR_Check
</UL>

<P><STRONG><a name="[25a]"></a>GPIO_ReadInputData</STRONG> (Thumb, 8 bytes, Stack size 0 bytes, stm32f10x_gpio.o(.text))
<BR><BR>[Called By]<UL><LI><a href="#[259]">&gt;&gt;</a>&nbsp;&nbsp;&nbsp;vKey_Scan
</UL>

<P><STRONG><a name="[436]"></a>GPIO_ReadOutputDataBit</STRONG> (Thumb, 18 bytes, Stack size 0 bytes, stm32f10x_gpio.o(.text), UNUSED)

<P><STRONG><a name="[437]"></a>GPIO_ReadOutputData</STRONG> (Thumb, 8 bytes, Stack size 0 bytes, stm32f10x_gpio.o(.text), UNUSED)

<P><STRONG><a name="[13d]"></a>GPIO_SetBits</STRONG> (Thumb, 4 bytes, Stack size 0 bytes, stm32f10x_gpio.o(.text))
<BR><BR>[Called By]<UL><LI><a href="#[100]">&gt;&gt;</a>&nbsp;&nbsp;&nbsp;SC_PowerCmd
<LI><a href="#[102]">&gt;&gt;</a>&nbsp;&nbsp;&nbsp;HAL_7816_PowerOn
<LI><a href="#[89]">&gt;&gt;</a>&nbsp;&nbsp;&nbsp;HAL_GPUartInit
<LI><a href="#[81]">&gt;&gt;</a>&nbsp;&nbsp;&nbsp;BackLightCmd
<LI><a href="#[164]">&gt;&gt;</a>&nbsp;&nbsp;&nbsp;vBluetooth_SendData
<LI><a href="#[163]">&gt;&gt;</a>&nbsp;&nbsp;&nbsp;vBluetooth_SetBluetoothMode
<LI><a href="#[15e]">&gt;&gt;</a>&nbsp;&nbsp;&nbsp;vBluetooth_Reset
<LI><a href="#[156]">&gt;&gt;</a>&nbsp;&nbsp;&nbsp;vBluetooth_IVT_GPIO_Config
<LI><a href="#[154]">&gt;&gt;</a>&nbsp;&nbsp;&nbsp;vBluetooth_GPIO_Config
<LI><a href="#[13e]">&gt;&gt;</a>&nbsp;&nbsp;&nbsp;MSR_vGPIO_Data_Config
<LI><a href="#[13a]">&gt;&gt;</a>&nbsp;&nbsp;&nbsp;MSR_vGPIO_Strobe_Config
<LI><a href="#[259]">&gt;&gt;</a>&nbsp;&nbsp;&nbsp;vKey_Scan
<LI><a href="#[24b]">&gt;&gt;</a>&nbsp;&nbsp;&nbsp;SPI_FLASH_Block64Erase
<LI><a href="#[24a]">&gt;&gt;</a>&nbsp;&nbsp;&nbsp;SPI_FLASH_SectorUnprotect
<LI><a href="#[249]">&gt;&gt;</a>&nbsp;&nbsp;&nbsp;SPI_FLASH_JEDEC_ID
<LI><a href="#[246]">&gt;&gt;</a>&nbsp;&nbsp;&nbsp;MSD_WriteBuffer
<LI><a href="#[23f]">&gt;&gt;</a>&nbsp;&nbsp;&nbsp;SPI_FLASH_SectorErase
<LI><a href="#[23d]">&gt;&gt;</a>&nbsp;&nbsp;&nbsp;SPI_FLASH_PageWrite
<LI><a href="#[23c]">&gt;&gt;</a>&nbsp;&nbsp;&nbsp;SPI_FLASH_ChipErase
<LI><a href="#[23b]">&gt;&gt;</a>&nbsp;&nbsp;&nbsp;SPI_FLASH_GlobalProtect
<LI><a href="#[23a]">&gt;&gt;</a>&nbsp;&nbsp;&nbsp;SPI_FLASH_GlobalUnprotect
<LI><a href="#[239]">&gt;&gt;</a>&nbsp;&nbsp;&nbsp;MSD_GetStatus
<LI><a href="#[238]">&gt;&gt;</a>&nbsp;&nbsp;&nbsp;SPI_FLASH_WriteEnable
<LI><a href="#[237]">&gt;&gt;</a>&nbsp;&nbsp;&nbsp;SPI_FLASH_WaitForWriteEnable
<LI><a href="#[236]">&gt;&gt;</a>&nbsp;&nbsp;&nbsp;SPI_FLASH_WaitForWriteEnd
<LI><a href="#[235]">&gt;&gt;</a>&nbsp;&nbsp;&nbsp;SPI_FLASH_ReadID
<LI><a href="#[22d]">&gt;&gt;</a>&nbsp;&nbsp;&nbsp;MSD_ReadBlock
<LI><a href="#[21f]">&gt;&gt;</a>&nbsp;&nbsp;&nbsp;ST7567_Power_On_QY
<LI><a href="#[21b]">&gt;&gt;</a>&nbsp;&nbsp;&nbsp;HAL_DISP_ResetLCD
<LI><a href="#[218]">&gt;&gt;</a>&nbsp;&nbsp;&nbsp;HAL_DISP_WriteString
<LI><a href="#[217]">&gt;&gt;</a>&nbsp;&nbsp;&nbsp;HAL_DISP_WriteByte
<LI><a href="#[20e]">&gt;&gt;</a>&nbsp;&nbsp;&nbsp;ST7567_GPIO_Init_QY
<LI><a href="#[1ce]">&gt;&gt;</a>&nbsp;&nbsp;&nbsp;HAL_7816_Init
<LI><a href="#[1cd]">&gt;&gt;</a>&nbsp;&nbsp;&nbsp;SC_VoltageConfig
<LI><a href="#[174]">&gt;&gt;</a>&nbsp;&nbsp;&nbsp;buzzer_beep
<LI><a href="#[2e5]">&gt;&gt;</a>&nbsp;&nbsp;&nbsp;RegCtl_SpiHwSetReg
<LI><a href="#[2e6]">&gt;&gt;</a>&nbsp;&nbsp;&nbsp;RegCtl_SpiHwGetReg
<LI><a href="#[2d1]">&gt;&gt;</a>&nbsp;&nbsp;&nbsp;HAL_GPUart_SendByte
<LI><a href="#[2b5]">&gt;&gt;</a>&nbsp;&nbsp;&nbsp;USB_Cable_Config
<LI><a href="#[28b]">&gt;&gt;</a>&nbsp;&nbsp;&nbsp;PWR_Cmd
<LI><a href="#[387]">&gt;&gt;</a>&nbsp;&nbsp;&nbsp;RC523_GPIO_Config
<LI><a href="#[36e]">&gt;&gt;</a>&nbsp;&nbsp;&nbsp;RegCtl_SpiHwSetMultiData
</UL>

<P><STRONG><a name="[155]"></a>GPIO_ResetBits</STRONG> (Thumb, 4 bytes, Stack size 0 bytes, stm32f10x_gpio.o(.text))
<BR><BR>[Called By]<UL><LI><a href="#[100]">&gt;&gt;</a>&nbsp;&nbsp;&nbsp;SC_PowerCmd
<LI><a href="#[102]">&gt;&gt;</a>&nbsp;&nbsp;&nbsp;HAL_7816_PowerOn
<LI><a href="#[7d]">&gt;&gt;</a>&nbsp;&nbsp;&nbsp;iBUZZER_Init
<LI><a href="#[81]">&gt;&gt;</a>&nbsp;&nbsp;&nbsp;BackLightCmd
<LI><a href="#[164]">&gt;&gt;</a>&nbsp;&nbsp;&nbsp;vBluetooth_SendData
<LI><a href="#[163]">&gt;&gt;</a>&nbsp;&nbsp;&nbsp;vBluetooth_SetBluetoothMode
<LI><a href="#[15e]">&gt;&gt;</a>&nbsp;&nbsp;&nbsp;vBluetooth_Reset
<LI><a href="#[156]">&gt;&gt;</a>&nbsp;&nbsp;&nbsp;vBluetooth_IVT_GPIO_Config
<LI><a href="#[154]">&gt;&gt;</a>&nbsp;&nbsp;&nbsp;vBluetooth_GPIO_Config
<LI><a href="#[24b]">&gt;&gt;</a>&nbsp;&nbsp;&nbsp;SPI_FLASH_Block64Erase
<LI><a href="#[24a]">&gt;&gt;</a>&nbsp;&nbsp;&nbsp;SPI_FLASH_SectorUnprotect
<LI><a href="#[249]">&gt;&gt;</a>&nbsp;&nbsp;&nbsp;SPI_FLASH_JEDEC_ID
<LI><a href="#[248]">&gt;&gt;</a>&nbsp;&nbsp;&nbsp;SPI_Config
<LI><a href="#[246]">&gt;&gt;</a>&nbsp;&nbsp;&nbsp;MSD_WriteBuffer
<LI><a href="#[23f]">&gt;&gt;</a>&nbsp;&nbsp;&nbsp;SPI_FLASH_SectorErase
<LI><a href="#[23d]">&gt;&gt;</a>&nbsp;&nbsp;&nbsp;SPI_FLASH_PageWrite
<LI><a href="#[23c]">&gt;&gt;</a>&nbsp;&nbsp;&nbsp;SPI_FLASH_ChipErase
<LI><a href="#[23b]">&gt;&gt;</a>&nbsp;&nbsp;&nbsp;SPI_FLASH_GlobalProtect
<LI><a href="#[23a]">&gt;&gt;</a>&nbsp;&nbsp;&nbsp;SPI_FLASH_GlobalUnprotect
<LI><a href="#[239]">&gt;&gt;</a>&nbsp;&nbsp;&nbsp;MSD_GetStatus
<LI><a href="#[238]">&gt;&gt;</a>&nbsp;&nbsp;&nbsp;SPI_FLASH_WriteEnable
<LI><a href="#[237]">&gt;&gt;</a>&nbsp;&nbsp;&nbsp;SPI_FLASH_WaitForWriteEnable
<LI><a href="#[236]">&gt;&gt;</a>&nbsp;&nbsp;&nbsp;SPI_FLASH_WaitForWriteEnd
<LI><a href="#[235]">&gt;&gt;</a>&nbsp;&nbsp;&nbsp;SPI_FLASH_ReadID
<LI><a href="#[22d]">&gt;&gt;</a>&nbsp;&nbsp;&nbsp;MSD_ReadBlock
<LI><a href="#[21f]">&gt;&gt;</a>&nbsp;&nbsp;&nbsp;ST7567_Power_On_QY
<LI><a href="#[21b]">&gt;&gt;</a>&nbsp;&nbsp;&nbsp;HAL_DISP_ResetLCD
<LI><a href="#[218]">&gt;&gt;</a>&nbsp;&nbsp;&nbsp;HAL_DISP_WriteString
<LI><a href="#[217]">&gt;&gt;</a>&nbsp;&nbsp;&nbsp;HAL_DISP_WriteByte
<LI><a href="#[1cd]">&gt;&gt;</a>&nbsp;&nbsp;&nbsp;SC_VoltageConfig
<LI><a href="#[174]">&gt;&gt;</a>&nbsp;&nbsp;&nbsp;buzzer_beep
<LI><a href="#[2e5]">&gt;&gt;</a>&nbsp;&nbsp;&nbsp;RegCtl_SpiHwSetReg
<LI><a href="#[2e6]">&gt;&gt;</a>&nbsp;&nbsp;&nbsp;RegCtl_SpiHwGetReg
<LI><a href="#[2d1]">&gt;&gt;</a>&nbsp;&nbsp;&nbsp;HAL_GPUart_SendByte
<LI><a href="#[2b5]">&gt;&gt;</a>&nbsp;&nbsp;&nbsp;USB_Cable_Config
<LI><a href="#[28b]">&gt;&gt;</a>&nbsp;&nbsp;&nbsp;PWR_Cmd
<LI><a href="#[36e]">&gt;&gt;</a>&nbsp;&nbsp;&nbsp;RegCtl_SpiHwSetMultiData
</UL>

<P><STRONG><a name="[1cc]"></a>GPIO_WriteBit</STRONG> (Thumb, 10 bytes, Stack size 0 bytes, stm32f10x_gpio.o(.text))
<BR><BR>[Called By]<UL><LI><a href="#[1cb]">&gt;&gt;</a>&nbsp;&nbsp;&nbsp;SC_Reset
</UL>

<P><STRONG><a name="[438]"></a>GPIO_Write</STRONG> (Thumb, 4 bytes, Stack size 0 bytes, stm32f10x_gpio.o(.text), UNUSED)

<P><STRONG><a name="[439]"></a>GPIO_PinLockConfig</STRONG> (Thumb, 18 bytes, Stack size 0 bytes, stm32f10x_gpio.o(.text), UNUSED)

<P><STRONG><a name="[43a]"></a>GPIO_EventOutputConfig</STRONG> (Thumb, 26 bytes, Stack size 0 bytes, stm32f10x_gpio.o(.text), UNUSED)

<P><STRONG><a name="[43b]"></a>GPIO_EventOutputCmd</STRONG> (Thumb, 6 bytes, Stack size 0 bytes, stm32f10x_gpio.o(.text), UNUSED)

<P><STRONG><a name="[173]"></a>GPIO_PinRemapConfig</STRONG> (Thumb, 138 bytes, Stack size 20 bytes, stm32f10x_gpio.o(.text))
<BR><BR>[Stack]<UL><LI>Max Depth = 20<LI>Call Chain = GPIO_PinRemapConfig
</UL>
<BR>[Called By]<UL><LI><a href="#[7d]">&gt;&gt;</a>&nbsp;&nbsp;&nbsp;iBUZZER_Init
</UL>

<P><STRONG><a name="[15c]"></a>GPIO_EXTILineConfig</STRONG> (Thumb, 66 bytes, Stack size 12 bytes, stm32f10x_gpio.o(.text))
<BR><BR>[Stack]<UL><LI>Max Depth = 12<LI>Call Chain = GPIO_EXTILineConfig
</UL>
<BR>[Called By]<UL><LI><a href="#[89]">&gt;&gt;</a>&nbsp;&nbsp;&nbsp;HAL_GPUartInit
<LI><a href="#[15b]">&gt;&gt;</a>&nbsp;&nbsp;&nbsp;vBluetooth_EXTILine_Config
<LI><a href="#[28a]">&gt;&gt;</a>&nbsp;&nbsp;&nbsp;PWR_EXTI_Init
</UL>

<P><STRONG><a name="[43c]"></a>GPIO_ETH_MediaInterfaceConfig</STRONG> (Thumb, 8 bytes, Stack size 0 bytes, stm32f10x_gpio.o(.text), UNUSED)

<P><STRONG><a name="[43d]"></a>IWDG_WriteAccessCmd</STRONG> (Thumb, 6 bytes, Stack size 0 bytes, stm32f10x_iwdg.o(.text), UNUSED)

<P><STRONG><a name="[43e]"></a>IWDG_SetPrescaler</STRONG> (Thumb, 6 bytes, Stack size 0 bytes, stm32f10x_iwdg.o(.text), UNUSED)

<P><STRONG><a name="[43f]"></a>IWDG_SetReload</STRONG> (Thumb, 6 bytes, Stack size 0 bytes, stm32f10x_iwdg.o(.text), UNUSED)

<P><STRONG><a name="[93]"></a>IWDG_ReloadCounter</STRONG> (Thumb, 10 bytes, Stack size 0 bytes, stm32f10x_iwdg.o(.text))
<BR><BR>[Called By]<UL><LI><a href="#[b0]">&gt;&gt;</a>&nbsp;&nbsp;&nbsp;ucKey_Scan
<LI><a href="#[64]">&gt;&gt;</a>&nbsp;&nbsp;&nbsp;main
</UL>

<P><STRONG><a name="[440]"></a>IWDG_Enable</STRONG> (Thumb, 10 bytes, Stack size 0 bytes, stm32f10x_iwdg.o(.text), UNUSED)

<P><STRONG><a name="[441]"></a>IWDG_GetFlagStatus</STRONG> (Thumb, 20 bytes, Stack size 0 bytes, stm32f10x_iwdg.o(.text), UNUSED)

<P><STRONG><a name="[11a]"></a>PWR_DeInit</STRONG> (Thumb, 22 bytes, Stack size 8 bytes, stm32f10x_pwr.o(.text), UNUSED)
<BR><BR>[Calls]<UL><LI><a href="#[11b]">&gt;&gt;</a>&nbsp;&nbsp;&nbsp;RCC_APB1PeriphResetCmd
</UL>

<P><STRONG><a name="[26c]"></a>PWR_BackupAccessCmd</STRONG> (Thumb, 6 bytes, Stack size 0 bytes, stm32f10x_pwr.o(.text))
<BR><BR>[Called By]<UL><LI><a href="#[e4]">&gt;&gt;</a>&nbsp;&nbsp;&nbsp;iCMD0109_UToP_SetRTC
<LI><a href="#[103]">&gt;&gt;</a>&nbsp;&nbsp;&nbsp;RTC_Init
<LI><a href="#[272]">&gt;&gt;</a>&nbsp;&nbsp;&nbsp;RTC_Set
</UL>

<P><STRONG><a name="[442]"></a>PWR_PVDCmd</STRONG> (Thumb, 6 bytes, Stack size 0 bytes, stm32f10x_pwr.o(.text), UNUSED)

<P><STRONG><a name="[443]"></a>PWR_PVDLevelConfig</STRONG> (Thumb, 18 bytes, Stack size 0 bytes, stm32f10x_pwr.o(.text), UNUSED)

<P><STRONG><a name="[444]"></a>PWR_WakeUpPinCmd</STRONG> (Thumb, 8 bytes, Stack size 0 bytes, stm32f10x_pwr.o(.text), UNUSED)

<P><STRONG><a name="[445]"></a>PWR_EnterSTOPMode</STRONG> (Thumb, 54 bytes, Stack size 8 bytes, stm32f10x_pwr.o(.text), UNUSED)

<P><STRONG><a name="[446]"></a>PWR_EnterSTANDBYMode</STRONG> (Thumb, 42 bytes, Stack size 0 bytes, stm32f10x_pwr.o(.text), UNUSED)

<P><STRONG><a name="[447]"></a>PWR_GetFlagStatus</STRONG> (Thumb, 20 bytes, Stack size 0 bytes, stm32f10x_pwr.o(.text), UNUSED)

<P><STRONG><a name="[448]"></a>PWR_ClearFlag</STRONG> (Thumb, 14 bytes, Stack size 0 bytes, stm32f10x_pwr.o(.text), UNUSED)

<P><STRONG><a name="[6b]"></a>RCC_DeInit</STRONG> (Thumb, 64 bytes, Stack size 0 bytes, stm32f10x_rcc.o(.text))
<BR><BR>[Called By]<UL><LI><a href="#[6a]">&gt;&gt;</a>&nbsp;&nbsp;&nbsp;Set_System
</UL>

<P><STRONG><a name="[6c]"></a>RCC_HSEConfig</STRONG> (Thumb, 70 bytes, Stack size 0 bytes, stm32f10x_rcc.o(.text))
<BR><BR>[Called By]<UL><LI><a href="#[6a]">&gt;&gt;</a>&nbsp;&nbsp;&nbsp;Set_System
</UL>

<P><STRONG><a name="[76]"></a>RCC_GetFlagStatus</STRONG> (Thumb, 56 bytes, Stack size 8 bytes, stm32f10x_rcc.o(.text))
<BR><BR>[Stack]<UL><LI>Max Depth = 8<LI>Call Chain = RCC_GetFlagStatus
</UL>
<BR>[Called By]<UL><LI><a href="#[e4]">&gt;&gt;</a>&nbsp;&nbsp;&nbsp;iCMD0109_UToP_SetRTC
<LI><a href="#[103]">&gt;&gt;</a>&nbsp;&nbsp;&nbsp;RTC_Init
<LI><a href="#[6d]">&gt;&gt;</a>&nbsp;&nbsp;&nbsp;RCC_WaitForHSEStartUp
<LI><a href="#[6a]">&gt;&gt;</a>&nbsp;&nbsp;&nbsp;Set_System
</UL>

<P><STRONG><a name="[6d]"></a>RCC_WaitForHSEStartUp</STRONG> (Thumb, 56 bytes, Stack size 16 bytes, stm32f10x_rcc.o(.text))
<BR><BR>[Stack]<UL><LI>Max Depth = 24<LI>Call Chain = RCC_WaitForHSEStartUp &rArr; RCC_GetFlagStatus
</UL>
<BR>[Calls]<UL><LI><a href="#[76]">&gt;&gt;</a>&nbsp;&nbsp;&nbsp;RCC_GetFlagStatus
</UL>
<BR>[Called By]<UL><LI><a href="#[6a]">&gt;&gt;</a>&nbsp;&nbsp;&nbsp;Set_System
</UL>

<P><STRONG><a name="[449]"></a>RCC_AdjustHSICalibrationValue</STRONG> (Thumb, 20 bytes, Stack size 0 bytes, stm32f10x_rcc.o(.text), UNUSED)

<P><STRONG><a name="[44a]"></a>RCC_HSICmd</STRONG> (Thumb, 6 bytes, Stack size 0 bytes, stm32f10x_rcc.o(.text), UNUSED)

<P><STRONG><a name="[74]"></a>RCC_PLLConfig</STRONG> (Thumb, 24 bytes, Stack size 0 bytes, stm32f10x_rcc.o(.text))
<BR><BR>[Called By]<UL><LI><a href="#[6a]">&gt;&gt;</a>&nbsp;&nbsp;&nbsp;Set_System
</UL>

<P><STRONG><a name="[75]"></a>RCC_PLLCmd</STRONG> (Thumb, 6 bytes, Stack size 0 bytes, stm32f10x_rcc.o(.text))
<BR><BR>[Called By]<UL><LI><a href="#[6a]">&gt;&gt;</a>&nbsp;&nbsp;&nbsp;Set_System
</UL>

<P><STRONG><a name="[77]"></a>RCC_SYSCLKConfig</STRONG> (Thumb, 18 bytes, Stack size 0 bytes, stm32f10x_rcc.o(.text))
<BR><BR>[Called By]<UL><LI><a href="#[6a]">&gt;&gt;</a>&nbsp;&nbsp;&nbsp;Set_System
</UL>

<P><STRONG><a name="[78]"></a>RCC_GetSYSCLKSource</STRONG> (Thumb, 10 bytes, Stack size 0 bytes, stm32f10x_rcc.o(.text))
<BR><BR>[Called By]<UL><LI><a href="#[6a]">&gt;&gt;</a>&nbsp;&nbsp;&nbsp;Set_System
</UL>

<P><STRONG><a name="[70]"></a>RCC_HCLKConfig</STRONG> (Thumb, 18 bytes, Stack size 0 bytes, stm32f10x_rcc.o(.text))
<BR><BR>[Called By]<UL><LI><a href="#[6a]">&gt;&gt;</a>&nbsp;&nbsp;&nbsp;Set_System
</UL>

<P><STRONG><a name="[72]"></a>RCC_PCLK1Config</STRONG> (Thumb, 18 bytes, Stack size 0 bytes, stm32f10x_rcc.o(.text))
<BR><BR>[Called By]<UL><LI><a href="#[6a]">&gt;&gt;</a>&nbsp;&nbsp;&nbsp;Set_System
</UL>

<P><STRONG><a name="[71]"></a>RCC_PCLK2Config</STRONG> (Thumb, 20 bytes, Stack size 0 bytes, stm32f10x_rcc.o(.text))
<BR><BR>[Called By]<UL><LI><a href="#[6a]">&gt;&gt;</a>&nbsp;&nbsp;&nbsp;Set_System
</UL>

<P><STRONG><a name="[44b]"></a>RCC_ITConfig</STRONG> (Thumb, 26 bytes, Stack size 0 bytes, stm32f10x_rcc.o(.text), UNUSED)

<P><STRONG><a name="[2b4]"></a>RCC_USBCLKConfig</STRONG> (Thumb, 8 bytes, Stack size 0 bytes, stm32f10x_rcc.o(.text))
<BR><BR>[Called By]<UL><LI><a href="#[8b]">&gt;&gt;</a>&nbsp;&nbsp;&nbsp;Set_USBClock
</UL>

<P><STRONG><a name="[73]"></a>RCC_ADCCLKConfig</STRONG> (Thumb, 18 bytes, Stack size 0 bytes, stm32f10x_rcc.o(.text))
<BR><BR>[Called By]<UL><LI><a href="#[6a]">&gt;&gt;</a>&nbsp;&nbsp;&nbsp;Set_System
</UL>

<P><STRONG><a name="[26d]"></a>RCC_LSEConfig</STRONG> (Thumb, 50 bytes, Stack size 0 bytes, stm32f10x_rcc.o(.text))
<BR><BR>[Called By]<UL><LI><a href="#[e4]">&gt;&gt;</a>&nbsp;&nbsp;&nbsp;iCMD0109_UToP_SetRTC
<LI><a href="#[103]">&gt;&gt;</a>&nbsp;&nbsp;&nbsp;RTC_Init
</UL>

<P><STRONG><a name="[44c]"></a>RCC_LSICmd</STRONG> (Thumb, 6 bytes, Stack size 0 bytes, stm32f10x_rcc.o(.text), UNUSED)

<P><STRONG><a name="[26e]"></a>RCC_RTCCLKConfig</STRONG> (Thumb, 12 bytes, Stack size 0 bytes, stm32f10x_rcc.o(.text))
<BR><BR>[Called By]<UL><LI><a href="#[e4]">&gt;&gt;</a>&nbsp;&nbsp;&nbsp;iCMD0109_UToP_SetRTC
<LI><a href="#[103]">&gt;&gt;</a>&nbsp;&nbsp;&nbsp;RTC_Init
</UL>

[...]
<LI><a href="#[1bd]">&gt;&gt;</a>&nbsp;&nbsp;&nbsp;RsaDisEncrty
<LI><a href="#[1bc]">&gt;&gt;</a>&nbsp;&nbsp;&nbsp;RsaEncrty
<LI><a href="#[1b9]">&gt;&gt;</a>&nbsp;&nbsp;&nbsp;ExternaAuthen
<LI><a href="#[1b8]">&gt;&gt;</a>&nbsp;&nbsp;&nbsp;threeDesEntryOrDisEntry
<LI><a href="#[1b7]">&gt;&gt;</a>&nbsp;&nbsp;&nbsp;SingleDesEntryOrDisEntry
<LI><a href="#[1b6]">&gt;&gt;</a>&nbsp;&nbsp;&nbsp;genaryRsaKey
<LI><a href="#[1af]">&gt;&gt;</a>&nbsp;&nbsp;&nbsp;ReadBinaryFile
<LI><a href="#[1ae]">&gt;&gt;</a>&nbsp;&nbsp;&nbsp;updateBinaryFile
<LI><a href="#[1ad]">&gt;&gt;</a>&nbsp;&nbsp;&nbsp;seleteBinaryFile
<LI><a href="#[1a9]">&gt;&gt;</a>&nbsp;&nbsp;&nbsp;getPSAMInfo
<LI><a href="#[1a8]">&gt;&gt;</a>&nbsp;&nbsp;&nbsp;getDeviceInfo
<LI><a href="#[1a7]">&gt;&gt;</a>&nbsp;&nbsp;&nbsp;setPSAMInfo
<LI><a href="#[1a6]">&gt;&gt;</a>&nbsp;&nbsp;&nbsp;setDeviceInfo
<LI><a href="#[1a5]">&gt;&gt;</a>&nbsp;&nbsp;&nbsp;createBinaryFile
<LI><a href="#[1a4]">&gt;&gt;</a>&nbsp;&nbsp;&nbsp;changeDESkey
<LI><a href="#[1a3]">&gt;&gt;</a>&nbsp;&nbsp;&nbsp;loadDESkey
<LI><a href="#[1a2]">&gt;&gt;</a>&nbsp;&nbsp;&nbsp;loadMainkey
<LI><a href="#[1a1]">&gt;&gt;</a>&nbsp;&nbsp;&nbsp;createKeyFile
<LI><a href="#[1a0]">&gt;&gt;</a>&nbsp;&nbsp;&nbsp;CreateMF
<LI><a href="#[19f]">&gt;&gt;</a>&nbsp;&nbsp;&nbsp;EraseMF
<LI><a href="#[19e]">&gt;&gt;</a>&nbsp;&nbsp;&nbsp;WriteIntoFlash
<LI><a href="#[19d]">&gt;&gt;</a>&nbsp;&nbsp;&nbsp;readfromFlash
<LI><a href="#[17f]">&gt;&gt;</a>&nbsp;&nbsp;&nbsp;ThreeDesBykey
<LI><a href="#[17d]">&gt;&gt;</a>&nbsp;&nbsp;&nbsp;SingleDesBykey
</UL>

<P><STRONG><a name="[19c]"></a>psamRecvAnswer</STRONG> (Thumb, 60 bytes, Stack size 8 bytes, sercrity.o(.text))
<BR><BR>[Stack]<UL><LI>Max Depth = 56<LI>Call Chain = psamRecvAnswer &rArr; Z8D256_RecvString_XIEYI &rArr; iZ8D256_RecvData
</UL>
<BR>[Calls]<UL><LI><a href="#[198]">&gt;&gt;</a>&nbsp;&nbsp;&nbsp;Z8D256_RecvString_XIEYI
</UL>
<BR>[Called By]<UL><LI><a href="#[f9]">&gt;&gt;</a>&nbsp;&nbsp;&nbsp;GetChallenge
<LI><a href="#[1bf]">&gt;&gt;</a>&nbsp;&nbsp;&nbsp;SHA1Arigth
<LI><a href="#[1bd]">&gt;&gt;</a>&nbsp;&nbsp;&nbsp;RsaDisEncrty
<LI><a href="#[1bc]">&gt;&gt;</a>&nbsp;&nbsp;&nbsp;RsaEncrty
<LI><a href="#[1b9]">&gt;&gt;</a>&nbsp;&nbsp;&nbsp;ExternaAuthen
<LI><a href="#[1b8]">&gt;&gt;</a>&nbsp;&nbsp;&nbsp;threeDesEntryOrDisEntry
<LI><a href="#[1b7]">&gt;&gt;</a>&nbsp;&nbsp;&nbsp;SingleDesEntryOrDisEntry
<LI><a href="#[1b6]">&gt;&gt;</a>&nbsp;&nbsp;&nbsp;genaryRsaKey
<LI><a href="#[1af]">&gt;&gt;</a>&nbsp;&nbsp;&nbsp;ReadBinaryFile
<LI><a href="#[1ae]">&gt;&gt;</a>&nbsp;&nbsp;&nbsp;updateBinaryFile
<LI><a href="#[1ad]">&gt;&gt;</a>&nbsp;&nbsp;&nbsp;seleteBinaryFile
<LI><a href="#[1a9]">&gt;&gt;</a>&nbsp;&nbsp;&nbsp;getPSAMInfo
<LI><a href="#[1a8]">&gt;&gt;</a>&nbsp;&nbsp;&nbsp;getDeviceInfo
<LI><a href="#[1a7]">&gt;&gt;</a>&nbsp;&nbsp;&nbsp;setPSAMInfo
<LI><a href="#[1a6]">&gt;&gt;</a>&nbsp;&nbsp;&nbsp;setDeviceInfo
<LI><a href="#[1a5]">&gt;&gt;</a>&nbsp;&nbsp;&nbsp;createBinaryFile
<LI><a href="#[1a4]">&gt;&gt;</a>&nbsp;&nbsp;&nbsp;changeDESkey
<LI><a href="#[1a3]">&gt;&gt;</a>&nbsp;&nbsp;&nbsp;loadDESkey
<LI><a href="#[1a2]">&gt;&gt;</a>&nbsp;&nbsp;&nbsp;loadMainkey
<LI><a href="#[1a1]">&gt;&gt;</a>&nbsp;&nbsp;&nbsp;createKeyFile
<LI><a href="#[1a0]">&gt;&gt;</a>&nbsp;&nbsp;&nbsp;CreateMF
<LI><a href="#[19f]">&gt;&gt;</a>&nbsp;&nbsp;&nbsp;EraseMF
<LI><a href="#[19e]">&gt;&gt;</a>&nbsp;&nbsp;&nbsp;WriteIntoFlash
<LI><a href="#[19d]">&gt;&gt;</a>&nbsp;&nbsp;&nbsp;readfromFlash
<LI><a href="#[17f]">&gt;&gt;</a>&nbsp;&nbsp;&nbsp;ThreeDesBykey
<LI><a href="#[17d]">&gt;&gt;</a>&nbsp;&nbsp;&nbsp;SingleDesBykey
</UL>

<P><STRONG><a name="[1cd]"></a>SC_VoltageConfig</STRONG> (Thumb, 52 bytes, Stack size 8 bytes, hal_7816.o(.text))
<BR><BR>[Stack]<UL><LI>Max Depth = 8<LI>Call Chain = SC_VoltageConfig
</UL>
<BR>[Calls]<UL><LI><a href="#[155]">&gt;&gt;</a>&nbsp;&nbsp;&nbsp;GPIO_ResetBits
<LI><a href="#[13d]">&gt;&gt;</a>&nbsp;&nbsp;&nbsp;GPIO_SetBits
</UL>
<BR>[Called By]<UL><LI><a href="#[1ce]">&gt;&gt;</a>&nbsp;&nbsp;&nbsp;HAL_7816_Init
</UL>

<P><STRONG><a name="[1d3]"></a>SC_SendData0</STRONG> (Thumb, 542 bytes, Stack size 24 bytes, hal_7816.o(.text))
<BR><BR>[Stack]<UL><LI>Max Depth = 48<LI>Call Chain = SC_SendData0 &rArr; USART_ByteReceive &rArr; SC_Detect
</UL>
<BR>[Calls]<UL><LI><a href="#[9b]">&gt;&gt;</a>&nbsp;&nbsp;&nbsp;USART_GetFlagStatus
<LI><a href="#[159]">&gt;&gt;</a>&nbsp;&nbsp;&nbsp;USART_ClearFlag
<LI><a href="#[162]">&gt;&gt;</a>&nbsp;&nbsp;&nbsp;USART_ReceiveData
<LI><a href="#[160]">&gt;&gt;</a>&nbsp;&nbsp;&nbsp;USART_SendData
<LI><a href="#[1d4]">&gt;&gt;</a>&nbsp;&nbsp;&nbsp;USART_DMACmd
<LI><a href="#[1c5]">&gt;&gt;</a>&nbsp;&nbsp;&nbsp;USART_ByteReceive
</UL>
<BR>[Called By]<UL><LI><a href="#[1d5]">&gt;&gt;</a>&nbsp;&nbsp;&nbsp;HAL_Card_APDU
</UL>

<P><STRONG><a name="[25b]"></a>AN_ADC1_GPIO_config</STRONG> (Thumb, 32 bytes, Stack size 8 bytes, an_adc.o(.text))
<BR><BR>[Stack]<UL><LI>Max Depth = 32<LI>Call Chain = AN_ADC1_GPIO_config &rArr; GPIO_Init
</UL>
<BR>[Calls]<UL><LI><a href="#[13b]">&gt;&gt;</a>&nbsp;&nbsp;&nbsp;RCC_APB2PeriphClockCmd
<LI><a href="#[13c]">&gt;&gt;</a>&nbsp;&nbsp;&nbsp;GPIO_Init
</UL>
<BR>[Called By]<UL><LI><a href="#[84]">&gt;&gt;</a>&nbsp;&nbsp;&nbsp;AN_ADC_Init
</UL>

<P><STRONG><a name="[25c]"></a>AN_ADC1_Config</STRONG> (Thumb, 108 bytes, Stack size 24 bytes, an_adc.o(.text))
<BR><BR>[Stack]<UL><LI>Max Depth = 44<LI>Call Chain = AN_ADC1_Config &rArr; ADC_RegularChannelConfig
</UL>
<BR>[Calls]<UL><LI><a href="#[25e]">&gt;&gt;</a>&nbsp;&nbsp;&nbsp;ADC_RegularChannelConfig
<LI><a href="#[263]">&gt;&gt;</a>&nbsp;&nbsp;&nbsp;ADC_GetCalibrationStatus
<LI><a href="#[262]">&gt;&gt;</a>&nbsp;&nbsp;&nbsp;ADC_StartCalibration
<LI><a href="#[261]">&gt;&gt;</a>&nbsp;&nbsp;&nbsp;ADC_GetResetCalibrationStatus
<LI><a href="#[260]">&gt;&gt;</a>&nbsp;&nbsp;&nbsp;ADC_ResetCalibration
<LI><a href="#[25f]">&gt;&gt;</a>&nbsp;&nbsp;&nbsp;ADC_Cmd
<LI><a href="#[25d]">&gt;&gt;</a>&nbsp;&nbsp;&nbsp;ADC_Init
<LI><a href="#[13b]">&gt;&gt;</a>&nbsp;&nbsp;&nbsp;RCC_APB2PeriphClockCmd
</UL>
<BR>[Called By]<UL><LI><a href="#[84]">&gt;&gt;</a>&nbsp;&nbsp;&nbsp;AN_ADC_Init
</UL>

<P><STRONG><a name="[28e]"></a>RTC_NVIC_Config</STRONG> (Thumb, 32 bytes, Stack size 8 bytes, rtc.o(.text), UNUSED)
<BR><BR>[Calls]<UL><LI><a href="#[140]">&gt;&gt;</a>&nbsp;&nbsp;&nbsp;NVIC_Init
</UL>

<P><STRONG><a name="[298]"></a>DataStageOut</STRONG> (Thumb, 166 bytes, Stack size 24 bytes, usb_core.o(.text))
<BR><BR>[Stack]<UL><LI>Max Depth = 44<LI>Call Chain = DataStageOut &rArr; PMAToUserBufferCopy
</UL>
<BR>[Calls]<UL><LI><a href="#[29b]">&gt;&gt;</a>&nbsp;&nbsp;&nbsp;SetEPTxCount
<LI><a href="#[29a]">&gt;&gt;</a>&nbsp;&nbsp;&nbsp;PMAToUserBufferCopy
<LI><a href="#[299]">&gt;&gt;</a>&nbsp;&nbsp;&nbsp;GetEPRxAddr
</UL>
<BR>[Called By]<UL><LI><a href="#[2ad]">&gt;&gt;</a>&nbsp;&nbsp;&nbsp;Out0_Process
</UL>

<P><STRONG><a name="[29c]"></a>DataStageIn</STRONG> (Thumb, 166 bytes, Stack size 32 bytes, usb_core.o(.text))
<BR><BR>[Stack]<UL><LI>Max Depth = 52<LI>Call Chain = DataStageIn &rArr; UserToPMABufferCopy
</UL>
<BR>[Calls]<UL><LI><a href="#[29e]">&gt;&gt;</a>&nbsp;&nbsp;&nbsp;UserToPMABufferCopy
<LI><a href="#[29b]">&gt;&gt;</a>&nbsp;&nbsp;&nbsp;SetEPTxCount
<LI><a href="#[29d]">&gt;&gt;</a>&nbsp;&nbsp;&nbsp;GetEPTxAddr
</UL>
<BR>[Called By]<UL><LI><a href="#[2ab]">&gt;&gt;</a>&nbsp;&nbsp;&nbsp;In0_Process
<LI><a href="#[2a7]">&gt;&gt;</a>&nbsp;&nbsp;&nbsp;Data_Setup0
</UL>

<P><STRONG><a name="[29f]"></a>NoData_Setup0</STRONG> (Thumb, 290 bytes, Stack size 16 bytes, usb_core.o(.text))
<BR><BR>[Stack]<UL><LI>Max Depth = 60<LI>Call Chain = NoData_Setup0 &rArr; Standard_ClearFeature &rArr; SetEPTxStatus
</UL>
<BR>[Calls]<UL><LI><a href="#[2a1]">&gt;&gt;</a>&nbsp;&nbsp;&nbsp;Standard_SetDeviceFeature
<LI><a href="#[2a3]">&gt;&gt;</a>&nbsp;&nbsp;&nbsp;Standard_SetEndPointFeature
<LI><a href="#[293]">&gt;&gt;</a>&nbsp;&nbsp;&nbsp;Standard_ClearFeature
<LI><a href="#[2a2]">&gt;&gt;</a>&nbsp;&nbsp;&nbsp;Standard_SetInterface
<LI><a href="#[2a0]">&gt;&gt;</a>&nbsp;&nbsp;&nbsp;Standard_SetConfiguration
</UL>
<BR>[Called By]<UL><LI><a href="#[2a9]">&gt;&gt;</a>&nbsp;&nbsp;&nbsp;Setup0_Process
</UL>

<P><STRONG><a name="[2a7]"></a>Data_Setup0</STRONG> (Thumb, 678 bytes, Stack size 40 bytes, usb_core.o(.text))
<BR><BR>[Stack]<UL><LI>Max Depth = 92<LI>Call Chain = Data_Setup0 &rArr; DataStageIn &rArr; UserToPMABufferCopy
</UL>
<BR>[Calls]<UL><LI><a href="#[29c]">&gt;&gt;</a>&nbsp;&nbsp;&nbsp;DataStageIn
</UL>
<BR>[Called By]<UL><LI><a href="#[2a9]">&gt;&gt;</a>&nbsp;&nbsp;&nbsp;Setup0_Process
</UL>

<P><STRONG><a name="[2b7]"></a>IntToUnicode</STRONG> (Thumb, 62 bytes, Stack size 12 bytes, hw_config.o(.text))
<BR><BR>[Stack]<UL><LI>Max Depth = 12<LI>Call Chain = IntToUnicode
</UL>
<BR>[Called By]<UL><LI><a href="#[2b6]">&gt;&gt;</a>&nbsp;&nbsp;&nbsp;Get_SerialNum
</UL>

<P><STRONG><a name="[2d0]"></a>HAL_GPUart_RevBit</STRONG> (Thumb, 14 bytes, Stack size 8 bytes, uart_simulation.o(.text))
<BR><BR>[Stack]<UL><LI>Max Depth = 8<LI>Call Chain = HAL_GPUart_RevBit
</UL>
<BR>[Calls]<UL><LI><a href="#[a2]">&gt;&gt;</a>&nbsp;&nbsp;&nbsp;GPIO_ReadInputDataBit
</UL>
<BR>[Called By]<UL><LI><a href="#[2d3]">&gt;&gt;</a>&nbsp;&nbsp;&nbsp;HAL_GPUart_RevByte
</UL>

<P><STRONG><a name="[39a]"></a>subdigitmult</STRONG> (Thumb, 102 bytes, Stack size 40 bytes, rsa.o(.text))
<BR><BR>[Stack]<UL><LI>Max Depth = 40<LI>Call Chain = subdigitmult
</UL>
<BR>[Calls]<UL><LI><a href="#[39b]">&gt;&gt;</a>&nbsp;&nbsp;&nbsp;__asm___5_Rsa_c_ec1a91ae__dmult
</UL>
<BR>[Called By]<UL><LI><a href="#[3a0]">&gt;&gt;</a>&nbsp;&nbsp;&nbsp;NN_Div
</UL>

<P><STRONG><a name="[3aa]"></a>NN_Decode</STRONG> (Thumb, 76 bytes, Stack size 20 bytes, rsa.o(.text))
<BR><BR>[Stack]<UL><LI>Max Depth = 20<LI>Call Chain = NN_Decode
</UL>
<BR>[Called By]<UL><LI><a href="#[3ac]">&gt;&gt;</a>&nbsp;&nbsp;&nbsp;RSAPrivateBlock
<LI><a href="#[3a9]">&gt;&gt;</a>&nbsp;&nbsp;&nbsp;RSAPublicBlock
</UL>

<P><STRONG><a name="[3ab]"></a>NN_Encode</STRONG> (Thumb, 70 bytes, Stack size 20 bytes, rsa.o(.text))
<BR><BR>[Stack]<UL><LI>Max Depth = 20<LI>Call Chain = NN_Encode
</UL>
<BR>[Called By]<UL><LI><a href="#[3ac]">&gt;&gt;</a>&nbsp;&nbsp;&nbsp;RSAPrivateBlock
<LI><a href="#[3a9]">&gt;&gt;</a>&nbsp;&nbsp;&nbsp;RSAPublicBlock
</UL>

<P><STRONG><a name="[39f]"></a>NN_Assign</STRONG> (Thumb, 16 bytes, Stack size 0 bytes, rsa.o(.text))
<BR><BR>[Called By]<UL><LI><a href="#[3a8]">&gt;&gt;</a>&nbsp;&nbsp;&nbsp;NN_ModExp
<LI><a href="#[39c]">&gt;&gt;</a>&nbsp;&nbsp;&nbsp;NN_Mult
</UL>

<P><STRONG><a name="[39d]"></a>NN_AssignZero</STRONG> (Thumb, 16 bytes, Stack size 0 bytes, rsa.o(.text))
<BR><BR>[Called By]<UL><LI><a href="#[3ac]">&gt;&gt;</a>&nbsp;&nbsp;&nbsp;RSAPrivateBlock
<LI><a href="#[3a8]">&gt;&gt;</a>&nbsp;&nbsp;&nbsp;NN_ModExp
<LI><a href="#[3a0]">&gt;&gt;</a>&nbsp;&nbsp;&nbsp;NN_Div
<LI><a href="#[39c]">&gt;&gt;</a>&nbsp;&nbsp;&nbsp;NN_Mult
</UL>

<P><STRONG><a name="[3a1]"></a>NN_DigitBits</STRONG> (Thumb, 22 bytes, Stack size 0 bytes, rsa.o(.text))
<BR><BR>[Called By]<UL><LI><a href="#[3a0]">&gt;&gt;</a>&nbsp;&nbsp;&nbsp;NN_Div
</UL>

<P><STRONG><a name="[39e]"></a>NN_Digits</STRONG> (Thumb, 28 bytes, Stack size 0 bytes, rsa.o(.text))
<BR><BR>[Called By]<UL><LI><a href="#[3ac]">&gt;&gt;</a>&nbsp;&nbsp;&nbsp;RSAPrivateBlock
<LI><a href="#[3a9]">&gt;&gt;</a>&nbsp;&nbsp;&nbsp;RSAPublicBlock
<LI><a href="#[3a8]">&gt;&gt;</a>&nbsp;&nbsp;&nbsp;NN_ModExp
<LI><a href="#[3a0]">&gt;&gt;</a>&nbsp;&nbsp;&nbsp;NN_Div
<LI><a href="#[39c]">&gt;&gt;</a>&nbsp;&nbsp;&nbsp;NN_Mult
</UL>

<P><STRONG><a name="[3a4]"></a>NN_Cmp</STRONG> (Thumb, 54 bytes, Stack size 12 bytes, rsa.o(.text))
<BR><BR>[Stack]<UL><LI>Max Depth = 12<LI>Call Chain = NN_Cmp
</UL>
<BR>[Called By]<UL><LI><a href="#[3ac]">&gt;&gt;</a>&nbsp;&nbsp;&nbsp;RSAPrivateBlock
<LI><a href="#[3a9]">&gt;&gt;</a>&nbsp;&nbsp;&nbsp;RSAPublicBlock
<LI><a href="#[3a0]">&gt;&gt;</a>&nbsp;&nbsp;&nbsp;NN_Div
</UL>

<P><STRONG><a name="[3ad]"></a>NN_Add</STRONG> (Thumb, 64 bytes, Stack size 20 bytes, rsa.o(.text), UNUSED)
<BR><BR>[Called By]<UL><LI><a href="#[3ac]">&gt;&gt;</a>&nbsp;&nbsp;&nbsp;RSAPrivateBlock
</UL>

<P><STRONG><a name="[3a3]"></a>NN_Sub</STRONG> (Thumb, 76 bytes, Stack size 20 bytes, rsa.o(.text))
<BR><BR>[Stack]<UL><LI>Max Depth = 20<LI>Call Chain = NN_Sub
</UL>
<BR>[Called By]<UL><LI><a href="#[3ac]">&gt;&gt;</a>&nbsp;&nbsp;&nbsp;RSAPrivateBlock
<LI><a href="#[3a0]">&gt;&gt;</a>&nbsp;&nbsp;&nbsp;NN_Div
</UL>

<P><STRONG><a name="[3a2]"></a>NN_LShift</STRONG> (Thumb, 62 bytes, Stack size 20 bytes, rsa.o(.text))
<BR><BR>[Stack]<UL><LI>Max Depth = 20<LI>Call Chain = NN_LShift
</UL>
<BR>[Called By]<UL><LI><a href="#[3a0]">&gt;&gt;</a>&nbsp;&nbsp;&nbsp;NN_Div
</UL>

<P><STRONG><a name="[3a5]"></a>NN_RShift</STRONG> (Thumb, 62 bytes, Stack size 20 bytes, rsa.o(.text))
<BR><BR>[Stack]<UL><LI>Max Depth = 20<LI>Call Chain = NN_RShift
</UL>
<BR>[Called By]<UL><LI><a href="#[3a0]">&gt;&gt;</a>&nbsp;&nbsp;&nbsp;NN_Div
</UL>

<P><STRONG><a name="[39c]"></a>NN_Mult</STRONG> (Thumb, 206 bytes, Stack size 584 bytes, rsa.o(.text))
<BR><BR>[Stack]<UL><LI>Max Depth = 588<LI>Call Chain = NN_Mult &rArr; __aeabi_memclr4
</UL>
<BR>[Calls]<UL><LI><a href="#[39b]">&gt;&gt;</a>&nbsp;&nbsp;&nbsp;__asm___5_Rsa_c_ec1a91ae__dmult
<LI><a href="#[39e]">&gt;&gt;</a>&nbsp;&nbsp;&nbsp;NN_Digits
<LI><a href="#[39d]">&gt;&gt;</a>&nbsp;&nbsp;&nbsp;NN_AssignZero
<LI><a href="#[39f]">&gt;&gt;</a>&nbsp;&nbsp;&nbsp;NN_Assign
<LI><a href="#[168]">&gt;&gt;</a>&nbsp;&nbsp;&nbsp;__aeabi_memclr4
</UL>
<BR>[Called By]<UL><LI><a href="#[3ac]">&gt;&gt;</a>&nbsp;&nbsp;&nbsp;RSAPrivateBlock
<LI><a href="#[3a7]">&gt;&gt;</a>&nbsp;&nbsp;&nbsp;NN_ModMult
</UL>

<P><STRONG><a name="[3a0]"></a>NN_Div</STRONG> (Thumb, 650 bytes, Stack size 872 bytes, rsa.o(.text))
<BR><BR>[Stack]<UL><LI>Max Depth = 912<LI>Call Chain = NN_Div &rArr; subdigitmult
</UL>
<BR>[Calls]<UL><LI><a href="#[3a5]">&gt;&gt;</a>&nbsp;&nbsp;&nbsp;NN_RShift
<LI><a href="#[3a2]">&gt;&gt;</a>&nbsp;&nbsp;&nbsp;NN_LShift
<LI><a href="#[3a3]">&gt;&gt;</a>&nbsp;&nbsp;&nbsp;NN_Sub
<LI><a href="#[3a4]">&gt;&gt;</a>&nbsp;&nbsp;&nbsp;NN_Cmp
<LI><a href="#[39e]">&gt;&gt;</a>&nbsp;&nbsp;&nbsp;NN_Digits
<LI><a href="#[3a1]">&gt;&gt;</a>&nbsp;&nbsp;&nbsp;NN_DigitBits
<LI><a href="#[39d]">&gt;&gt;</a>&nbsp;&nbsp;&nbsp;NN_AssignZero
<LI><a href="#[39a]">&gt;&gt;</a>&nbsp;&nbsp;&nbsp;subdigitmult
<LI><a href="#[168]">&gt;&gt;</a>&nbsp;&nbsp;&nbsp;__aeabi_memclr4
</UL>
<BR>[Called By]<UL><LI><a href="#[3a6]">&gt;&gt;</a>&nbsp;&nbsp;&nbsp;NN_Mod
</UL>

<P><STRONG><a name="[3a6]"></a>NN_Mod</STRONG> (Thumb, 54 bytes, Stack size 552 bytes, rsa.o(.text))
<BR><BR>[Stack]<UL><LI>Max Depth = 1464<LI>Call Chain = NN_Mod &rArr; NN_Div &rArr; subdigitmult
</UL>
<BR>[Calls]<UL><LI><a href="#[3a0]">&gt;&gt;</a>&nbsp;&nbsp;&nbsp;NN_Div
<LI><a href="#[168]">&gt;&gt;</a>&nbsp;&nbsp;&nbsp;__aeabi_memclr4
</UL>
<BR>[Called By]<UL><LI><a href="#[3ac]">&gt;&gt;</a>&nbsp;&nbsp;&nbsp;RSAPrivateBlock
<LI><a href="#[3a7]">&gt;&gt;</a>&nbsp;&nbsp;&nbsp;NN_ModMult
</UL>

<P><STRONG><a name="[3a7]"></a>NN_ModMult</STRONG> (Thumb, 62 bytes, Stack size 552 bytes, rsa.o(.text))
<BR><BR>[Stack]<UL><LI>Max Depth = 2016<LI>Call Chain = NN_ModMult &rArr; NN_Mod &rArr; NN_Div &rArr; subdigitmult
</UL>
<BR>[Calls]<UL><LI><a href="#[3a6]">&gt;&gt;</a>&nbsp;&nbsp;&nbsp;NN_Mod
<LI><a href="#[39c]">&gt;&gt;</a>&nbsp;&nbsp;&nbsp;NN_Mult
<LI><a href="#[168]">&gt;&gt;</a>&nbsp;&nbsp;&nbsp;__aeabi_memclr4
</UL>
<BR>[Called By]<UL><LI><a href="#[3ac]">&gt;&gt;</a>&nbsp;&nbsp;&nbsp;RSAPrivateBlock
<LI><a href="#[3a8]">&gt;&gt;</a>&nbsp;&nbsp;&nbsp;NN_ModExp
</UL>

<P><STRONG><a name="[3a8]"></a>NN_ModExp</STRONG> (Thumb, 254 bytes, Stack size 1104 bytes, rsa.o(.text))
<BR><BR>[Stack]<UL><LI>Max Depth = 3120<LI>Call Chain = NN_ModExp &rArr; NN_ModMult &rArr; NN_Mod &rArr; NN_Div &rArr; subdigitmult
</UL>
<BR>[Calls]<UL><LI><a href="#[3a7]">&gt;&gt;</a>&nbsp;&nbsp;&nbsp;NN_ModMult
<LI><a href="#[39e]">&gt;&gt;</a>&nbsp;&nbsp;&nbsp;NN_Digits
<LI><a href="#[39d]">&gt;&gt;</a>&nbsp;&nbsp;&nbsp;NN_AssignZero
<LI><a href="#[39f]">&gt;&gt;</a>&nbsp;&nbsp;&nbsp;NN_Assign
<LI><a href="#[168]">&gt;&gt;</a>&nbsp;&nbsp;&nbsp;__aeabi_memclr4
</UL>
<BR>[Called By]<UL><LI><a href="#[3ac]">&gt;&gt;</a>&nbsp;&nbsp;&nbsp;RSAPrivateBlock
<LI><a href="#[3a9]">&gt;&gt;</a>&nbsp;&nbsp;&nbsp;RSAPublicBlock
</UL>

<P><STRONG><a name="[3a9]"></a>RSAPublicBlock</STRONG> (Thumb, 168 bytes, Stack size 1080 bytes, rsa.o(.text))
<BR><BR>[Stack]<UL><LI>Max Depth = 4200<LI>Call Chain = RSAPublicBlock &rArr; NN_ModExp &rArr; NN_ModMult &rArr; NN_Mod &rArr; NN_Div &rArr; subdigitmult
</UL>
<BR>[Calls]<UL><LI><a href="#[3a8]">&gt;&gt;</a>&nbsp;&nbsp;&nbsp;NN_ModExp
<LI><a href="#[3a4]">&gt;&gt;</a>&nbsp;&nbsp;&nbsp;NN_Cmp
<LI><a href="#[39e]">&gt;&gt;</a>&nbsp;&nbsp;&nbsp;NN_Digits
<LI><a href="#[3ab]">&gt;&gt;</a>&nbsp;&nbsp;&nbsp;NN_Encode
<LI><a href="#[3aa]">&gt;&gt;</a>&nbsp;&nbsp;&nbsp;NN_Decode
<LI><a href="#[168]">&gt;&gt;</a>&nbsp;&nbsp;&nbsp;__aeabi_memclr4
</UL>
<BR>[Called By]<UL><LI><a href="#[393]">&gt;&gt;</a>&nbsp;&nbsp;&nbsp;RSAPublicDecrypt
</UL>

<P><STRONG><a name="[3ac]"></a>RSAPrivateBlock</STRONG> (Thumb, 558 bytes, Stack size 3168 bytes, rsa.o(.text), UNUSED)
<BR><BR>[Calls]<UL><LI><a href="#[3a8]">&gt;&gt;</a>&nbsp;&nbsp;&nbsp;NN_ModExp
<LI><a href="#[3a7]">&gt;&gt;</a>&nbsp;&nbsp;&nbsp;NN_ModMult
<LI><a href="#[3a6]">&gt;&gt;</a>&nbsp;&nbsp;&nbsp;NN_Mod
<LI><a href="#[39c]">&gt;&gt;</a>&nbsp;&nbsp;&nbsp;NN_Mult
<LI><a href="#[3a3]">&gt;&gt;</a>&nbsp;&nbsp;&nbsp;NN_Sub
<LI><a href="#[3ad]">&gt;&gt;</a>&nbsp;&nbsp;&nbsp;NN_Add
<LI><a href="#[3a4]">&gt;&gt;</a>&nbsp;&nbsp;&nbsp;NN_Cmp
<LI><a href="#[39e]">&gt;&gt;</a>&nbsp;&nbsp;&nbsp;NN_Digits
<LI><a href="#[39d]">&gt;&gt;</a>&nbsp;&nbsp;&nbsp;NN_AssignZero
<LI><a href="#[3ab]">&gt;&gt;</a>&nbsp;&nbsp;&nbsp;NN_Encode
<LI><a href="#[3aa]">&gt;&gt;</a>&nbsp;&nbsp;&nbsp;NN_Decode
<LI><a href="#[168]">&gt;&gt;</a>&nbsp;&nbsp;&nbsp;__aeabi_memclr4
</UL>
<BR>[Called By]<UL><LI><a href="#[3ae]">&gt;&gt;</a>&nbsp;&nbsp;&nbsp;RSAPrivateEncrypt
</UL>

<P><STRONG><a name="[3b9]"></a>des_setkey</STRONG> (Thumb, 784 bytes, Stack size 20 bytes, des.o(.text))
<BR><BR>[Stack]<UL><LI>Max Depth = 20<LI>Call Chain = des_setkey
</UL>
<BR>[Called By]<UL><LI><a href="#[3ba]">&gt;&gt;</a>&nbsp;&nbsp;&nbsp;des_setkey_dec
<LI><a href="#[3b8]">&gt;&gt;</a>&nbsp;&nbsp;&nbsp;des_setkey_enc
<LI><a href="#[3be]">&gt;&gt;</a>&nbsp;&nbsp;&nbsp;des3_set3key
<LI><a href="#[3bb]">&gt;&gt;</a>&nbsp;&nbsp;&nbsp;des3_set2key
</UL>

<P><STRONG><a name="[3bb]"></a>des3_set2key</STRONG> (Thumb, 164 bytes, Stack size 24 bytes, des.o(.text))
<BR><BR>[Stack]<UL><LI>Max Depth = 44<LI>Call Chain = des3_set2key &rArr; des_setkey
</UL>
<BR>[Calls]<UL><LI><a href="#[3b9]">&gt;&gt;</a>&nbsp;&nbsp;&nbsp;des_setkey
</UL>
<BR>[Called By]<UL><LI><a href="#[3bd]">&gt;&gt;</a>&nbsp;&nbsp;&nbsp;des3_set2key_dec
<LI><a href="#[3bc]">&gt;&gt;</a>&nbsp;&nbsp;&nbsp;des3_set2key_enc
</UL>

<P><STRONG><a name="[3be]"></a>des3_set3key</STRONG> (Thumb, 146 bytes, Stack size 24 bytes, des.o(.text), UNUSED)
<BR><BR>[Calls]<UL><LI><a href="#[3b9]">&gt;&gt;</a>&nbsp;&nbsp;&nbsp;des_setkey
</UL>
<BR>[Called By]<UL><LI><a href="#[3c0]">&gt;&gt;</a>&nbsp;&nbsp;&nbsp;des3_set3key_dec
<LI><a href="#[3bf]">&gt;&gt;</a>&nbsp;&nbsp;&nbsp;des3_set3key_enc
</UL>

<P><STRONG><a name="[3df]"></a>_fadd1</STRONG> (Thumb, 0 bytes, Stack size unknown bytes, faddsub_clz.o(x$fpl$fadd), UNUSED)
<BR><BR>[Called By]<UL><LI><a href="#[3e0]">&gt;&gt;</a>&nbsp;&nbsp;&nbsp;_fsub
<LI><a href="#[3de]">&gt;&gt;</a>&nbsp;&nbsp;&nbsp;_frsb
</UL>

<P><STRONG><a name="[3d5]"></a>_fsub1</STRONG> (Thumb, 0 bytes, Stack size unknown bytes, faddsub_clz.o(x$fpl$fsub), UNUSED)
<BR><BR>[Called By]<UL><LI><a href="#[3de]">&gt;&gt;</a>&nbsp;&nbsp;&nbsp;_frsb
<LI><a href="#[3d4]">&gt;&gt;</a>&nbsp;&nbsp;&nbsp;_fadd
</UL>
<P>
<H3>
Undefined Global Symbols
</H3><HR></body></html>
