Product: MDK-ARM Professional 5.10
Component: ARM Compiler 5.04 update 1 (build 49)
Tool: armlink [5040049]

==============================================================================

Section Cross References

    main.o(.text) refers to stm32f10x_rcc.o(.text) for RCC_DeInit
    main.o(.text) refers to stm32f10x_flash.o(.text) for FLASH_PrefetchBufferCmd
    main.o(.text) refers to misc.o(.text) for NVIC_SetVectorTable
    main.o(.text) refers to systick_delay.o(.text) for Delay_Init
    main.o(.text) refers to buzzer.o(.text) for iBUZZER_Init
    main.o(.text) refers to pwercheck.o(.text) for vPower_Init
    main.o(.text) refers to display.o(.text) for Display_Init
    main.o(.text) refers to msd.o(.text) for MSD_Init
    main.o(.text) refers to roc_personalfont.o(.text) for vLCD_PowerON
    main.o(.text) refers to z8d256.o(.text) for vZ8D256_Init
    main.o(.text) refers to an_adc.o(.text) for AN_ADC_Init
    main.o(.text) refers to bluetooth.o(.text) for vBluetooth_Init
    main.o(.text) refers to mscard_pa1100.o(.text) for MSR_vInit
    main.o(.text) refers to hal_7816.o(.text) for vPBOC_7816_Init
    main.o(.text) refers to irom.o(.text) for IROM_Read
    main.o(.text) refers to uart_simulation.o(.text) for HAL_GPUartInit
    main.o(.text) refers to vectortable.o(.text) for vFactory_Init
    main.o(.text) refers to hw_config.o(.text) for Set_USBClock
    main.o(.text) refers to usb_init.o(.text) for USB_Init
    main.o(.text) refers to rc523.o(.text) for vRC523_Init
    main.o(.text) refers to up_mpos_cmd.o(.text) for Device_Init
    main.o(.text) refers to stm32f10x_iwdg.o(.text) for IWDG_ReloadCounter
    main.o(.text) refers to up_mpos_cmd.o(.bss) for g_sCardReaderInfo
    main.o(.text) refers to vectortable.o(.data) for g_uiTime100ms_LCDOff_PowerOff
    stm32f10x_it.o(.text) refers to display.o(.text) for HAL_DISP_SET
    stm32f10x_it.o(.text) refers to stm32f10x_bkp.o(.text) for BKP_GetITStatus
    stm32f10x_it.o(.text) refers to stm32f10x_usart.o(.text) for USART_GetFlagStatus
    stm32f10x_it.o(.text) refers to rt_memclr.o(.text) for __aeabi_memclr
    stm32f10x_it.o(.text) refers to bluetooth.o(.text) for eBluetooth_RecvAndAnalyze
    stm32f10x_it.o(.text) refers to stm32f10x_tim.o(.text) for TIM_GetITStatus
    stm32f10x_it.o(.text) refers to stm32f10x_gpio.o(.text) for GPIO_ReadInputDataBit
    stm32f10x_it.o(.text) refers to pwercheck.o(.text) for Power_OFF
    stm32f10x_it.o(.text) refers to usb_istr.o(.text) for USB_Istr
    stm32f10x_it.o(.text) refers to stm32f10x_exti.o(.text) for EXTI_ClearITPendingBit
    stm32f10x_it.o(.text) refers to uart_simulation.o(.text) for HAL_GPUart_Rev
    stm32f10x_it.o(.text) refers to tamper.o(.data) for g_Tamper_Flag
    stm32f10x_it.o(.text) refers to bluetooth.o(.bss) for g_ucbBluetoothBuf
    stm32f10x_it.o(.text) refers to bluetooth.o(.data) for g_eBluetoothRecvStatus
    stm32f10x_it.o(.text) refers to vectortable.o(.data) for g_uiTime100ms_LCDOff_PowerOff
    stm32f10x_it.o(.text) refers to pwercheck.o(.data) for g_PWRKeyFlag
    stm32f10x_it.o(.text) refers to mscard_pa1100.o(.data) for MSR_ub100msTickDownCntTimeToReceiveBufferReadySignal
    stm32f10x_it.o(.text) refers to uart_simulation.o(.bss) for GP_UART_BUF
    stm32f10x_it.o(.text) refers to uart_simulation.o(.data) for GP_UART_STATE
    vectortable.o(.text) refers to bluetooth.o(.text) for eBluetooth_GetBluetoothState
    vectortable.o(.text) refers to lcd_gui.o(.text) for vLCD_ClearWorkPlace2345
    vectortable.o(.text) refers to roc_personalfont.o(.text) for vLCD_ShowBluetoothIcon
    vectortable.o(.text) refers to an_adc.o(.text) for AN_ADC_GetCellVoltageAndElectric
    vectortable.o(.text) refers to display.o(.text) for DispalyPower
    vectortable.o(.text) refers to fontfonction.o(.text) for vLCD_ShowMiddle
    vectortable.o(.text) refers to systick_delay.o(.text) for Delay_ms
    vectortable.o(.text) refers to pwercheck.o(.text) for Power_OFF
    vectortable.o(.text) refers to key.o(.text) for ucKey_Scan
    vectortable.o(.text) refers to up_mpos_cmd.o(.text) for iCMD0304_PToU_SendCardReaderStatus
    vectortable.o(.text) refers to memcmp.o(.text) for memcmp
    vectortable.o(.text) refers to irom.o(.text) for IROM_Write
    vectortable.o(.text) refers to nfc_main.o(.text) for NFC_FieldOff
    vectortable.o(.text) refers to pboc_var.o(.text) for vPBOC_Init
    vectortable.o(.text) refers to app_pboc.o(.text) for CheckCardState
    vectortable.o(.text) refers to bluetooth.o(.data) for g_BluetoothDateIN
    vectortable.o(.text) refers to vectortable.o(.data) for g_uiTime100ms_LCDShow
    vectortable.o(.text) refers to up_mpos_cmd.o(.bss) for g_sCardReaderInfo
    vectortable.o(.text) refers to bluetooth.o(.bss) for g_sBluetoothMessage
    vectortable.o(.text) refers to ascii.o(.constdata) for ASCIIchardot
    vectortable.o(.text) refers to mscard_pa1100.o(.data) for MSR_ucTrack2Len
    vectortable.o(.text) refers to mscard_pa1100.o(.bss) for MSR_ucTrack2Buf
[...]
    phbalReg_Stub_OpenPort                   0x08018f7f   Thumb Code     8  phbalreg_stub.o(.text)
    phbalReg_Stub_ClosePort                  0x08018f87   Thumb Code     8  phbalreg_stub.o(.text)
    phbalReg_Stub_Exchange                   0x08018f8f   Thumb Code    80  phbalreg_stub.o(.text)
    phbalReg_Stub_SetConfig                  0x08018fdf   Thumb Code    12  phbalreg_stub.o(.text)
    phbalReg_Stub_GetConfig                  0x08018feb   Thumb Code    12  phbalreg_stub.o(.text)
    phhalHw_Exchange                         0x08018ff7   Thumb Code    56  phhalhw.o(.text)
    phhalHw_WriteRegister                    0x0801902f   Thumb Code    44  phhalhw.o(.text)
    phhalHw_ReadRegister                     0x0801905b   Thumb Code    44  phhalhw.o(.text)
    phhalHw_ApplyProtocolSettings            0x08019087   Thumb Code    36  phhalhw.o(.text)
    phhalHw_SetConfig                        0x080190ab   Thumb Code    44  phhalhw.o(.text)
    phhalHw_MfcAuthenticateKeyNo             0x080190d7   Thumb Code    74  phhalhw.o(.text)
    phhalHw_MfcAuthenticate                  0x08019121   Thumb Code    74  phhalhw.o(.text)
    phhalHw_GetConfig                        0x0801916b   Thumb Code    62  phhalhw.o(.text)
    phhalHw_FieldOn                          0x080191a9   Thumb Code    50  phhalhw.o(.text)
    phhalHw_FieldOff                         0x080191db   Thumb Code    50  phhalhw.o(.text)
    phhalHw_FieldReset                       0x0801920d   Thumb Code    32  phhalhw.o(.text)
    phhalHw_Wait                             0x0801922d   Thumb Code    62  phhalhw.o(.text)
    phhalHw_Rc523_Reset                      0x0801926d   Thumb Code     2  phhalhw_rc523.o(.text)
    phhalHw_Rc523_Init                       0x0801926f   Thumb Code   128  phhalhw_rc523.o(.text)
    phhalHw_Rc523_WriteRegister              0x080192ef   Thumb Code   134  phhalhw_rc523.o(.text)
    phhalHw_Rc523_Exchange                   0x08019375   Thumb Code   346  phhalhw_rc523.o(.text)
    phhalHw_Rc523_ReadRegister               0x080194cf   Thumb Code   168  phhalhw_rc523.o(.text)
    phhalHw_Rc523_SetConfig                  0x08019577   Thumb Code  1978  phhalhw_rc523.o(.text)
    phhalHw_Rc523_ApplyProtocolSettings      0x08019d31   Thumb Code   934  phhalhw_rc523.o(.text)
    phhalHw_Rc523_GetConfig                  0x0801a0d7   Thumb Code   792  phhalhw_rc523.o(.text)
    phhalHw_Rc523_FieldOn                    0x0801a3ef   Thumb Code    70  phhalhw_rc523.o(.text)
    phhalHw_Rc523_FieldOff                   0x0801a435   Thumb Code    56  phhalhw_rc523.o(.text)
    phhalHw_Rc523_Wait                       0x0801a46d   Thumb Code   396  phhalhw_rc523.o(.text)
    phhalHw_Rc523_FieldReset                 0x0801a5f9   Thumb Code    88  phhalhw_rc523.o(.text)
    phhalHw_Rc523_MfcAuthenticateKeyNo       0x0801a651   Thumb Code    14  phhalhw_rc523.o(.text)
    phhalHw_Rc523_MfcAuthenticate            0x0801a65f   Thumb Code   338  phhalhw_rc523.o(.text)
    phhalHw_Rc523_Cmd_Mem                    0x0801a7b1   Thumb Code   470  phhalhw_rc523_cmd.o(.text)
    phhalHw_Rc523_Cmd_Config                 0x0801a987   Thumb Code    74  phhalhw_rc523_cmd.o(.text)
    phhalHw_Rc523_Cmd_GenerateRandomId       0x0801a9d1   Thumb Code    56  phhalhw_rc523_cmd.o(.text)
    phhalHw_Rc523_Cmd_CalcCrc                0x0801aa09   Thumb Code   384  phhalhw_rc523_cmd.o(.text)
    phhalHw_Rc523_Cmd_Transmit               0x0801ab89   Thumb Code   366  phhalhw_rc523_cmd.o(.text)
    phhalHw_Rc523_Cmd_Receive                0x0801acf7   Thumb Code   312  phhalhw_rc523_cmd.o(.text)
    phhalHw_Rc523_Cmd_Autocoll               0x0801ae2f   Thumb Code   576  phhalhw_rc523_cmd.o(.text)
    phhalHw_Rc523_Cmd_SoftReset              0x0801b06f   Thumb Code    62  phhalhw_rc523_cmd.o(.text)
    phhalHw_Rc523_WriteData                  0x0801b0ad   Thumb Code   128  phhalhw_rc523_int.o(.text)
    phhalHw_Rc523_WriteFifo                  0x0801b12d   Thumb Code   112  phhalhw_rc523_int.o(.text)
    phhalHw_Rc523_FlushFifo                  0x0801b19d   Thumb Code    16  phhalhw_rc523_int.o(.text)
    phhalHw_Rc523_ReadData                   0x0801b1ad   Thumb Code   128  phhalhw_rc523_int.o(.text)
    phhalHw_Rc523_ReadFifo                   0x0801b22d   Thumb Code   122  phhalhw_rc523_int.o(.text)
    phhalHw_Rc523_GetRxBuffer                0x0801b2a7   Thumb Code   160  phhalhw_rc523_int.o(.text)
    phhalHw_Rc523_GetTxBuffer                0x0801b347   Thumb Code    80  phhalhw_rc523_int.o(.text)
    phhalHw_Rc523_ExchangeTransmit           0x0801b397   Thumb Code   572  phhalhw_rc523_int.o(.text)
    phhalHw_Rc523_GetFdt                     0x0801b5d3   Thumb Code   390  phhalhw_rc523_int.o(.text)
    phhalHw_Rc523_ExchangeReceive            0x0801b759   Thumb Code   768  phhalhw_rc523_int.o(.text)
    phhalHw_Rc523_SetFdt                     0x0801ba59   Thumb Code   490  phhalhw_rc523_int.o(.text)
    phhalHw_Rc523_WaitIrq                    0x0801bc55   Thumb Code   280  phhalhw_rc523_wait.o(.text)
    phpalI14443p3a_RequestA                  0x0801bd6d   Thumb Code    36  phpali14443p3a.o(.text)
    phpalI14443p3a_WakeUpA                   0x0801bd91   Thumb Code    54  phpali14443p3a.o(.text)
    phpalI14443p3a_HaltA                     0x0801bdc7   Thumb Code    50  phpali14443p3a.o(.text)
    phpalI14443p3a_Anticollision             0x0801bdf9   Thumb Code    74  phpali14443p3a.o(.text)
    phpalI14443p3a_Select                    0x0801be43   Thumb Code    66  phpali14443p3a.o(.text)
    phpalI14443p3a_ActivateCard              0x0801be85   Thumb Code    60  phpali14443p3a.o(.text)
    phpalI14443p3a_Exchange                  0x0801bec1   Thumb Code    74  phpali14443p3a.o(.text)
    phpalI14443p3a_GetSerialNo               0x0801bf0b   Thumb Code    62  phpali14443p3a.o(.text)
    phpalI14443p3a_Sw_Init                   0x0801bf49   Thumb Code    30  phpali14443p3a_sw.o(.text)
    phpalI14443p3a_Sw_RequestAEx             0x0801bf67   Thumb Code   186  phpali14443p3a_sw.o(.text)
    phpalI14443p3a_Sw_RequestA               0x0801c021   Thumb Code    18  phpali14443p3a_sw.o(.text)
    phpalI14443p3a_Sw_WakeUpA                0x0801c033   Thumb Code    18  phpali14443p3a_sw.o(.text)
    phpalI14443p3a_Sw_HaltA                  0x0801c045   Thumb Code   120  phpali14443p3a_sw.o(.text)
    phpalI14443p3a_Sw_Anticollision          0x0801c0bd   Thumb Code   878  phpali14443p3a_sw.o(.text)
    phpalI14443p3a_Sw_Select                 0x0801c42b   Thumb Code    30  phpali14443p3a_sw.o(.text)
    phpalI14443p3a_Sw_ActivateCard           0x0801c449   Thumb Code   442  phpali14443p3a_sw.o(.text)
    phpalI14443p3a_Sw_Exchange               0x0801c603   Thumb Code    36  phpali14443p3a_sw.o(.text)
    phpalI14443p3a_Sw_GetSerialNo            0x0801c627   Thumb Code    38  phpali14443p3a_sw.o(.text)
    phpalI14443p3b_SetConfig                 0x0801c64d   Thumb Code    62  phpali14443p3b.o(.text)
    phpalI14443p3b_GetConfig                 0x0801c68b   Thumb Code    62  phpali14443p3b.o(.text)
    phpalI14443p3b_RequestB                  0x0801c6c9   Thumb Code    74  phpali14443p3b.o(.text)
    phpalI14443p3b_WakeUpB                   0x0801c713   Thumb Code    74  phpali14443p3b.o(.text)
    phpalI14443p3b_SlotMarker                0x0801c75d   Thumb Code    66  phpali14443p3b.o(.text)
    phpalI14443p3b_HaltB                     0x0801c79f   Thumb Code    50  phpali14443p3b.o(.text)
    phpalI14443p3b_Attrib                    0x0801c7d1   Thumb Code    80  phpali14443p3b.o(.text)
    phpalI14443p3b_ActivateCard              0x0801c821   Thumb Code    94  phpali14443p3b.o(.text)
    phpalI14443p3b_Exchange                  0x0801c87f   Thumb Code    74  phpali14443p3b.o(.text)
    phpalI14443p3b_GetSerialNo               0x0801c8c9   Thumb Code    54  phpali14443p3b.o(.text)
    phpalI14443p3b_SetHigherLayerInf         0x0801c8ff   Thumb Code    74  phpali14443p3b.o(.text)
    phpalI14443p3b_GetHigherLayerResp        0x0801c949   Thumb Code    62  phpali14443p3b.o(.text)
    phpalI14443p3b_GetProtocolParams         0x0801c987   Thumb Code    78  phpali14443p3b.o(.text)
    phpalI14443p3b_Sw_Init                   0x0801c9d5   Thumb Code    64  phpali14443p3b_sw.o(.text)
    phpalI14443p3b_Sw_SetConfig              0x0801ca15   Thumb Code    20  phpali14443p3b_sw.o(.text)
    phpalI14443p3b_Sw_GetConfig              0x0801ca29   Thumb Code    22  phpali14443p3b_sw.o(.text)
    phpalI14443p3b_Sw_CheckATQBEx            0x0801ca3f   Thumb Code   110  phpali14443p3b_sw.o(.text)
    phpalI14443p3b_Sw_RequestBEx             0x0801caad   Thumb Code   158  phpali14443p3b_sw.o(.text)
    phpalI14443p3b_Sw_RequestB               0x0801cb4b   Thumb Code    36  phpali14443p3b_sw.o(.text)
    phpalI14443p3b_Sw_WakeUpB                0x0801cb6f   Thumb Code    36  phpali14443p3b_sw.o(.text)
    phpalI14443p3b_Sw_SlotMarker             0x0801cb93   Thumb Code    94  phpali14443p3b_sw.o(.text)
    phpalI14443p3b_Sw_HaltB                  0x0801cbf1   Thumb Code    98  phpali14443p3b_sw.o(.text)
    phpalI14443p3b_Sw_SetReaderBaudRateEx    0x0801cc53   Thumb Code   132  phpali14443p3b_sw.o(.text)
    phpalI14443p3b_Sw_Attrib                 0x0801ccd7   Thumb Code   704  phpali14443p3b_sw.o(.text)
    phpalI14443p3b_Sw_DecideBaudRateEx       0x0801cf97   Thumb Code   320  phpali14443p3b_sw.o(.text)
    phpalI14443p3b_Sw_ActivateCard           0x0801d0d7   Thumb Code   552  phpali14443p3b_sw.o(.text)
    phpalI14443p3b_Sw_Exchange               0x0801d2ff   Thumb Code    36  phpali14443p3b_sw.o(.text)
    phpalI14443p3b_Sw_GetSerialNo            0x0801d323   Thumb Code    22  phpali14443p3b_sw.o(.text)
    phpalI14443p3b_Sw_SetHigherLayerInf      0x0801d339   Thumb Code    18  phpali14443p3b_sw.o(.text)
    phpalI14443p3b_Sw_GetHigherLayerResp     0x0801d34b   Thumb Code    14  phpali14443p3b_sw.o(.text)
    phpalI14443p3b_Sw_GetProtocolParams      0x0801d359   Thumb Code    36  phpali14443p3b_sw.o(.text)
    phpalI14443p4_SetProtocol                0x0801d37d   Thumb Code    80  phpali14443p4.o(.text)
    phpalI14443p4_ResetProtocol              0x0801d3cd   Thumb Code    50  phpali14443p4.o(.text)
    phpalI14443p4_Deselect                   0x0801d3ff   Thumb Code    50  phpali14443p4.o(.text)
    phpalI14443p4_PresCheck                  0x0801d431   Thumb Code    50  phpali14443p4.o(.text)
    phpalI14443p4_Exchange                   0x0801d463   Thumb Code    74  phpali14443p4.o(.text)
    phpalI14443p4_SetConfig                  0x0801d4ad   Thumb Code    62  phpali14443p4.o(.text)
    phpalI14443p4_GetConfig                  0x0801d4eb   Thumb Code    62  phpali14443p4.o(.text)
    phpalI14443p4_Sw_ResetProtocol           0x0801d529   Thumb Code    36  phpali14443p4_sw.o(.text)
    phpalI14443p4_Sw_Init                    0x0801d54d   Thumb Code    32  phpali14443p4_sw.o(.text)
    phpalI14443p4_Sw_SetProtocol             0x0801d56d   Thumb Code    58  phpali14443p4_sw.o(.text)
    phpalI14443p4_Sw_BuildSBlock             0x0801d5a7   Thumb Code    62  phpali14443p4_sw.o(.text)
    phpalI14443p4_Sw_Deselect                0x0801d5e5   Thumb Code   236  phpali14443p4_sw.o(.text)
    phpalI14443p4_Sw_IsValidRBlock           0x0801d6d1   Thumb Code    80  phpali14443p4_sw.o(.text)
    phpalI14443p4_Sw_BuildRBlock             0x0801d721   Thumb Code    50  phpali14443p4_sw.o(.text)
    phpalI14443p4_Sw_PresCheck               0x0801d753   Thumb Code   130  phpali14443p4_sw.o(.text)
    phpalI14443p4_Sw_IsValidSBlock           0x0801d7d5   Thumb Code   102  phpali14443p4_sw.o(.text)
    phpalI14443p4_Sw_IsValidIBlock           0x0801d83b   Thumb Code   124  phpali14443p4_sw.o(.text)
    phpalI14443p4_Sw_IsoHandling             0x0801d8b7   Thumb Code   972  phpali14443p4_sw.o(.text)
    phpalI14443p4_Sw_BuildIBlock             0x0801dc83   Thumb Code    92  phpali14443p4_sw.o(.text)
    phpalI14443p4_Sw_Exchange                0x0801dcdf   Thumb Code  1252  phpali14443p4_sw.o(.text)
    phpalI14443p4_Sw_SetConfig               0x0801e1c3   Thumb Code   144  phpali14443p4_sw.o(.text)
    phpalI14443p4_Sw_GetConfig               0x0801e253   Thumb Code   114  phpali14443p4_sw.o(.text)
    phpalI14443p4a_Rats                      0x0801e2c5   Thumb Code    66  phpali14443p4a.o(.text)
    phpalI14443p4a_Pps                       0x0801e307   Thumb Code    62  phpali14443p4a.o(.text)
    phpalI14443p4a_ActivateCard              0x0801e345   Thumb Code    74  phpali14443p4a.o(.text)
    phpalI14443p4a_GetProtocolParams         0x0801e38f   Thumb Code    78  phpali14443p4a.o(.text)
    phpalI14443p4a_Sw_Init                   0x0801e3dd   Thumb Code    50  phpali14443p4a_sw.o(.text)
    phpalI14443p4a_Sw_Rats                   0x0801e40f   Thumb Code   834  phpali14443p4a_sw.o(.text)
    phpalI14443p4a_Sw_Pps                    0x0801e751   Thumb Code   266  phpali14443p4a_sw.o(.text)
    phpalI14443p4a_Sw_ActivateCard           0x0801e85b   Thumb Code   128  phpali14443p4a_sw.o(.text)
    phpalI14443p4a_Sw_GetProtocolParams      0x0801e8db   Thumb Code    36  phpali14443p4a_sw.o(.text)
    RegCtl_SpiHwInit                         0x0801e901   Thumb Code     2  regctl_spihw.o(.text)
    RegCtl_SpiHwGetReg                       0x0801e903   Thumb Code    38  regctl_spihw.o(.text)
    RegCtl_SpiHwSetReg                       0x0801e929   Thumb Code    38  regctl_spihw.o(.text)
    RegCtl_SpiHwModReg                       0x0801e94f   Thumb Code    54  regctl_spihw.o(.text)
    RegCtl_SpiHwSetMultiData                 0x0801e985   Thumb Code    42  regctl_spihw.o(.text)
    RegCtl_SpiHwGetMultiData                 0x0801e9af   Thumb Code     4  regctl_spihw.o(.text)
    NFC_Delay_us                             0x0801e9b9   Thumb Code    12  nfc_main.o(.text)
    NFC_Delay_ms                             0x0801e9c5   Thumb Code    12  nfc_main.o(.text)
    RC523_Init                               0x0801e9d1   Thumb Code   234  nfc_main.o(.text)
    SendHaltA                                0x0801eabb   Thumb Code    10  nfc_main.o(.text)
    SendWupA                                 0x0801eac5   Thumb Code    18  nfc_main.o(.text)
    Polling_TypeA                            0x0801ead7   Thumb Code    54  nfc_main.o(.text)
    SendWupB                                 0x0801eb0d   Thumb Code    34  nfc_main.o(.text)
    Polling_TypeB                            0x0801eb2f   Thumb Code    36  nfc_main.o(.text)
    SendRats                                 0x0801eb53   Thumb Code    68  nfc_main.o(.text)
    Select_TypeA                             0x0801eb97   Thumb Code    58  nfc_main.o(.text)
    Activation_TypeA                         0x0801ebd1   Thumb Code   120  nfc_main.o(.text)
    Activation_TypeB                         0x0801ec49   Thumb Code   138  nfc_main.o(.text)
    SendCarrier                              0x0801ecd3   Thumb Code    24  nfc_main.o(.text)
    NFC_Reset                                0x0801eceb   Thumb Code    32  nfc_main.o(.text)
    PollPICC                                 0x0801ed0b   Thumb Code   276  nfc_main.o(.text)
    ResetPICC                                0x0801ee1f   Thumb Code    64  nfc_main.o(.text)
    NFC_SendAPDU                             0x0801ee5f   Thumb Code    64  nfc_main.o(.text)
    NFC_Card_APDU                            0x0801ee9f   Thumb Code   166  nfc_main.o(.text)
    NFC_Deselect                             0x0801ef45   Thumb Code    10  nfc_main.o(.text)
    NFC_CheckCard                            0x0801ef4f   Thumb Code    10  nfc_main.o(.text)
    NFC_RemovalProcess                       0x0801ef59   Thumb Code   134  nfc_main.o(.text)
    NFC_SendWUPA                             0x0801efdf   Thumb Code    36  nfc_main.o(.text)
    NFC_SendWUPB                             0x0801f003   Thumb Code    34  nfc_main.o(.text)
    NFC_SendRATS                             0x0801f025   Thumb Code   178  nfc_main.o(.text)
    NFC_SendAttrib                           0x0801f0d7   Thumb Code   232  nfc_main.o(.text)
    NFC_FieldOff                             0x0801f1bf   Thumb Code    12  nfc_main.o(.text)
    NFC_FieldOn                              0x0801f1cb   Thumb Code    12  nfc_main.o(.text)
    RC523_GPIO_Config                        0x0801f201   Thumb Code    92  rc523.o(.text)
    RC523_SPI_Config                         0x0801f25d   Thumb Code    96  rc523.o(.text)
    vRC523_Init                              0x0801f2bd   Thumb Code    12  rc523.o(.text)
    RC523_SPI_SendByte                       0x0801f2c9   Thumb Code    50  rc523.o(.text)
    RC523_SPI_ReadByte                       0x0801f2fb   Thumb Code    50  rc523.o(.text)
    RC_TEST                                  0x0801f32d   Thumb Code    30  rc523.o(.text)
    INPutAmount                              0x0801f359   Thumb Code     6  app_qpboc_pay.o(.text)
    AffirmAmount                             0x0801f35f   Thumb Code     4  app_qpboc_pay.o(.text)
    qPBOC_CheckCard                          0x0801f363   Thumb Code     4  app_qpboc_pay.o(.text)
    App_qPBOC_Init                           0x0801f367   Thumb Code   106  app_qpboc_pay.o(.text)
    SelectAID                                0x0801f3d1   Thumb Code    60  app_qpboc_pay.o(.text)
    App_qPBOC_PreProcessing                  0x0801f40d   Thumb Code     4  app_qpboc_pay.o(.text)
    App_qPBOC_SelectPPSE                     0x0801f411   Thumb Code   496  app_qpboc_pay.o(.text)
    App_qPBOC_SelectADF                      0x0801f601   Thumb Code   144  app_qpboc_pay.o(.text)
    App_qPBOC_GPO                            0x0801f691   Thumb Code   762  app_qpboc_pay.o(.text)
    App_qPBOC_ReadData                       0x0801f98b   Thumb Code   826  app_qpboc_pay.o(.text)
    App_qPBOC_Offline                        0x0801fcc5   Thumb Code    60  app_qpboc_pay.o(.text)
    APP_qPBOC_SaveRecord                     0x0801fd01   Thumb Code     4  app_qpboc_pay.o(.text)
    App_qPBOC_DataUpLoad                     0x0801fd05   Thumb Code     4  app_qpboc_pay.o(.text)
    App_qPBOC_ReadRecordInfo                 0x0801fd09   Thumb Code     4  app_qpboc_pay.o(.text)
    App_qPBOC_Purchase                       0x0801fd0d   Thumb Code   416  app_qpboc_pay.o(.text)
    RSADecryption                            0x0801ff01   Thumb Code    68  offline.o(.text)
    FILE_ReadCAKey                           0x0801ff45   Thumb Code    26  offline.o(.text)
    GetIssuerPublicKey                       0x0801ff5f   Thumb Code   584  offline.o(.text)
    StaticDataVeryfy                         0x080201a7   Thumb Code   464  offline.o(.text)
    GetCardPublicKey                         0x08020377   Thumb Code   780  offline.o(.text)
    DynamicDataVeryfy                        0x08020683   Thumb Code   524  offline.o(.text)
    OfflineStaticDataAuthentication          0x0802088f   Thumb Code    98  offline.o(.text)
    OfflineDynamicDataAuthentication         0x080208f1   Thumb Code    72  offline.o(.text)
    RSAPublicDecrypt                         0x08021395   Thumb Code   144  rsa.o(.text)
    RSAPrivateEncrypt                        0x08021425   Thumb Code    94  rsa.o(.text)
    AID_GetCount                             0x08021485   Thumb Code    74  ic_interface.o(.text)
    AID_DeleteALL                            0x080214cf   Thumb Code    50  ic_interface.o(.text)
    AID_DeleteAID                            0x08021501   Thumb Code   112  ic_interface.o(.text)
    AID_Check                                0x08021571   Thumb Code   110  ic_interface.o(.text)
    AID_ADD                                  0x080215df   Thumb Code   552  ic_interface.o(.text)
    AID_GetOne                               0x08021807   Thumb Code   114  ic_interface.o(.text)
    AID_GetInfo                              0x08021879   Thumb Code   150  ic_interface.o(.text)
    CAPK_GetCount                            0x0802190f   Thumb Code    50  ic_interface.o(.text)
    CAPK_DeleteALL                           0x08021941   Thumb Code    46  ic_interface.o(.text)
    CAPK_DeleteRID                           0x0802196f   Thumb Code    72  ic_interface.o(.text)
    CAPK_DeleteRIDandPKI                     0x080219b7   Thumb Code    92  ic_interface.o(.text)
    CAPK_Check                               0x08021a13   Thumb Code   110  ic_interface.o(.text)
    CAPK_ADD                                 0x08021a81   Thumb Code   300  ic_interface.o(.text)
    CAPK_GetOneKey                           0x08021bad   Thumb Code   102  ic_interface.o(.text)
    CAPK_GetInfo                             0x08021c13   Thumb Code   102  ic_interface.o(.text)
    strstr                                   0x08021c79   Thumb Code    36  strstr.o(.text)
    memcmp                                   0x08021c9d   Thumb Code    88  memcmp.o(.text)
    strlen                                   0x08021cf5   Thumb Code    62  strlen.o(.text)
    __aeabi_memcpy                           0x08021d33   Thumb Code     0  rt_memcpy_v6.o(.text)
    __rt_memcpy                              0x08021d33   Thumb Code   138  rt_memcpy_v6.o(.text)
    _memcpy_lastbytes                        0x08021d99   Thumb Code     0  rt_memcpy_v6.o(.text)
    __aeabi_memcpy4                          0x08021dbd   Thumb Code     0  rt_memcpy_w.o(.text)
    __aeabi_memcpy8                          0x08021dbd   Thumb Code     0  rt_memcpy_w.o(.text)
    __rt_memcpy_w                            0x08021dbd   Thumb Code   100  rt_memcpy_w.o(.text)
    _memcpy_lastbytes_aligned                0x08021e05   Thumb Code     0  rt_memcpy_w.o(.text)
    __aeabi_memset                           0x08021e21   Thumb Code    16  aeabi_memset.o(.text)
    __aeabi_memclr                           0x08021e31   Thumb Code     0  rt_memclr.o(.text)
    __rt_memclr                              0x08021e31   Thumb Code    68  rt_memclr.o(.text)
    _memset                                  0x08021e35   Thumb Code     0  rt_memclr.o(.text)
    __aeabi_memclr4                          0x08021e75   Thumb Code     0  rt_memclr_w.o(.text)
    __aeabi_memclr8                          0x08021e75   Thumb Code     0  rt_memclr_w.o(.text)
    __rt_memclr_w                            0x08021e75   Thumb Code    78  rt_memclr_w.o(.text)
    _memset_w                                0x08021e79   Thumb Code     0  rt_memclr_w.o(.text)
    __use_two_region_memory                  0x08021ec3   Thumb Code     2  heapauxi.o(.text)
    __rt_heap_escrow$2region                 0x08021ec5   Thumb Code     2  heapauxi.o(.text)
    __rt_heap_expand$2region                 0x08021ec7   Thumb Code     2  heapauxi.o(.text)
    __user_setup_stackheap                   0x08021ec9   Thumb Code    74  sys_stackheap_outer.o(.text)
    exit                                     0x08021f13   Thumb Code    12  exit.o(.text)
    __user_libspace                          0x08021f21   Thumb Code     8  libspace.o(.text)
    __user_perproc_libspace                  0x08021f21   Thumb Code     0  libspace.o(.text)
    __user_perthread_libspace                0x08021f21   Thumb Code     0  libspace.o(.text)
    _sys_exit                                0x08021f29   Thumb Code     8  sys_exit.o(.text)
    __I$use$semihosting                      0x08021f35   Thumb Code     0  use_no_semi.o(.text)
    __use_no_semihosting_swi                 0x08021f35   Thumb Code     2  use_no_semi.o(.text)
    __fpl_dcmp_Inf                           0x08021f37   Thumb Code    24  dcmpi.o(x$fpl$dcmpinf)
    __semihosting_library_function           0x08021f37   Thumb Code     0  indicate_semi.o(.text)
    __aeabi_cdcmple                          0x08021f51   Thumb Code     0  dleqf.o(x$fpl$dleqf)
    _dcmple                                  0x08021f51   Thumb Code   120  dleqf.o(x$fpl$dleqf)
    __fpl_dcmple_InfNaN                      0x08021fb3   Thumb Code     0  dleqf.o(x$fpl$dleqf)
    __fpl_dnaninf                            0x08021fc9   Thumb Code   156  dnaninf.o(x$fpl$dnaninf)
    __fpl_dretinf                            0x08022065   Thumb Code    12  dretinf.o(x$fpl$dretinf)
    __aeabi_cdrcmple                         0x08022071   Thumb Code     0  drleqf.o(x$fpl$drleqf)
    _drcmple                                 0x08022071   Thumb Code   108  drleqf.o(x$fpl$drleqf)
    __aeabi_f2d                              0x080220dd   Thumb Code     0  f2d.o(x$fpl$f2d)
    _f2d                                     0x080220dd   Thumb Code    86  f2d.o(x$fpl$f2d)
    __aeabi_fadd                             0x08022135   Thumb Code     0  faddsub_clz.o(x$fpl$fadd)
    _fadd                                    0x08022135   Thumb Code   196  faddsub_clz.o(x$fpl$fadd)
    __fpl_fcmp_Inf                           0x080221f9   Thumb Code    24  fcmpi.o(x$fpl$fcmpinf)
    __aeabi_fdiv                             0x08022211   Thumb Code     0  fdiv.o(x$fpl$fdiv)
    _fdiv                                    0x08022211   Thumb Code   384  fdiv.o(x$fpl$fdiv)
    __aeabi_f2uiz                            0x08022395   Thumb Code     0  ffixu.o(x$fpl$ffixu)
    _ffixu                                   0x08022395   Thumb Code    62  ffixu.o(x$fpl$ffixu)
    __aeabi_ui2f                             0x080223d5   Thumb Code     0  fflt_clz.o(x$fpl$ffltu)
    _ffltu                                   0x080223d5   Thumb Code    38  fflt_clz.o(x$fpl$ffltu)
    __aeabi_cfcmple                          0x080223fd   Thumb Code     0  fleqf.o(x$fpl$fleqf)
    _fcmple                                  0x080223fd   Thumb Code   104  fleqf.o(x$fpl$fleqf)
    __fpl_fcmple_InfNaN                      0x0802244f   Thumb Code     0  fleqf.o(x$fpl$fleqf)
    __aeabi_fmul                             0x08022465   Thumb Code     0  fmul.o(x$fpl$fmul)
    _fmul                                    0x08022465   Thumb Code   258  fmul.o(x$fpl$fmul)
    __fpl_fnaninf                            0x08022567   Thumb Code   140  fnaninf.o(x$fpl$fnaninf)
    __fpl_fretinf                            0x080225f3   Thumb Code    10  fretinf.o(x$fpl$fretinf)
    __aeabi_cfrcmple                         0x080225fd   Thumb Code     0  frleqf.o(x$fpl$frleqf)
    _frcmple                                 0x080225fd   Thumb Code    98  frleqf.o(x$fpl$frleqf)
    __aeabi_frsub                            0x0802265f   Thumb Code     0  faddsub_clz.o(x$fpl$frsb)
    _frsb                                    0x0802265f   Thumb Code    20  faddsub_clz.o(x$fpl$frsb)
    __aeabi_fsub                             0x08022675   Thumb Code     0  faddsub_clz.o(x$fpl$fsub)
    _fsub                                    0x08022675   Thumb Code   234  faddsub_clz.o(x$fpl$fsub)
    __I$use$fp                               0x0802275e   Number         0  usenofp.o(x$fpl$usenofp)
    auchCRCHi                                0x08022770   Data         256  roc_littletool.o(.constdata)
    auchCRCLo                                0x08022870   Data         256  roc_littletool.o(.constdata)
    cucTuBiao                                0x08022970   Data          24  roc_personalfont.o(.constdata)
    cucCell                                  0x08022988   Data         120  roc_personalfont.o(.constdata)
    cuc16X8ASCII                             0x08022a00   Data        1536  roc_personalfont.o(.constdata)
    cuc24X24WordHYSY                         0x08023000   Data         288  roc_personalfont.o(.constdata)
    cuc24X24WordHYSYZFT                      0x08023120   Data         504  roc_personalfont.o(.constdata)
    cuc24X12QPOS                             0x08023318   Data         144  roc_personalfont.o(.constdata)
    cuc16X16WordQCKHSK                       0x080233a8   Data         192  roc_personalfont.o(.constdata)
    cuc16X16WordQCKHHK                       0x08023468   Data         192  roc_personalfont.o(.constdata)
    cuc16X16WordQCK                          0x08023528   Data          96  roc_personalfont.o(.constdata)
    cuc16X16Money                            0x08023588   Data          32  roc_personalfont.o(.constdata)
    cuc16X16WordQD                           0x080235a8   Data          64  roc_personalfont.o(.constdata)
    cuc16X16WordQQRNDKH                      0x080235e8   Data         224  roc_personalfont.o(.constdata)
    cuc16X16WordWMZJDJQR                     0x080236c8   Data         256  roc_personalfont.o(.constdata)
    cuc16X16WordQSRMM                        0x080237c8   Data         160  roc_personalfont.o(.constdata)
    cucWordQuXiao                            0x08023868   Data          64  roc_personalfont.o(.constdata)
    cucWordQingChu                           0x080238a8   Data          64  roc_personalfont.o(.constdata)
    cucWordQueRen                            0x080238e8   Data          64  roc_personalfont.o(.constdata)
    cucWordYuE                               0x08023928   Data          64  roc_personalfont.o(.constdata)
    cucWordShangFan                          0x08023968   Data          64  roc_personalfont.o(.constdata)
    cucWordXiaFan                            0x080239a8   Data          64  roc_personalfont.o(.constdata)
    cucAIDCnt                                0x08023a06   Data           1  mid_pboc.o(.constdata)
    cucAIDBuf                                0x08023a07   Data        1920  mid_pboc.o(.constdata)
    ASCIIchardot                             0x08024187   Data        1536  ascii.o(.constdata)
    ASCIIchardot12x6                         0x08024787   Data        1152  ascii.o(.constdata)
    pHANZI                                   0x08024c07   Data        3200  ascii.o(.constdata)
    lianjielanya                             0x08025887   Data         224  ascii.o(.constdata)
    lanyatubiao                              0x08025967   Data          32  ascii.o(.constdata)
    jinqiantubiao                            0x08025987   Data          72  ascii.o(.constdata)
    TuBiao                                   0x080259cf   Data          24  ascii.o(.constdata)
    powertubiao                              0x080259e7   Data         133  ascii.o(.constdata)
    qingshuaka                               0x08025a6c   Data         440  ascii.o(.constdata)
    chexiao                                  0x08025c24   Data          64  ascii.o(.constdata)
    MainUIBuf                                0x08025c64   Data         378  ascii.o(.constdata)
    KaHaobuf                                 0x08025dde   Data         208  ascii.o(.constdata)
    YuEbuf                                   0x08025eae   Data         296  ascii.o(.constdata)
    qingdengDai24                            0x08025fd6   Data          96  ascii.o(.constdata)
    querenbuff                               0x08026036   Data         504  ascii.o(.constdata)
    hanzibuf24                               0x0802622e   Data         504  ascii.o(.constdata)
    WuQueRen                                 0x08026426   Data         648  ascii.o(.constdata)
    fanhuikehuduan                           0x080266ae   Data         256  ascii.o(.constdata)
    QposBuggg                                0x080267ae   Data         144  ascii.o(.constdata)
    shuzibuf                                 0x0802683e   Data         312  ascii.o(.constdata)
    qingshurumiyma                           0x08026976   Data         360  ascii.o(.constdata)
    KeyValue_tab                             0x08026ade   Data          15  key.o(.constdata)
    device_info_init                         0x08026af0   Data         104  up_mpos_cmd.o(.constdata)
    g_cucbDevicePara                         0x08026b58   Data          82  up_mpos_cmd.o(.constdata)
    table_week                               0x08026bc0   Data          12  rtc.o(.constdata)
    mon_table                                0x08026bcc   Data          12  rtc.o(.constdata)
    CustomHID_DeviceDescriptor               0x08026bd8   Data          18  usb_desc.o(.constdata)
    CustomHID_ConfigDescriptor               0x08026bea   Data          41  usb_desc.o(.constdata)
    CustomHID_ReportDescriptor               0x08026c13   Data          33  usb_desc.o(.constdata)
    CustomHID_StringLangID                   0x08026c34   Data           4  usb_desc.o(.constdata)
    CustomHID_StringVendor                   0x08026c38   Data          20  usb_desc.o(.constdata)
    CustomHID_StringProduct                  0x08026c4c   Data          24  usb_desc.o(.constdata)
    uchCAPubKeyN0                            0x08026d36   Data         176  offline.o(.constdata)
    Region$$Table$$Base                      0x08026e10   Number         0  anon$$obj.o(Region$$Table)
    Region$$Table$$Limit                     0x08026e30   Number         0  anon$$obj.o(Region$$Table)
    g_uiTime100ms_LCDOff_PowerOff            0x20000000   Data           4  vectortable.o(.data)
    g_uiTime100ms_LCDShow                    0x20000004   Data           4  vectortable.o(.data)
    g_uiTime100ms_Timeout                    0x20000008   Data           4  vectortable.o(.data)
    g_uiTime100ms_LCD_BackLightOff           0x2000000c   Data           4  vectortable.o(.data)
    g_LCDShowInfo                            0x20000010   Data           1  vectortable.o(.data)
    g_LCDRefeshTimeFlag                      0x20000011   Data           1  vectortable.o(.data)
    g_Tamper_Flag                            0x20000027   Data           1  tamper.o(.data)
    SystemCoreClock                          0x2000003c   Data           4  system_stm32f10x.o(.data)
    AHBPrescTable                            0x20000040   Data          16  system_stm32f10x.o(.data)
    MSR_fCardDataReady                       0x20000051   Data           1  mscard_pa1100.o(.data)
    MSR_ub100msTickDownCntTimeToReceiveBufferReadySignal 0x20000054   Data           4  mscard_pa1100.o(.data)
    MSR_ucTrack1Len                          0x20000058   Data           1  mscard_pa1100.o(.data)
    MSR_ucTrack2Len                          0x20000059   Data           1  mscard_pa1100.o(.data)
    MSR_ucTrack3Len                          0x2000005a   Data           1  mscard_pa1100.o(.data)
    MSR_ucCardNoLen                          0x2000005b   Data           1  mscard_pa1100.o(.data)
    MSR_ucGetTrackData                       0x2000005c   Data           1  mscard_pa1100.o(.data)
    g_eBluetoothRecvStatus                   0x20000060   Data           1  bluetooth.o(.data)
    g_uiBluetoothRcvLen                      0x20000064   Data           4  bluetooth.o(.data)
    g_BluetoothState                         0x20000068   Data           1  bluetooth.o(.data)
    g_BluetoothDateIN                        0x20000069   Data           1  bluetooth.o(.data)
    g_uiTime100ms_BTRecvTimeout              0x2000006c   Data           4  bluetooth.o(.data)
    g_eZ8D256_RecvStatus                     0x20000074   Data           1  z8d256.o(.data)
    crcValue                                 0x20000076   Data           2  sercrity.o(.data)
    keykey                                   0x20000078   Data          16  sercrity.o(.data)
    g_Flag_InsertCard                        0x20000088   Data           1  hal_7816.o(.data)
    G_CardStats                              0x2000008a   Data           1  hal_7816.o(.data)
    g_NFC_State                              0x2000008b   Data           1  hal_7816.o(.data)
    sc_t1_seqReader                          0x2000008c   Data           1  hal_7816.o(.data)
    sc_t1_seqCard                            0x2000008d   Data           1  hal_7816.o(.data)
    sc_delay_time                            0x20000090   Data           4  hal_7816.o(.data)
    sc_STIBWTR_bak                           0x20000094   Data           4  hal_7816.o(.data)
    sc_t1IFSC                                0x20000098   Data           4  hal_7816.o(.data)
    sc_t1_ifsc_reset                         0x2000009c   Data           4  hal_7816.o(.data)
    test_flag                                0x200000a0   Data           4  hal_7816.o(.data)
    sc_tim_us                                0x200000a4   Data           4  hal_7816.o(.data)
    sc_tim_passed                            0x200000a8   Data           4  hal_7816.o(.data)
    sc_t1                                    0x200000ac   Data           4  hal_7816.o(.data)
    sc_one_etu                               0x200000b0   Data           4  hal_7816.o(.data)
    sc_bwt                                   0x200000b4   Data           4  hal_7816.o(.data)
    sc_cwt                                   0x200000b8   Data           4  hal_7816.o(.data)
    sc_bwt_s                                 0x200000bc   Data           4  hal_7816.o(.data)
    sc_di                                    0x200000c0   Data           4  hal_7816.o(.data)
    sc_fi                                    0x200000c4   Data           4  hal_7816.o(.data)
    sc_wi                                    0x200000c8   Data           4  hal_7816.o(.data)
    sc_egt                                   0x200000cc   Data           4  hal_7816.o(.data)
    sc_globaltimeflag                        0x200000d0   Data           4  hal_7816.o(.data)
    Reader_ConstantDo_List                   0x200000d4   Data         140  app_pboc.o(.data)
    Reader_VarDo_List                        0x20000160   Data         177  app_pboc.o(.data)
    Card_Do_List                             0x20000211   Data         512  app_pboc.o(.data)
    DO_TYPE_LIST                             0x20000411   Data         295  mid_pboc.o(.data)
    G_B_GACResult                            0x20000538   Data           1  pboc_var.o(.data)
    uchTacDefault                            0x20000539   Data           5  pboc_var.o(.data)
    uchTacDenial                             0x2000053e   Data           5  pboc_var.o(.data)
    uchTacOnline                             0x20000543   Data           5  pboc_var.o(.data)
    g_b_plain_pin                            0x20000548   Data           8  pboc_var.o(.data)
    ICC_Protocol                             0x20000550   Data           1  pboc_var.o(.data)
    internal_state                           0x20000551   Data           1  pboc_var.o(.data)
    g_response_len                           0x20000554   Data           4  pboc_var.o(.data)
    ThresholdforBiasedRandomSelection        0x20000558   Data           4  pboc_var.o(.data)
    PercentforRandomSelection                0x2000055c   Data           1  pboc_var.o(.data)
    MaxPercentforBiasedRandomSelection       0x2000055d   Data           1  pboc_var.o(.data)
    current_transaction_amount               0x20000560   Data           4  pboc_var.o(.data)
    funckey_pressed                          0x20000564   Data           1  pboc_var.o(.data)
    current_item                             0x20000565   Data           1  pboc_var.o(.data)
    current_record                           0x20000566   Data           1  pboc_var.o(.data)
    puchAmount                               0x20000568   Data           4  pboc_var.o(.data)
    puchBinAmount                            0x2000056c   Data           4  pboc_var.o(.data)
    puchAmountOther                          0x20000570   Data           4  pboc_var.o(.data)
    puchCurrencyCode                         0x20000574   Data           4  pboc_var.o(.data)
    puchIFDSerailNO                          0x20000578   Data           4  pboc_var.o(.data)
    puchTermCapability                       0x2000057c   Data           4  pboc_var.o(.data)
    puchTermType                             0x20000580   Data           4  pboc_var.o(.data)
    puchTermCountryCode                      0x20000584   Data           4  pboc_var.o(.data)
    puchTermID                               0x20000588   Data           4  pboc_var.o(.data)
    puchAcquirerID                           0x2000058c   Data           4  pboc_var.o(.data)
    puchMerchantID                           0x20000590   Data           4  pboc_var.o(.data)
    puchMerchantCat                          0x20000594   Data           4  pboc_var.o(.data)
    puchPOSEntryMode                         0x20000598   Data           4  pboc_var.o(.data)
    puchTvr                                  0x2000059c   Data           4  pboc_var.o(.data)
    puchDate                                 0x200005a0   Data           4  pboc_var.o(.data)
    puchTranType                             0x200005a4   Data           4  pboc_var.o(.data)
    puchUnpreData                            0x200005a8   Data           4  pboc_var.o(.data)
    puchTime                                 0x200005ac   Data           4  pboc_var.o(.data)
    puchTsi                                  0x200005b0   Data           4  pboc_var.o(.data)
    puchCvmRes                               0x200005b4   Data           4  pboc_var.o(.data)
    puchArc                                  0x200005b8   Data           4  pboc_var.o(.data)
    puchVer                                  0x200005bc   Data           4  pboc_var.o(.data)
    puchIAD                                  0x200005c0   Data           4  pboc_var.o(.data)
    puchTSC                                  0x200005c4   Data           4  pboc_var.o(.data)
    puchTCHash                               0x200005c8   Data           4  pboc_var.o(.data)
    puchTerminalAID                          0x200005cc   Data           4  pboc_var.o(.data)
    puchTerminalFloorLimit                   0x200005d0   Data           4  pboc_var.o(.data)
    puchTerminalTransProp                    0x200005d4   Data           4  pboc_var.o(.data)
    g_b_trans_state                          0x200005d8   Data           1  pboc_var.o(.data)
    atr_ok                                   0x200005d9   Data           1  pboc_var.o(.data)
    second_packet                            0x200005da   Data           1  pboc_var.o(.data)
    Nok_Reason                               0x200005db   Data           1  pboc_var.o(.data)
    Current_DF_Len                           0x200005dc   Data           1  pboc_var.o(.data)
    Candidate_Number                         0x200005dd   Data           1  pboc_var.o(.data)
    uchCid                                   0x200005de   Data           2  pboc_var.o(.data)
    uchAtc                                   0x200005e0   Data           3  pboc_var.o(.data)
    uchAip                                   0x200005e3   Data           3  pboc_var.o(.data)
    uchAppVer                                0x200005e6   Data           3  pboc_var.o(.data)
    uchEffectiveDate                         0x200005e9   Data           4  pboc_var.o(.data)
    uchExpirationDate                        0x200005ed   Data           4  pboc_var.o(.data)
    uchPanNum                                0x200005f1   Data           2  pboc_var.o(.data)
    uchAuc                                   0x200005f3   Data           3  pboc_var.o(.data)
    uchIacDefault                            0x200005f6   Data           6  pboc_var.o(.data)
    uchIacDenial                             0x200005fc   Data           6  pboc_var.o(.data)
    uchIacOnline                             0x20000602   Data           6  pboc_var.o(.data)
    uchCountryCode                           0x20000608   Data           3  pboc_var.o(.data)
    uchServiceCode                           0x2000060b   Data           3  pboc_var.o(.data)
    uchAppCurrencyCode                       0x2000060e   Data           3  pboc_var.o(.data)
    uchCAKeyIndex                            0x20000611   Data           2  pboc_var.o(.data)
    uchAppCurrencyEx                         0x20000613   Data           2  pboc_var.o(.data)
    uchAPI                                   0x20000615   Data           2  pboc_var.o(.data)
    uchAppRefCurEx                           0x20000617   Data           5  pboc_var.o(.data)
    uchDAC                                   0x2000061c   Data           3  pboc_var.o(.data)
    uchICCPINEncCAExp                        0x2000061f   Data           4  pboc_var.o(.data)
    uchICCKeyExp                             0x20000623   Data           4  pboc_var.o(.data)
    uchIssuerCodeTableIndex                  0x20000627   Data           2  pboc_var.o(.data)
    uchIssuerCountryCode2                    0x20000629   Data           3  pboc_var.o(.data)
    uchIssuerCountryCode3                    0x2000062c   Data           4  pboc_var.o(.data)
    uchIIN                                   0x20000630   Data           4  pboc_var.o(.data)
    uchIssuerKeyExp                          0x20000634   Data           4  pboc_var.o(.data)
    uchLATC                                  0x20000638   Data           3  pboc_var.o(.data)
    uchLogEntry                              0x2000063b   Data           3  pboc_var.o(.data)
    uchLCOL                                  0x2000063e   Data           2  pboc_var.o(.data)
    uchPTC                                   0x20000640   Data           2  pboc_var.o(.data)
    uchSFI                                   0x20000642   Data           2  pboc_var.o(.data)
    uchUCOL                                  0x20000644   Data           2  pboc_var.o(.data)
    uchLogFileLen                            0x20000646   Data           2  pboc_var.o(.data)
    uchLogRecordLen                          0x20000648   Data           2  pboc_var.o(.data)
    uchAvailableOFFAmount                    0x2000064a   Data           7  pboc_var.o(.data)
    uchICCStaticNum                          0x20000651   Data           2  pboc_var.o(.data)
    uchICCardProp                            0x20000653   Data           3  pboc_var.o(.data)
    G_flag_BalanceOrLoad                     0x20000656   Data           1  pboc_var.o(.data)
    PowerValue                               0x20000667   Data           1  an_adc.o(.data)
    pdevice_version_info                     0x20000668   Data           4  up_mpos_cmd.o(.data)
    g_cucbDeviceInfo                         0x2000066c   Data         100  up_mpos_cmd.o(.data)
    g_uiLenOfFile                            0x200006d0   Data           4  up_mpos_cmd.o(.data)
    g_uiOffsetOfFile                         0x200006d4   Data           4  up_mpos_cmd.o(.data)
    g_PWRKeyFlag                             0x200006d8   Data           1  pwercheck.o(.data)
    g_sCalendar                              0x200006da   Data           8  rtc.o(.data)
    StatusInfo                               0x200006e4   Data           2  usb_core.o(.data)
    Data_Mul_MaxPacketSize                   0x200006e6   Data           1  usb_core.o(.data)
    EPindex                                  0x200006e8   Data           1  usb_init.o(.data)
    pInformation                             0x200006ec   Data           4  usb_init.o(.data)
    pProperty                                0x200006f0   Data           4  usb_init.o(.data)
    SaveState                                0x200006f4   Data           2  usb_init.o(.data)
    wInterrupt_Mask                          0x200006f6   Data           2  usb_init.o(.data)
    pUser_Standard_Requests                  0x200006f8   Data           4  usb_init.o(.data)
    SaveRState                               0x200006fc   Data           2  usb_int.o(.data)
    SaveTState                               0x200006fe   Data           2  usb_int.o(.data)
    CustomHID_StringSerial                   0x20000700   Data          26  usb_desc.o(.data)
    USB_Received_Flag                        0x2000071a   Data           1  usb_endp.o(.data)
    USB_Received_Len                         0x2000071b   Data           1  usb_endp.o(.data)
    wIstr                                    0x2000071c   Data           2  usb_istr.o(.data)
    bIntPackSOF                              0x2000071e   Data           1  usb_istr.o(.data)
    pEpInt_IN                                0x20000720   Data          28  usb_istr.o(.data)
    pEpInt_OUT                               0x2000073c   Data          28  usb_istr.o(.data)
    ProtocolValue                            0x20000758   Data           4  usb_prop.o(.data)
    Device_Table                             0x2000075c   Data           2  usb_prop.o(.data)
    Device_Property                          0x20000760   Data          48  usb_prop.o(.data)
    User_Standard_Requests                   0x20000790   Data          36  usb_prop.o(.data)
    Device_Descriptor                        0x200007b4   Data           8  usb_prop.o(.data)
    Config_Descriptor                        0x200007bc   Data           8  usb_prop.o(.data)
    CustomHID_Report_Descriptor              0x200007c4   Data           8  usb_prop.o(.data)
    CustomHID_Descriptor                     0x200007cc   Data           8  usb_prop.o(.data)
    String_Descriptor                        0x200007d4   Data          32  usb_prop.o(.data)
    bDeviceState                             0x200007f4   Data           4  usb_pwr.o(.data)
    fSuspendEnabled                          0x200007f8   Data           1  usb_pwr.o(.data)
    ResumeS                                  0x200007f9   Data           2  usb_pwr.o(.data)
    gpuart_halfBit                           0x200007fc   Data           4  uart_simulation.o(.data)
    GP_UART_STATE                            0x20000800   Data           1  uart_simulation.o(.data)
    balReader                                0x20000804   Data           2  nfc_main.o(.data)
    bSak                                     0x20000806   Data           1  nfc_main.o(.data)
    bMoreCardsAvailable                      0x20000807   Data           1  nfc_main.o(.data)
    bLength                                  0x20000808   Data           1  nfc_main.o(.data)
    pHal                                     0x2000080c   Data           4  nfc_main.o(.data)
    Atqa                                     0x20000810   Data           2  nfc_main.o(.data)
    AtqbLen                                  0x20000812   Data           1  nfc_main.o(.data)
    wRxLength                                0x20000814   Data           2  nfc_main.o(.data)
    bAfi                                     0x20000816   Data           1  nfc_main.o(.data)
    bAtqbLen                                 0x20000817   Data           1  nfc_main.o(.data)
    bNumSlots                                0x20000818   Data           1  nfc_main.o(.data)
    reg_data                                 0x20000819   Data           1  nfc_main.o(.data)
    bType_A                                  0x2000081a   Data           1  nfc_main.o(.data)
    bType_B                                  0x2000081b   Data           1  nfc_main.o(.data)
    FLAG9F66                                 0x2000081c   Data           1  app_qpboc_pay.o(.data)
    FLAG5A                                   0x2000081d   Data           1  app_qpboc_pay.o(.data)
    FLAG57                                   0x2000081e   Data           1  app_qpboc_pay.o(.data)
    FLAG5F24                                 0x2000081f   Data           1  app_qpboc_pay.o(.data)
    FLAG_NO9F26                              0x20000820   Data           1  app_qpboc_pay.o(.data)
    aidnum                                   0x20000821   Data           6  app_qpboc_pay.o(.data)
    SDAFlag                                  0x20000827   Data           1  app_qpboc_pay.o(.data)
    SDALen                                   0x20000828   Data           1  app_qpboc_pay.o(.data)
    SDANum                                   0x20000829   Data           1  app_qpboc_pay.o(.data)
    keytimes                                 0x2000082c   Data           1  offline.o(.data)
    result                                   0x20000830   Data           4  offline.o(.data)
    SHADataLen                               0x20000834   Data           2  offline.o(.data)
    RIDList                                  0x20000836   Data          25  offline.o(.data)
    KeyExponent                              0x20000850   Data           4  offline.o(.data)
    PublickeyE                               0x20000854   Data           4  offline.o(.data)
    ddollen                                  0x20000858   Data           1  offline.o(.data)
    _AID_LIST                                0x2000085c   Data           4  ic_interface.o(.data)
    AID_COUNT                                0x20000860   Data           1  ic_interface.o(.data)
    _CAPK_LIST                               0x20000864   Data           4  ic_interface.o(.data)
    CAPK_COUNT                               0x20000868   Data           1  ic_interface.o(.data)
    MSR_ucTrack1Buf                          0x2000086c   Data         141  mscard_pa1100.o(.bss)
    MSR_ucTrack2Buf                          0x200008f9   Data         141  mscard_pa1100.o(.bss)
    MSR_ucTrack3Buf                          0x20000986   Data         141  mscard_pa1100.o(.bss)
    MSR_ucCardNo                             0x20000a13   Data          30  mscard_pa1100.o(.bss)
    g_sBluetoothMessage                      0x20000a34   Data        3104  bluetooth.o(.bss)
    g_ucbBluetoothBuf                        0x20001654   Data        1280  bluetooth.o(.bss)
    psamapdu                                 0x20001c40   Data         272  sercrity.o(.bss)
    optionStruct                             0x20001d50   Data          24  sercrity.o(.bss)
    ucTempBuf                                0x20001d68   Data        2048  irom.o(.bss)
    T_APDU                                   0x20002568   Data         664  hal_7816.o(.bss)
    g_APDU                                   0x20002800   Data         664  hal_7816.o(.bss)
    ddf_stack                                0x20002a98   Data         516  pboc_var.o(.bss)
    AID_List                                 0x20002c9c   Data         630  pboc_var.o(.bss)
    Candidate_List                           0x20002f12   Data         880  pboc_var.o(.bss)
    CardNo                                   0x20003282   Data          20  pboc_var.o(.bss)
    Current_DF_Name                          0x20003296   Data          16  pboc_var.o(.bss)
    uchAc                                    0x200032a6   Data           9  pboc_var.o(.bss)
    uchIad                                   0x200032af   Data          33  pboc_var.o(.bss)
    uchAid                                   0x200032d0   Data          17  pboc_var.o(.bss)
    uchMstrip2                               0x200032e1   Data          20  pboc_var.o(.bss)
    uchHolderName                            0x200032f5   Data          27  pboc_var.o(.bss)
    uchHolderNum                             0x20003310   Data          41  pboc_var.o(.bss)
    uchPan                                   0x20003339   Data          11  pboc_var.o(.bss)
    uchCvm                                   0x20003344   Data         254  pboc_var.o(.bss)
    uchCdol1                                 0x20003442   Data         254  pboc_var.o(.bss)
    uchCdol2                                 0x20003540   Data         254  pboc_var.o(.bss)
    uchMstrip1                               0x2000363e   Data         100  pboc_var.o(.bss)
    uchAppDiscretionData                     0x200036a2   Data          33  pboc_var.o(.bss)
    uchAFL                                   0x200036c3   Data         254  pboc_var.o(.bss)
    uchADFName                               0x200037c1   Data          17  pboc_var.o(.bss)
    uchAppLabel                              0x200037d2   Data          17  pboc_var.o(.bss)
    uchAppRefCur                             0x200037e3   Data           9  pboc_var.o(.bss)
    uchBIC                                   0x200037ec   Data          12  pboc_var.o(.bss)
    uchHolderNameExt                         0x200037f8   Data          46  pboc_var.o(.bss)
    uchDDOL                                  0x20003826   Data         254  pboc_var.o(.bss)
    uchDDFName                               0x20003924   Data          17  pboc_var.o(.bss)
    uchFCI                                   0x20003935   Data         224  pboc_var.o(.bss)
    uchICCDynamNum                           0x20003a15   Data           9  pboc_var.o(.bss)
    uchICCPINEncCACert                       0x20003a1e   Data         256  pboc_var.o(.bss)
    uchICCPINEncCAReminder                   0x20003b1e   Data          43  pboc_var.o(.bss)
    uchICCKeyCert                            0x20003b49   Data         255  pboc_var.o(.bss)
    uchICCKeyReminder                        0x20003c48   Data          43  pboc_var.o(.bss)
    uchIBAN                                  0x20003c73   Data          35  pboc_var.o(.bss)
    uchIssuerKeyCert                         0x20003c96   Data         255  pboc_var.o(.bss)
    uchIssuerKeyReminder                     0x20003d95   Data          37  pboc_var.o(.bss)
    uchIssuerURL                             0x20003dba   Data         100  pboc_var.o(.bss)
    uchLangPref                              0x20003e1e   Data           9  pboc_var.o(.bss)
    uchLogFormat                             0x20003e27   Data          30  pboc_var.o(.bss)
    uchSDAData                               0x20003e45   Data         256  pboc_var.o(.bss)
    uchSSAData                               0x20003f45   Data         256  pboc_var.o(.bss)
    uchSDATagList                            0x20004045   Data         100  pboc_var.o(.bss)
    uchTrack2Data                            0x200040a9   Data         100  pboc_var.o(.bss)
    uchTDOL                                  0x2000410d   Data         254  pboc_var.o(.bss)
    uchAppPrefName                           0x2000420b   Data          17  pboc_var.o(.bss)
    uchPDOL                                  0x2000421c   Data         255  pboc_var.o(.bss)
    uchTag73                                 0x2000431b   Data         254  pboc_var.o(.bss)
    uchICAuthenticationData                  0x20004419   Data          17  pboc_var.o(.bss)
    VerString                                0x2000442a   Data          16  msd.o(.bss)
    g_ucLCDGuiBuf                            0x2000443a   Data        1024  lcd_gui.o(.bss)
    g_sCacheData                             0x2000483c   Data          12  up_mpos_cmd.o(.bss)
    g_sCardReaderInfo                        0x20004848   Data        2236  up_mpos_cmd.o(.bss)
    g_sKeyboardInfo                          0x20005104   Data          41  up_mpos_cmd.o(.bss)
    g_sLCDInfo                               0x2000512d   Data          97  up_mpos_cmd.o(.bss)
    Device_Info                              0x20005190   Data          28  usb_init.o(.bss)
    USB_Receive_Buffer                       0x200051ac   Data         128  usb_endp.o(.bss)
    USB_Send_Buffer                          0x2000522c   Data          64  usb_endp.o(.bss)
    GP_UART_BUF                              0x2000526c   Data         128  uart_simulation.o(.bss)
    bHalBufferReader                         0x200052ec   Data         260  nfc_main.o(.bss)
    halReader                                0x200053f0   Data          80  nfc_main.o(.bss)
    I14443p3a                                0x20005440   Data          20  nfc_main.o(.bss)
    I14443p4a                                0x20005454   Data          20  nfc_main.o(.bss)
    I14443p3b                                0x20005468   Data          40  nfc_main.o(.bss)
    I14443p4                                 0x20005490   Data          20  nfc_main.o(.bss)
    palMifare                                0x200054a4   Data          12  nfc_main.o(.bss)
    alMfc                                    0x200054b0   Data          12  nfc_main.o(.bss)
    bUid                                     0x200054bc   Data          10  nfc_main.o(.bss)
    Atqb                                     0x200054c6   Data          16  nfc_main.o(.bss)
    SDAData                                  0x200054d6   Data         248  app_qpboc_pay.o(.bss)
    CAPublicKey                              0x200055d0   Data          12  offline.o(.bss)
    IssuerPublicKey                          0x200055dc   Data          12  offline.o(.bss)
    ICCardPublicKey                          0x200055e8   Data          12  offline.o(.bss)
    SHAData                                  0x200055f4   Data         512  offline.o(.bss)
    DataDecryption                           0x200057f4   Data         248  offline.o(.bss)
    PublickeyN                               0x200058ec   Data         256  offline.o(.bss)
    ddoldata                                 0x200059ec   Data         128  offline.o(.bss)
    __libspace_start                         0x20005a6c   Data          96  libspace.o(.bss)
    __temporary_stack_top$libspace           0x20005acc   Data           0  libspace.o(.bss)



==============================================================================

Memory Map of the image

  Image Entry point : 0x08000131

  Load Region LR_IROM1 (Base: 0x08000000, Size: 0x0002769c, Max: 0x0003a800, ABSOLUTE, COMPRESSED[0x00027228])

    Execution Region ER_IROM1 (Base: 0x08000000, Size: 0x00026e30, Max: 0x0003a800, ABSOLUTE)

    Base Addr    Size         Type   Attr      Idx    E Section Name        Object

    0x08000000   0x00000130   Data   RO          842    RESET               startup_stm32f10x_hd.o
    0x08000130   0x00000008   Code   RO         2593  * !!!main             c_w.l(__main.o)
    0x08000138   0x00000034   Code   RO         2794    !!!scatter          c_w.l(__scatter.o)
    0x0800016c   0x0000005a   Code   RO         2792    !!dczerorl2         c_w.l(__dczerorl2.o)
    0x080001c6   0x00000002   PAD
    0x080001c8   0x0000001c   Code   RO         2796    !!handler_zi        c_w.l(__scatter_zi.o)
    0x080001e4   0x00000002   Code   RO         2665    .ARM.Collect$$libinit$$00000000  c_w.l(libinit.o)
    0x080001e6   0x00000000   Code   RO         2672    .ARM.Collect$$libinit$$00000002  c_w.l(libinit2.o)
    0x080001e6   0x00000000   Code   RO         2675    .ARM.Collect$$libinit$$00000008  c_w.l(libinit2.o)
    0x080001e6   0x00000000   Code   RO         2677    .ARM.Collect$$libinit$$0000000A  c_w.l(libinit2.o)
    0x080001e6   0x00000000   Code   RO         2679    .ARM.Collect$$libinit$$0000000C  c_w.l(libinit2.o)
    0x080001e6   0x00000000   Code   RO         2682    .ARM.Collect$$libinit$$0000000F  c_w.l(libinit2.o)
    0x080001e6   0x00000000   Code   RO         2684    .ARM.Collect$$libinit$$00000011  c_w.l(libinit2.o)
    0x080001e6   0x00000000   Code   RO         2686    .ARM.Collect$$libinit$$00000013  c_w.l(libinit2.o)
    0x080001e6   0x00000000   Code   RO         2688    .ARM.Collect$$libinit$$00000015  c_w.l(libinit2.o)
    0x080001e6   0x00000000   Code   RO         2690    .ARM.Collect$$libinit$$00000017  c_w.l(libinit2.o)
    0x080001e6   0x00000000   Code   RO         2692    .ARM.Collect$$libinit$$00000019  c_w.l(libinit2.o)
    0x080001e6   0x00000000   Code   RO         2694    .ARM.Collect$$libinit$$0000001B  c_w.l(libinit2.o)
    0x080001e6   0x00000000   Code   RO         2696    .ARM.Collect$$libinit$$0000001D  c_w.l(libinit2.o)
    0x080001e6   0x00000000   Code   RO         2698    .ARM.Collect$$libinit$$0000001F  c_w.l(libinit2.o)
    0x080001e6   0x00000000   Code   RO         2700    .ARM.Collect$$libinit$$00000021  c_w.l(libinit2.o)
    0x080001e6   0x00000000   Code   RO         2702    .ARM.Collect$$libinit$$00000023  c_w.l(libinit2.o)
    0x080001e6   0x00000000   Code   RO         2706    .ARM.Collect$$libinit$$0000002A  c_w.l(libinit2.o)
    0x080001e6   0x00000000   Code   RO         2708    .ARM.Collect$$libinit$$0000002C  c_w.l(libinit2.o)
    0x080001e6   0x00000000   Code   RO         2710    .ARM.Collect$$libinit$$0000002E  c_w.l(libinit2.o)
    0x080001e6   0x00000000   Code   RO         2712    .ARM.Collect$$libinit$$00000030  c_w.l(libinit2.o)
    0x080001e6   0x00000002   Code   RO         2713    .ARM.Collect$$libinit$$00000031  c_w.l(libinit2.o)
    0x080001e8   0x00000002   Code   RO         2733    .ARM.Collect$$libshutdown$$00000000  c_w.l(libshutdown.o)
    0x080001ea   0x00000000   Code   RO         2747    .ARM.Collect$$libshutdown$$00000003  c_w.l(libshutdown2.o)
    0x080001ea   0x00000000   Code   RO         2750    .ARM.Collect$$libshutdown$$00000006  c_w.l(libshutdown2.o)
    0x080001ea   0x00000000   Code   RO         2753    .ARM.Collect$$libshutdown$$00000009  c_w.l(libshutdown2.o)
    0x080001ea   0x00000000   Code   RO         2755    .ARM.Collect$$libshutdown$$0000000B  c_w.l(libshutdown2.o)
    0x080001ea   0x00000000   Code   RO         2758    .ARM.Collect$$libshutdown$$0000000E  c_w.l(libshutdown2.o)
    0x080001ea   0x00000002   Code   RO         2759    .ARM.Collect$$libshutdown$$0000000F  c_w.l(libshutdown2.o)
    0x080001ec   0x00000000   Code   RO         2625    .ARM.Collect$$rtentry$$00000000  c_w.l(rtentry.o)
    0x080001ec   0x00000000   Code   RO         2638    .ARM.Collect$$rtentry$$00000002  c_w.l(rtentry2.o)
    0x080001ec   0x00000006   Code   RO         2650    .ARM.Collect$$rtentry$$00000004  c_w.l(rtentry4.o)
    0x080001f2   0x00000000   Code   RO         2640    .ARM.Collect$$rtentry$$00000009  c_w.l(rtentry2.o)
    0x080001f2   0x00000004   Code   RO         2641    .ARM.Collect$$rtentry$$0000000A  c_w.l(rtentry2.o)
    0x080001f6   0x00000000   Code   RO         2643    .ARM.Collect$$rtentry$$0000000C  c_w.l(rtentry2.o)
    0x080001f6   0x00000008   Code   RO         2644    .ARM.Collect$$rtentry$$0000000D  c_w.l(rtentry2.o)
    0x080001fe   0x00000002   Code   RO         2669    .ARM.Collect$$rtexit$$00000000  c_w.l(rtexit.o)
    0x08000200   0x00000000   Code   RO         2715    .ARM.Collect$$rtexit$$00000002  c_w.l(rtexit2.o)
    0x08000200   0x00000004   Code   RO         2716    .ARM.Collect$$rtexit$$00000003  c_w.l(rtexit2.o)
    0x08000204   0x00000006   Code   RO         2717    .ARM.Collect$$rtexit$$00000004  c_w.l(rtexit2.o)
    0x0800020a   0x00000002   PAD
    0x0800020c   0x0000000c   Code   RO         2528    .emb_text           rsa.o
    0x08000218   0x00000184   Code   RO            3    .text               main.o
    0x0800039c   0x00000214   Code   RO          218    .text               stm32f10x_it.o
    0x080005b0   0x00000e90   Code   RO          257    .text               vectortable.o
    0x08001440   0x000000e4   Code   RO          344    .text               misc.o
    0x08001524   0x0000044e   Code   RO          364    .text               stm32f10x_adc.o
    0x08001972   0x00000002   PAD
    0x08001974   0x000000c4   Code   RO          384    .text               stm32f10x_bkp.o
    0x08001a38   0x0000011c   Code   RO          524    .text               stm32f10x_exti.o
    0x08001b54   0x000005bc   Code   RO          544    .text               stm32f10x_flash.o
    0x08002110   0x0000035c   Code   RO          584    .text               stm32f10x_gpio.o
    0x0800246c   0x00000040   Code   RO          624    .text               stm32f10x_iwdg.o
    0x080024ac   0x000000cc   Code   RO          644    .text               stm32f10x_pwr.o
    0x08002578   0x000003a4   Code   RO          664    .text               stm32f10x_rcc.o
    0x0800291c   0x00000164   Code   RO          686    .text               stm32f10x_rtc.o
    0x08002a80   0x0000030c   Code   RO          726    .text               stm32f10x_spi.o
    0x08002d8c   0x00000e1a   Code   RO          746    .text               stm32f10x_tim.o
    0x08003ba6   0x00000002   PAD
    0x08003ba8   0x00000408   Code   RO          766    .text               stm32f10x_usart.o
    0x08003fb0   0x000001e4   Code   RO          816    .text               system_stm32f10x.o
    0x08004194   0x00000040   Code   RO          843    .text               startup_stm32f10x_hd.o
    0x080041d4   0x00000ae8   Code   RO          849    .text               mscard_pa1100.o
    0x08004cbc   0x00000ff4   Code   RO          876    .text               bluetooth.o
    0x08005cb0   0x000000b0   Code   RO          903    .text               systick_delay.o
    0x08005d60   0x00000080   Code   RO          928    .text               buzzer.o
    0x08005de0   0x00000a84   Code   RO          952    .text               roc_littletool.o
    0x08006864   0x00000a00   Code   RO          972    .text               roc_personalfont.o
    0x08007264   0x0000011c   Code   RO         1011    .text               z8d256.o
    0x08007380   0x000011ac   Code   RO         1038    .text               sercrity.o
    0x0800852c   0x00000128   Code   RO         1069    .text               irom.o
    0x08008654   0x00001380   Code   RO         1095    .text               hal_7816.o
    0x080099d4   0x00000f4c   Code   RO         1125    .text               app_pboc.o
    0x0800a920   0x000077ec   Code   RO         1175    .text               mid_pboc.o
    0x0801210c   0x000000d8   Code   RO         1204    .text               pboc_var.o
    0x080121e4   0x00000714   Code   RO         1227    .text               display.o
    0x080128f8   0x0000038c   Code   RO         1255    .text               fontfonction.o
    0x08012c84   0x00000810   Code   RO         1282    .text               msd.o
    0x08013494   0x000003e8   Code   RO         1320    .text               lcd_gui.o
    0x0801387c   0x000003e0   Code   RO         1347    .text               key.o
    0x08013c5c   0x000001c8   Code   RO         1377    .text               an_adc.o
    0x08013e24   0x000028d8   Code   RO         1403    .text               up_mpos_cmd.o
    0x080166fc   0x0000014c   Code   RO         1440    .text               pwercheck.o
    0x08016848   0x0000039c   Code   RO         1466    .text               rtc.o
    0x08016be4   0x00000b50   Code   RO         1493    .text               usb_core.o
    0x08017734   0x0000003c   Code   RO         1549    .text               usb_init.o
    0x08017770   0x0000033c   Code   RO         1580    .text               usb_int.o
    0x08017aac   0x0000005c   Code   RO         1612    .text               usb_mem.o
    0x08017b08   0x00000808   Code   RO         1632    .text               usb_regs.o
    0x08018310   0x00000080   Code   RO         1652    .text               usb_sil.o
    0x08018390   0x000000e4   Code   RO         1672    .text               hw_config.o
    0x08018474   0x00000044   Code   RO         1727    .text               usb_endp.o
    0x080184b8   0x000000f8   Code   RO         1754    .text               usb_istr.o
    0x080185b0   0x0000023c   Code   RO         1783    .text               usb_prop.o
    0x080187ec   0x00000148   Code   RO         1814    .text               usb_pwr.o
    0x08018934   0x00000174   Code   RO         1840    .text               usbhid.o
    0x08018aa8   0x000002e8   Code   RO         1887    .text               uart_simulation.o
    0x08018d90   0x000001b4   Code   RO         1912    .text               phbalreg.o
    0x08018f44   0x000000b2   Code   RO         1945    .text               phbalreg_stub.o
    0x08018ff6   0x00000274   Code   RO         1984    .text               phhalhw.o
    0x0801926a   0x00000002   PAD
    0x0801926c   0x00001544   Code   RO         1999    .text               phhalhw_rc523.o
    0x0801a7b0   0x000008fc   Code   RO         2019    .text               phhalhw_rc523_cmd.o
    0x0801b0ac   0x00000ba8   Code   RO         2031    .text               phhalhw_rc523_int.o
    0x0801bc54   0x00000118   Code   RO         2043    .text               phhalhw_rc523_wait.o
    0x0801bd6c   0x000001dc   Code   RO         2073    .text               phpali14443p3a.o
    0x0801bf48   0x00000704   Code   RO         2091    .text               phpali14443p3a_sw.o
    0x0801c64c   0x00000388   Code   RO         2106    .text               phpali14443p3b.o
    0x0801c9d4   0x000009a8   Code   RO         2124    .text               phpali14443p3b_sw.o
    0x0801d37c   0x000001ac   Code   RO         2139    .text               phpali14443p4.o
    0x0801d528   0x00000d9c   Code   RO         2157    .text               phpali14443p4_sw.o
    0x0801e2c4   0x00000118   Code   RO         2174    .text               phpali14443p4a.o
    0x0801e3dc   0x00000522   Code   RO         2192    .text               phpali14443p4a_sw.o
    0x0801e8fe   0x00000002   PAD
    0x0801e900   0x000000b8   Code   RO         2254    .text               regctl_spihw.o
    0x0801e9b8   0x00000848   Code   RO         2339    .text               nfc_main.o
    0x0801f200   0x00000158   Code   RO         2458    .text               rc523.o
    0x0801f358   0x00000ba8   Code   RO         2479    .text               app_qpboc_pay.o
    0x0801ff00   0x00000a6c   Code   RO         2504    .text               offline.o
    0x0802096c   0x00000b16   Code   RO         2529    .text               rsa.o
    0x08021482   0x00000002   PAD
    0x08021484   0x000007f4   Code   RO         2554    .text               ic_interface.o
    0x08021c78   0x00000024   Code   RO         2575    .text               c_w.l(strstr.o)
    0x08021c9c   0x00000058   Code   RO         2577    .text               c_w.l(memcmp.o)
    0x08021cf4   0x0000003e   Code   RO         2579    .text               c_w.l(strlen.o)
    0x08021d32   0x0000008a   Code   RO         2581    .text               c_w.l(rt_memcpy_v6.o)
    0x08021dbc   0x00000064   Code   RO         2583    .text               c_w.l(rt_memcpy_w.o)
    0x08021e20   0x00000010   Code   RO         2585    .text               c_w.l(aeabi_memset.o)
    0x08021e30   0x00000044   Code   RO         2587    .text               c_w.l(rt_memclr.o)
    0x08021e74   0x0000004e   Code   RO         2589    .text               c_w.l(rt_memclr_w.o)
    0x08021ec2   0x00000006   Code   RO         2591    .text               c_w.l(heapauxi.o)
    0x08021ec8   0x0000004a   Code   RO         2656    .text               c_w.l(sys_stackheap_outer.o)
    0x08021f12   0x0000000c   Code   RO         2658    .text               c_w.l(exit.o)
    0x08021f1e   0x00000002   PAD
    0x08021f20   0x00000008   Code   RO         2666    .text               c_w.l(libspace.o)
    0x08021f28   0x0000000c   Code   RO         2725    .text               c_w.l(sys_exit.o)
    0x08021f34   0x00000002   Code   RO         2736    .text               c_w.l(use_no_semi.o)
    0x08021f36   0x00000000   Code   RO         2738    .text               c_w.l(indicate_semi.o)
    0x08021f36   0x00000018   Code   RO         2652    x$fpl$dcmpinf       fz_ws.l(dcmpi.o)
    0x08021f4e   0x00000002   PAD
    0x08021f50   0x00000078   Code   RO         2626    x$fpl$dleqf         fz_ws.l(dleqf.o)
    0x08021fc8   0x0000009c   Code   RO         2654    x$fpl$dnaninf       fz_ws.l(dnaninf.o)
    0x08022064   0x0000000c   Code   RO         2628    x$fpl$dretinf       fz_ws.l(dretinf.o)
    0x08022070   0x0000006c   Code   RO         2595    x$fpl$drleqf        fz_ws.l(drleqf.o)
    0x080220dc   0x00000056   Code   RO         2597    x$fpl$f2d           fz_ws.l(f2d.o)
    0x08022132   0x00000002   PAD
    0x08022134   0x000000c4   Code   RO         2599    x$fpl$fadd          fz_ws.l(faddsub_clz.o)
    0x080221f8   0x00000018   Code   RO         2630    x$fpl$fcmpinf       fz_ws.l(fcmpi.o)
    0x08022210   0x00000184   Code   RO         2606    x$fpl$fdiv          fz_ws.l(fdiv.o)
    0x08022394   0x0000003e   Code   RO         2609    x$fpl$ffixu         fz_ws.l(ffixu.o)
    0x080223d2   0x00000002   PAD
    0x080223d4   0x00000026   Code   RO         2613    x$fpl$ffltu         fz_ws.l(fflt_clz.o)
    0x080223fa   0x00000002   PAD
    0x080223fc   0x00000068   Code   RO         2619    x$fpl$fleqf         fz_ws.l(fleqf.o)
    0x08022464   0x00000102   Code   RO         2621    x$fpl$fmul          fz_ws.l(fmul.o)
    0x08022566   0x0000008c   Code   RO         2632    x$fpl$fnaninf       fz_ws.l(fnaninf.o)
    0x080225f2   0x0000000a   Code   RO         2634    x$fpl$fretinf       fz_ws.l(fretinf.o)
    0x080225fc   0x00000062   Code   RO         2623    x$fpl$frleqf        fz_ws.l(frleqf.o)
    0x0802265e   0x00000014   Code   RO         2600    x$fpl$frsb          fz_ws.l(faddsub_clz.o)
    0x08022672   0x00000002   PAD
    0x08022674   0x000000ea   Code   RO         2601    x$fpl$fsub          fz_ws.l(faddsub_clz.o)
    0x0802275e   0x00000000   Code   RO         2636    x$fpl$usenofp       fz_ws.l(usenofp.o)
    0x0802275e   0x00000002   PAD
    0x08022760   0x00000010   Data   RO          258    .constdata          vectortable.o
    0x08022770   0x00000200   Data   RO          953    .constdata          roc_littletool.o
    0x08022970   0x00001096   Data   RO          973    .constdata          roc_personalfont.o
    0x08023a06   0x00000781   Data   RO         1176    .constdata          mid_pboc.o
    0x08024187   0x00002957   Data   RO         1305    .constdata          ascii.o
    0x08026ade   0x0000000f   Data   RO         1348    .constdata          key.o
    0x08026aed   0x00000003   PAD
    0x08026af0   0x000000d0   Data   RO         1405    .constdata          up_mpos_cmd.o
    0x08026bc0   0x00000018   Data   RO         1467    .constdata          rtc.o
    0x08026bd8   0x0000008c   Data   RO         1706    .constdata          usb_desc.o
    0x08026c64   0x000000c0   Data   RO         2000    .constdata          phhalhw_rc523.o
    0x08026d24   0x00000012   Data   RO         2158    .constdata          phpali14443p4_sw.o
    0x08026d36   0x000000b0   Data   RO         2506    .constdata          offline.o
    0x08026de6   0x00000002   PAD
    0x08026de8   0x00000025   Data   RO         2555    .constdata          ic_interface.o
    0x08026e0d   0x00000003   PAD
    0x08026e10   0x00000020   Data   RO         2790    Region$$Table       anon$$obj.o


    Execution Region RW_IRAM1 (Base: 0x20000000, Size: 0x00007ad0, Max: 0x0000c000, ABSOLUTE, COMPRESSED[0x000003f8])

    Base Addr    Size         Type   Attr      Idx    E Section Name        Object

    0x20000000   0x00000027   Data   RW          259    .data               vectortable.o
    0x20000027   0x00000001   Data   RW          315    .data               tamper.o
    0x20000028   0x00000014   Data   RW          665    .data               stm32f10x_rcc.o
    0x2000003c   0x00000014   Data   RW          817    .data               system_stm32f10x.o
    0x20000050   0x0000000d   Data   RW          851    .data               mscard_pa1100.o
    0x2000005d   0x00000003   PAD
    0x20000060   0x00000010   Data   RW          878    .data               bluetooth.o
    0x20000070   0x00000004   Data   RW          904    .data               systick_delay.o
    0x20000074   0x00000001   Data   RW         1013    .data               z8d256.o
    0x20000075   0x00000001   PAD
    0x20000076   0x00000012   Data   RW         1040    .data               sercrity.o
    0x20000088   0x0000004c   Data   RW         1097    .data               hal_7816.o
    0x200000d4   0x0000033d   Data   RW         1126    .data               app_pboc.o
    0x20000411   0x00000127   Data   RW         1177    .data               mid_pboc.o
    0x20000538   0x0000011f   Data   RW         1207    .data               pboc_var.o
    0x20000657   0x00000010   Data   RW         1284    .data               msd.o
    0x20000667   0x00000001   Data   RW         1378    .data               an_adc.o
    0x20000668   0x00000070   Data   RW         1406    .data               up_mpos_cmd.o
    0x200006d8   0x00000001   Data   RW         1441    .data               pwercheck.o
    0x200006d9   0x00000001   PAD
    0x200006da   0x0000000a   Data   RW         1468    .data               rtc.o
    0x200006e4   0x00000003   Data   RW         1494    .data               usb_core.o
    0x200006e7   0x00000001   PAD
    0x200006e8   0x00000014   Data   RW         1551    .data               usb_init.o
    0x200006fc   0x00000004   Data   RW         1581    .data               usb_int.o
    0x20000700   0x0000001a   Data   RW         1707    .data               usb_desc.o
    0x2000071a   0x00000002   Data   RW         1729    .data               usb_endp.o
    0x2000071c   0x0000003c   Data   RW         1755    .data               usb_istr.o
    0x20000758   0x0000009c   Data   RW         1784    .data               usb_prop.o
    0x200007f4   0x00000007   Data   RW         1815    .data               usb_pwr.o
    0x200007fb   0x00000001   PAD
    0x200007fc   0x00000005   Data   RW         1889    .data               uart_simulation.o
    0x20000801   0x00000003   PAD
    0x20000804   0x00000018   Data   RW         2341    .data               nfc_main.o
    0x2000081c   0x0000000e   Data   RW         2481    .data               app_qpboc_pay.o
    0x2000082a   0x00000002   PAD
    0x2000082c   0x0000002d   Data   RW         2507    .data               offline.o
    0x20000859   0x00000003   PAD
    0x2000085c   0x0000000d   Data   RW         2556    .data               ic_interface.o
    0x20000869   0x00000003   PAD
    0x2000086c   0x000001c5   Zero   RW          850    .bss                mscard_pa1100.o
    0x20000a31   0x00000003   PAD
    0x20000a34   0x0000120c   Zero   RW          877    .bss                bluetooth.o
    0x20001c40   0x00000128   Zero   RW         1039    .bss                sercrity.o
    0x20001d68   0x00000800   Zero   RW         1070    .bss                irom.o
    0x20002568   0x00000530   Zero   RW         1096    .bss                hal_7816.o
    0x20002a98   0x00001992   Zero   RW         1205    .bss                pboc_var.o
    0x2000442a   0x00000010   Zero   RW         1283    .bss                msd.o
    0x2000443a   0x00000400   Zero   RW         1321    .bss                lcd_gui.o
    0x2000483a   0x00000002   PAD
    0x2000483c   0x00000952   Zero   RW         1404    .bss                up_mpos_cmd.o
    0x2000518e   0x00000002   PAD
    0x20005190   0x0000001c   Zero   RW         1550    .bss                usb_init.o
    0x200051ac   0x000000c0   Zero   RW         1728    .bss                usb_endp.o
    0x2000526c   0x00000080   Zero   RW         1888    .bss                uart_simulation.o
    0x200052ec   0x000001ea   Zero   RW         2340    .bss                nfc_main.o
    0x200054d6   0x000000f8   Zero   RW         2480    .bss                app_qpboc_pay.o
    0x200055ce   0x00000002   PAD
    0x200055d0   0x0000049c   Zero   RW         2505    .bss                offline.o
    0x20005a6c   0x00000060   Zero   RW         2667    .bss                c_w.l(libspace.o)
    0x20005acc   0x00000004   PAD
    0x20005ad0   0x00001000   Zero   RW          841    HEAP                startup_stm32f10x_hd.o
    0x20006ad0   0x00001000   Zero   RW          840    STACK               startup_stm32f10x_hd.o


==============================================================================

Image component sizes


      Code (inc. data)   RO Data    RW Data    ZI Data      Debug   Object Name

       456         12          0          1          0       1840   an_adc.o
      3916        742          0        829          0       5824   app_pboc.o
      2984        256          0         14        248       6241   app_qpboc_pay.o
         0          0      10583          0          0       1460   ascii.o
      4084        234          0         16       4620      13846   bluetooth.o
       128          8          0          0          0        826   buzzer.o
      1812         30          0          0          0       7776   display.o
       908         20          0          0          0       3433   fontfonction.o
      4992        174          0         76       1328      18437   hal_7816.o
       228         12          0          0          0       2227   hw_config.o
      2036         28         37         13          0       7197   ic_interface.o
       296         10          0          0       2048       2313   irom.o
       992         62         15          0          0       3759   key.o
      1000         10          0          0       1024       5984   lcd_gui.o
       388         26          0          0          0     306020   main.o
     30700       1196       1921        295          0      38480   mid_pboc.o
       228         20          0          0          0       1946   misc.o
      2792         98          0         13        453       8719   mscard_pa1100.o
      2064         38          0         16         16       8694   msd.o
      2120        130          0         24        490      19226   nfc_main.o
      2668        212        176         45       1180      14452   offline.o
       216         78          0        287       6546       9465   pboc_var.o
       436          0          0          0          0       4341   phbalreg.o
       178          0          0          0          0       3059   phbalreg_stub.o
         0          0          0          0          0       4824   phcidmanager.o
       628          0          0          0          0       4890   phhalhw.o
      5444         84        192          0          0      11389   phhalhw_rc523.o
      2300          0          0          0          0       6542   phhalhw_rc523_cmd.o
      2984         38          0          0          0       7871   phhalhw_rc523_int.o
       280          0          0          0          0       1336   phhalhw_rc523_wait.o
       476          0          0          0          0       4612   phpali14443p3a.o
      1796          0          0          0          0       6128   phpali14443p3a_sw.o
       904          0          0          0          0       7995   phpali14443p3b.o
      2472          0          0          0          0      10417   phpali14443p3b_sw.o
       428          0          0          0          0       4510   phpali14443p4.o
      3484         22         18          0          0      12078   phpali14443p4_sw.o
       280          0          0          0          0       3210   phpali14443p4a.o
      1314          0          0          0          0       4485   phpali14443p4a_sw.o
       332         10          0          1          0       2449   pwercheck.o
       344         14          0          0          0       1367   rc523.o
       184          6          0          0          0       2074   regctl_spihw.o
      2692         10        512          0          0      11462   roc_littletool.o
      2560        634       4246          0          0       7827   roc_personalfont.o
      2850          0          0          0          0      12197   rsa.o
       924         40         24         10          0       3659   rtc.o
      4524         48          0         18        296      17528   sercrity.o
        64         26        304          0       8192        848   startup_stm32f10x_hd.o
      1102         26          0          0          0      10813   stm32f10x_adc.o
       196          8          0          0          0       3440   stm32f10x_bkp.o
       284         10          0          0          0       2211   stm32f10x_exti.o
      1468         34          0          0          0       8006   stm32f10x_flash.o
       860         38          0          0          0       5617   stm32f10x_gpio.o
       532         74          0          0          0       2697   stm32f10x_it.o
        64          6          0          0          0       1249   stm32f10x_iwdg.o
       204         14          0          0          0       1899   stm32f10x_pwr.o
       932         36          0         20          0       8764   stm32f10x_rcc.o
       356          4          0          0          0       2734   stm32f10x_rtc.o
       780         14          0          0          0       6506   stm32f10x_spi.o
      3610         88          0          0          0      22108   stm32f10x_tim.o
      1032         22          0          0          0       8348   stm32f10x_usart.o
       484         38          0         20          0       1711   system_stm32f10x.o
       176          8          0          4          0        959   systick_delay.o
         0          0          0          1          0        212   tamper.o
       744         32          0          5        128       3589   uart_simulation.o
     10456        422        208        112       2386      28467   up_mpos_cmd.o
      2896        114          0          3          0      19815   usb_core.o
         0          0        140         26          0        992   usb_desc.o
        68         14          0          2        192       1487   usb_endp.o
        60         24          0         20         28       3990   usb_init.o
       828         34          0          4          0       1831   usb_int.o
       248         26          0         60          0       1212   usb_istr.o
        92          6          0          0          0       1342   usb_mem.o
       572         44          0        156          0       7435   usb_prop.o
       328         22          0          7          0       2461   usb_pwr.o
      2056         20          0          0          0      11653   usb_regs.o
       128          8          0          0          0       1370   usb_sil.o
       372         28          0          0          0       1214   usbhid.o
      3728        446         16         39          0     243550   vectortable.o
       284          8          0          1          0       2806   z8d256.o

    ----------------------------------------------------------------------
    137836       5996      18432       2156      29184    1065751   Object Totals
         0          0         32          0          0          0   (incl. Generated)
        10          0          8         18          9          0   (incl. Padding)

    ----------------------------------------------------------------------

      Code (inc. data)   RO Data    RW Data    ZI Data      Debug   Library Member Name

        90          0          0          0          0          0   __dczerorl2.o
         8          0          0          0          0         68   __main.o
        52          8          0          0          0          0   __scatter.o
        28          0          0          0          0          0   __scatter_zi.o
        16          0          0          0          0         68   aeabi_memset.o
        12          0          0          0          0         72   exit.o
         6          0          0          0          0        152   heapauxi.o
         0          0          0          0          0          0   indicate_semi.o
         2          0          0          0          0          0   libinit.o
         2          0          0          0          0          0   libinit2.o
         2          0          0          0          0          0   libshutdown.o
         2          0          0          0          0          0   libshutdown2.o
         8          4          0          0         96         68   libspace.o
        88          0          0          0          0         76   memcmp.o
        68          0          0          0          0         68   rt_memclr.o
        78          0          0          0          0         80   rt_memclr_w.o
       138          0          0          0          0         68   rt_memcpy_v6.o
       100          0          0          0          0         80   rt_memcpy_w.o
         0          0          0          0          0          0   rtentry.o
        12          0          0          0          0          0   rtentry2.o
         6          0          0          0          0          0   rtentry4.o
         2          0          0          0          0          0   rtexit.o
        10          0          0          0          0          0   rtexit2.o
        62          0          0          0          0         76   strlen.o
        36          0          0          0          0         80   strstr.o
        12          4          0          0          0         68   sys_exit.o
        74          0          0          0          0         80   sys_stackheap_outer.o
         2          0          0          0          0         68   use_no_semi.o
        24          0          0          0          0         68   dcmpi.o
       120          4          0          0          0         92   dleqf.o
       156          4          0          0          0         92   dnaninf.o
        12          0          0          0          0         68   dretinf.o
       108          0          0          0          0         80   drleqf.o
        86          4          0          0          0         84   f2d.o
       450          8          0          0          0        236   faddsub_clz.o
        24          0          0          0          0         68   fcmpi.o
       388         76          0          0          0         96   fdiv.o
        62          4          0          0          0         84   ffixu.o
        38          0          0          0          0         68   fflt_clz.o
       104          4          0          0          0         84   fleqf.o
       258          4          0          0          0         84   fmul.o
       140          4          0          0          0         84   fnaninf.o
        10          0          0          0          0         68   fretinf.o
        98          0          0          0          0         68   frleqf.o
         0          0          0          0          0          0   usenofp.o

    ----------------------------------------------------------------------
      3012        128          0          0        100       2596   Library Totals
        18          0          0          0          4          0   (incl. Padding)

    ----------------------------------------------------------------------

      Code (inc. data)   RO Data    RW Data    ZI Data      Debug   Library Name

       916         16          0          0         96       1172   c_w.l
      2078        112          0          0          0       1424   fz_ws.l

    ----------------------------------------------------------------------
      3012        128          0          0        100       2596   Library Totals

    ----------------------------------------------------------------------

==============================================================================


      Code (inc. data)   RO Data    RW Data    ZI Data      Debug   

    140848       6124      18432       2156      29284    1059763   Grand Totals
    140848       6124      18432       1016      29284    1059763   ELF Image Totals (compressed)
    140848       6124      18432       1016          0          0   ROM Totals

==============================================================================

    Total RO  Size (Code + RO Data)               159280 ( 155.55kB)
    Total RW  Size (RW Data + ZI Data)             31440 (  30.70kB)
    Total ROM Size (Code + RO Data + RW Data)     160296 ( 156.54kB)

==============================================================================

